******************************************************************************
                  MSP430 Linker PC v21.6.0                     
******************************************************************************
>> Linked Tue Feb  7 14:00:09 2023

OUTPUT FILE NAME:   <caja_fuerte.out>
ENTRY POINT SYMBOL: "_c_int00_noargs"  address: 0000e766


MEMORY CONFIGURATION

         name            origin    length      used     unused   attr    fill
----------------------  --------  ---------  --------  --------  ----  --------
  SFR                   00000000   00000010  00000000  00000010  RWIX
  PERIPHERALS_8BIT      00000010   000000f0  00000000  000000f0  RWIX
  PERIPHERALS_16BIT     00000100   00000100  00000000  00000100  RWIX
  RAM                   00000200   00000200  0000008a  00000176  RWIX
  INFOD                 00001000   00000040  00000000  00000040  RWIX
  INFOC                 00001040   00000040  00000000  00000040  RWIX
  INFOB                 00001080   00000040  00000000  00000040  RWIX
  INFOA                 000010c0   00000040  00000000  00000040  RWIX
  FLASH                 0000c000   00003fde  0000336e  00000c70  RWIX
  BSLSIGNATURE          0000ffde   00000002  00000002  00000000  RWIX  ffff 
  INT00                 0000ffe0   00000002  00000002  00000000  RWIX
  INT01                 0000ffe2   00000002  00000000  00000002  RWIX
  INT02                 0000ffe4   00000002  00000002  00000000  RWIX
  INT03                 0000ffe6   00000002  00000002  00000000  RWIX
  INT04                 0000ffe8   00000002  00000000  00000002  RWIX
  INT05                 0000ffea   00000002  00000002  00000000  RWIX
  INT06                 0000ffec   00000002  00000002  00000000  RWIX
  INT07                 0000ffee   00000002  00000002  00000000  RWIX
  INT08                 0000fff0   00000002  00000002  00000000  RWIX
  INT09                 0000fff2   00000002  00000002  00000000  RWIX
  INT10                 0000fff4   00000002  00000002  00000000  RWIX
  INT11                 0000fff6   00000002  00000002  00000000  RWIX
  INT12                 0000fff8   00000002  00000002  00000000  RWIX
  INT13                 0000fffa   00000002  00000002  00000000  RWIX
  INT14                 0000fffc   00000002  00000002  00000000  RWIX
  RESET                 0000fffe   00000002  00000002  00000000  RWIX


SECTION ALLOCATION MAP

 output                                  attributes/
section   page    origin      length       input sections
--------  ----  ----------  ----------   ----------------
.bss       0    00000200    0000002a     UNINITIALIZED
                  00000200    00000018     (.common:g_sContext)
                  00000218    00000002     (.common:Lcd_ScreenHeigth)
                  0000021a    00000002     (.common:Lcd_ScreenWidth)
                  0000021c    00000002     (.common:Lcd_TouchTrim)
                  0000021e    00000002     (.common:ejey)
                  00000220    00000002     (.common:x)
                  00000222    00000002     (.common:x_borra)
                  00000224    00000002     (.common:y)
                  00000226    00000001     (.common:Lcd_FlagRead)
                  00000227    00000001     (.common:Lcd_FontSolid)
                  00000228    00000001     (.common:Lcd_Orientation)
                  00000229    00000001     (.common:Lcd_PenSolid)

.data      0    0000022a    00000010     UNINITIALIZED
                  0000022a    00000010     proyecto_dani.obj (.data)

.stack     0    000003b0    00000050     UNINITIALIZED
                  000003b0    00000002     rts430_eabi.lib : boot.c.obj (.stack)
                  000003b2    0000004e     --HOLE--

.text      0    0000c000    0000293e     
                  0000c000    00000b72     proyecto_dani.obj (.text:main)
                  0000cb72    000007ba     grlib_MKII.lib : string.obj (.text:Graphics_drawString)
                  0000d32c    000003be                    : circle.obj (.text:Graphics_fillCircle)
                  0000d6ea    00000132     Crystalfontz128x128_ST7735.obj (.text:Crystalfontz128x128_Init)
                  0000d81c    00000116     rts430_eabi.lib : _printfi.c.obj (.text:__TI_printfi_minimal:_setfield___TI_printfi_minimal)
                  0000d932    00000114     Crystalfontz128x128_ST7735.obj (.text:Crystalfontz128x128_PixelDrawMultiple)
                  0000da46    00000106     grlib_MKII.lib : rectangle.obj (.text:Graphics_drawRectangle)
                  0000db4c    000000ec     rts430_eabi.lib : _printfi.c.obj (.text:__TI_printfi_minimal:__TI_printfi_minimal)
                  0000dc38    000000de     grlib_MKII.lib : line.obj (.text:Graphics_drawLineH)
                  0000dd16    000000d8                    : line.obj (.text:Graphics_drawLineV)
                  0000ddee    000000ca     rts430_eabi.lib : _printfi.c.obj (.text:__TI_printfi_minimal:_pproc_diouxp___TI_printfi_minimal)
                  0000deb8    000000ba     proyecto_dani.obj (.text:Boton_BP)
                  0000df72    000000aa     grlib_MKII.lib : rectangle.obj (.text:Graphics_fillRectangle)
                  0000e01c    000000a2     proyecto_dani.obj (.text:Set_Clk)
                  0000e0be    000000a0     Crystalfontz128x128_ST7735.obj (.text:Crystalfontz128x128_SetDrawFrame)
                  0000e15e    00000088     proyecto_dani.obj (.text:TIMER0_A0_ISR_HOOK)
                  0000e1e6    0000007c     rts430_eabi.lib : copy_decompress_lzss.c.obj (.text:decompress:lzss:__TI_decompress_lzss)
                  0000e262    00000064     Crystalfontz128x128_ST7735.obj (.text:Crystalfontz128x128_RectFill)
                  0000e2c6    0000005c     rts430_eabi.lib : lsr32.asm.obj (.text:l_lsr_const)
                  0000e322    00000056     uart_stdio.obj (.text:UARTinit)
                  0000e378    00000052     grlib_MKII.lib : string.obj (.text:Graphics_getNumberOfLeadingZeros)
                  0000e3ca    0000004c     rts430_eabi.lib : lsr16.asm.obj (.text)
                  0000e416    00000048     Crystalfontz128x128_ST7735.obj (.text:Crystalfontz128x128_LineDrawV)
                  0000e45e    00000046     Crystalfontz128x128_ST7735.obj (.text:Crystalfontz128x128_ColorTranslate)
                  0000e4a4    00000046     Crystalfontz128x128_ST7735.obj (.text:Crystalfontz128x128_LineDrawH)
                  0000e4ea    00000042     rts430_eabi.lib : autoinit.c.obj (.text:__TI_auto_init_nobinit_nopinit:__TI_auto_init_nobinit_nopinit)
                  0000e52c    00000040     grlib_MKII.lib : context.obj (.text:Graphics_initContext)
                  0000e56c    00000040     HAL_MSP430G2_Crystalfontz128x128_ST7735.obj (.text:HAL_LCD_SpiInit)
                  0000e5ac    0000003a     Crystalfontz128x128_ST7735.obj (.text:Crystalfontz128x128_SetOrientation)
                  0000e5e6    00000038     rts430_eabi.lib : sprintf.c.obj (.text:sprintf)
                  0000e61e    0000002e     Crystalfontz128x128_ST7735.obj (.text:Crystalfontz128x128_ClearScreen)
                  0000e64c    0000002e     Crystalfontz128x128_ST7735.obj (.text:Crystalfontz128x128_PixelDraw)
                  0000e67a    0000002c     HAL_MSP430G2_Crystalfontz128x128_ST7735.obj (.text:HAL_LCD_PortInit)
                  0000e6a6    0000002c     rts430_eabi.lib : asr16.asm.obj (.text)
                  0000e6d2    0000002c                     : lsl16.asm.obj (.text)
                  0000e6fe    00000026     proyecto_dani.obj (.text:lee_ch)
                  0000e724    00000022     rts430_eabi.lib : memccpy.c.obj (.text:memccpy)
                  0000e746    00000020     HAL_MSP430G2_Crystalfontz128x128_ST7735.obj (.text:HAL_LCD_writeCommand)
                  0000e766    0000001c     rts430_eabi.lib : boot.c.obj (.text:_c_int00_noargs)
                  0000e782    0000001a                     : sprintf.c.obj (.text:_outs)
                  0000e79c    00000018     grlib_MKII.lib : display.obj (.text:Graphics_drawHorizontalLineOnDisplay)
                  0000e7b4    00000018                    : display.obj (.text:Graphics_drawVerticalLineOnDisplay)
                  0000e7cc    00000018                    : context.obj (.text:Graphics_setBackgroundColor)
                  0000e7e4    00000018                    : context.obj (.text:Graphics_setForegroundColor)
                  0000e7fc    00000018     HAL_MSP430G2_Crystalfontz128x128_ST7735.obj (.text:HAL_LCD_writeData)
                  0000e814    00000018     proyecto_dani.obj (.text:inicia_ADC)
                  0000e82c    00000016     rts430_eabi.lib : div16u.asm.obj (.text)
                  0000e842    00000014                     : copy_zero_init.c.obj (.text:decompress:ZI:__TI_zero_init_nomemset:__TI_zero_init_nomemset)
                  0000e856    00000014                     : memset.c.obj (.text:memset)
                  0000e86a    00000014                     : mult16.asm.obj (.text)
                  0000e87e    00000012                     : sprintf.c.obj (.text:_outc)
                  0000e890    00000012                     : copy_decompress_none.c.obj (.text:decompress:none:__TI_decompress_none)
                  0000e8a2    00000012                     : memcpy.c.obj (.text:memcpy)
                  0000e8b4    00000010     grlib_MKII.lib : context.obj (.text:Graphics_clearDisplay)
                  0000e8c4    00000010     rts430_eabi.lib : epilog.asm.obj (.text)
                  0000e8d4    0000000e                     : strlen.c.obj (.text:strlen)
                  0000e8e2    0000000c     grlib_MKII.lib : display.obj (.text:Graphics_clearDisplayOnDisplay)
                  0000e8ee    0000000c                    : display.obj (.text:Graphics_drawPixelOnDisplay)
                  0000e8fa    0000000c                    : display.obj (.text:Graphics_fillRectangleOnDisplay)
                  0000e906    0000000c                    : display.obj (.text:Graphics_translateColorOnDisplay)
                  0000e912    00000008     proyecto_dani.obj (.text:ConvertidorAD)
                  0000e91a    00000008     proyecto_dani.obj (.text:TIMER1_300ms)
                  0000e922    00000008     rts430_eabi.lib : isr_trap.asm.obj (.text:_isr:__TI_ISR_TRAP)
                  0000e92a    00000006     grlib_MKII.lib : context.obj (.text:Graphics_setFont)
                  0000e930    00000006     rts430_eabi.lib : exit.c.obj (.text:abort)
                  0000e936    00000004                     : pre_init.c.obj (.text:_system_pre_init)
                  0000e93a    00000002     Crystalfontz128x128_ST7735.obj (.text:Crystalfontz128x128_Flush)
                  0000e93c    00000002     rts430_eabi.lib : startup.c.obj (.text:_system_post_cinit)

.const     0    0000e93e    00000a12     
                  0000e93e    00000755     grlib_MKII.lib : fontcm16b.obj (.const:.string:g_pucCm16bData)
                  0000f093    00000001     --HOLE-- [fill = 0]
                  0000f094    000000c6                    : fontcm16b.obj (.const)
                  0000f15a    000000ae     proyecto_dani.obj (.const:.string)
                  0000f208    00000026     rts430_eabi.lib : _printfi.c.obj (.const:.string)
                  0000f22e    0000001a     Crystalfontz128x128_ST7735.obj (.const:g_sCrystalfontz128x128)
                  0000f248    00000008     Crystalfontz128x128_ST7735.obj (.const:$P$T0$1)
                  0000f250    00000008     proyecto_dani.obj (.const:$P$T0$1)
                  0000f258    00000008     proyecto_dani.obj (.const:$P$T1$2)
                  0000f260    00000008     proyecto_dani.obj (.const:$P$T10$10)
                  0000f268    00000008     proyecto_dani.obj (.const:$P$T11$11)
                  0000f270    00000008     proyecto_dani.obj (.const:$P$T12$12)
                  0000f278    00000008     proyecto_dani.obj (.const:$P$T13$13)
                  0000f280    00000008     proyecto_dani.obj (.const:$P$T14$14)
                  0000f288    00000008     proyecto_dani.obj (.const:$P$T15$15)
                  0000f290    00000008     proyecto_dani.obj (.const:$P$T16$16)
                  0000f298    00000008     proyecto_dani.obj (.const:$P$T17$17)
                  0000f2a0    00000008     proyecto_dani.obj (.const:$P$T18$18)
                  0000f2a8    00000008     proyecto_dani.obj (.const:$P$T19$19)
                  0000f2b0    00000008     proyecto_dani.obj (.const:$P$T2$3)
                  0000f2b8    00000008     proyecto_dani.obj (.const:$P$T20$20)
                  0000f2c0    00000008     proyecto_dani.obj (.const:$P$T21$21)
                  0000f2c8    00000008     proyecto_dani.obj (.const:$P$T22$22)
                  0000f2d0    00000008     proyecto_dani.obj (.const:$P$T23$23)
                  0000f2d8    00000008     proyecto_dani.obj (.const:$P$T24$24)
                  0000f2e0    00000008     proyecto_dani.obj (.const:$P$T25$25)
                  0000f2e8    00000008     proyecto_dani.obj (.const:$P$T26$26)
                  0000f2f0    00000008     proyecto_dani.obj (.const:$P$T27$27)
                  0000f2f8    00000008     proyecto_dani.obj (.const:$P$T28$28)
                  0000f300    00000008     proyecto_dani.obj (.const:$P$T29$29)
                  0000f308    00000008     proyecto_dani.obj (.const:$P$T3$4)
                  0000f310    00000008     proyecto_dani.obj (.const:$P$T30$30)
                  0000f318    00000008     proyecto_dani.obj (.const:$P$T31$31)
                  0000f320    00000008     proyecto_dani.obj (.const:$P$T32$32)
                  0000f328    00000008     proyecto_dani.obj (.const:$P$T4$5)
                  0000f330    00000008     proyecto_dani.obj (.const:$P$T5$6)
                  0000f338    00000008     proyecto_dani.obj (.const:$P$T6$7)
                  0000f340    00000008     proyecto_dani.obj (.const:$P$T8$8)
                  0000f348    00000008     proyecto_dani.obj (.const:$P$T9$9)

.cinit     0    0000f350    0000001e     
                  0000f350    0000000c     (.cinit..data.load) [load image, compression = lzss]
                  0000f35c    00000006     (__TI_handler_table)
                  0000f362    00000004     (.cinit..bss.load) [load image, compression = zero_init]
                  0000f366    00000008     (__TI_cinit_table)

.binit     0    0000c000    00000000     

.init_array 
*          0    0000c000    00000000     UNINITIALIZED

TRAPINT    0    0000ffe0    00000002     
                  0000ffe0    00000002     rts430_eabi.lib : int00.asm.obj (.int00)

PORT1      0    0000ffe4    00000002     
                  0000ffe4    00000002     rts430_eabi.lib : int02.asm.obj (.int02)

PORT2      0    0000ffe6    00000002     
                  0000ffe6    00000002     rts430_eabi.lib : int03.asm.obj (.int03)

ADC10      0    0000ffea    00000002     
                  0000ffea    00000002     proyecto_dani.obj (.int05)

USCIAB0TX 
*          0    0000ffec    00000002     
                  0000ffec    00000002     rts430_eabi.lib : int06.asm.obj (.int06)

USCIAB0RX 
*          0    0000ffee    00000002     
                  0000ffee    00000002     rts430_eabi.lib : int07.asm.obj (.int07)

TIMER0_A1 
*          0    0000fff0    00000002     
                  0000fff0    00000002     rts430_eabi.lib : int08.asm.obj (.int08)

TIMER0_A0 
*          0    0000fff2    00000002     
                  0000fff2    00000002     proyecto_dani.obj (.int09)

WDT        0    0000fff4    00000002     
                  0000fff4    00000002     rts430_eabi.lib : int10.asm.obj (.int10)

COMPARATORA 
*          0    0000fff6    00000002     
                  0000fff6    00000002     rts430_eabi.lib : int11.asm.obj (.int11)

TIMER1_A1 
*          0    0000fff8    00000002     
                  0000fff8    00000002     rts430_eabi.lib : int12.asm.obj (.int12)

TIMER1_A0 
*          0    0000fffa    00000002     
                  0000fffa    00000002     proyecto_dani.obj (.int13)

NMI        0    0000fffc    00000002     
                  0000fffc    00000002     rts430_eabi.lib : int14.asm.obj (.int14)

.reset     0    0000fffe    00000002     
                  0000fffe    00000002     rts430_eabi.lib : boot.c.obj (.reset)

$fill000   0    0000ffde    00000002     
                  0000ffde    00000002     --HOLE-- [fill = ffff]

MODULE SUMMARY

       Module                                        code    ro data   rw data
       ------                                        ----    -------   -------
    .\
       proyecto_dani.obj                             3492    436       48     
       Crystalfontz128x128_ST7735.obj                1206    34        10     
       HAL_MSP430G2_Crystalfontz128x128_ST7735.obj   164     0         0      
       uart_stdio.obj                                86      0         0      
    +--+---------------------------------------------+-------+---------+---------+
       Total:                                        4948    470       58     
                                                                              
    ../grlib_MKII.lib
       fontcm16b.obj                                 0       2075      0      
       string.obj                                    2060    0         0      
       circle.obj                                    958     0         0      
       line.obj                                      438     0         0      
       rectangle.obj                                 432     0         0      
       context.obj                                   134     0         0      
       display.obj                                   96      0         0      
    +--+---------------------------------------------+-------+---------+---------+
       Total:                                        4118    2075      0      
                                                                              
    C:\ti\ccs1210\ccs\tools\compiler\ti-cgt-msp430_21.6.0.LTS\lib\rts430_eabi.lib
       _printfi.c.obj                                716     38        0      
       copy_decompress_lzss.c.obj                    124     0         0      
       sprintf.c.obj                                 100     0         0      
       lsr32.asm.obj                                 92      0         0      
       lsr16.asm.obj                                 76      0         0      
       autoinit.c.obj                                66      0         0      
       asr16.asm.obj                                 44      0         0      
       lsl16.asm.obj                                 44      0         0      
       memccpy.c.obj                                 34      0         0      
       boot.c.obj                                    28      2         0      
       div16u.asm.obj                                22      0         0      
       copy_zero_init.c.obj                          20      0         0      
       memset.c.obj                                  20      0         0      
       mult16.asm.obj                                20      0         0      
       copy_decompress_none.c.obj                    18      0         0      
       memcpy.c.obj                                  18      0         0      
       epilog.asm.obj                                16      0         0      
       strlen.c.obj                                  14      0         0      
       isr_trap.asm.obj                              8       0         0      
       exit.c.obj                                    6       0         0      
       pre_init.c.obj                                4       0         0      
       int00.asm.obj                                 0       2         0      
       int02.asm.obj                                 0       2         0      
       int03.asm.obj                                 0       2         0      
       int06.asm.obj                                 0       2         0      
       int07.asm.obj                                 0       2         0      
       int08.asm.obj                                 0       2         0      
       int10.asm.obj                                 0       2         0      
       int11.asm.obj                                 0       2         0      
       int12.asm.obj                                 0       2         0      
       int14.asm.obj                                 0       2         0      
       startup.c.obj                                 2       0         0      
    +--+---------------------------------------------+-------+---------+---------+
       Total:                                        1492    60        0      
                                                                              
       Stack:                                        0       0         80     
       Linker Generated:                             0       30        0      
    +--+---------------------------------------------+-------+---------+---------+
       Grand Total:                                  10558   2635      138    


LINKER GENERATED COPY TABLES

__TI_cinit_table @ 0000f366 records: 2, size/record: 4, table size: 8
	.data: load addr=0000f350, load size=0000000c bytes, run addr=0000022a, run size=00000010 bytes, compression=lzss
	.bss: load addr=0000f362, load size=00000004 bytes, run addr=00000200, run size=0000002a bytes, compression=zero_init


LINKER GENERATED HANDLER TABLE

__TI_handler_table @ 0000f35c records: 3, size/record: 2, table size: 6
	index: 0, handler: __TI_zero_init
	index: 1, handler: __TI_decompress_lzss
	index: 2, handler: __TI_decompress_none


GLOBAL SYMBOLS: SORTED ALPHABETICALLY BY Name 

address   name                                
-------   ----                                
0000004a  ADC10AE0                            
000001b0  ADC10CTL0                           
000001b2  ADC10CTL1                           
00000048  ADC10DTC0                           
00000049  ADC10DTC1                           
000001b4  ADC10MEM                            
000001bc  ADC10SA                             
00000057  BCSCTL1                             
00000058  BCSCTL2                             
00000053  BCSCTL3                             
0000deb8  Boton_BP                            
0000e930  C$$EXIT                             
00000059  CACTL1                              
0000005a  CACTL2                              
000010fb  CALBC1_12MHZ                        
000010f9  CALBC1_16MHZ                        
000010ff  CALBC1_1MHZ                         
000010fd  CALBC1_8MHZ                         
000010fa  CALDCO_12MHZ                        
000010f8  CALDCO_16MHZ                        
000010fe  CALDCO_1MHZ                         
000010fc  CALDCO_8MHZ                         
0000005b  CAPD                                
0000e912  ConvertidorAD                       
0000d6ea  Crystalfontz128x128_Init            
0000e0be  Crystalfontz128x128_SetDrawFrame    
0000e5ac  Crystalfontz128x128_SetOrientation  
00000056  DCOCTL                              
00000128  FCTL1                               
0000012a  FCTL2                               
0000012c  FCTL3                               
0000e8b4  Graphics_clearDisplay               
0000e8e2  Graphics_clearDisplayOnDisplay      
0000e79c  Graphics_drawHorizontalLineOnDisplay
0000dc38  Graphics_drawLineH                  
0000dd16  Graphics_drawLineV                  
0000e8ee  Graphics_drawPixelOnDisplay         
0000da46  Graphics_drawRectangle              
0000cb72  Graphics_drawString                 
0000e7b4  Graphics_drawVerticalLineOnDisplay  
0000d32c  Graphics_fillCircle                 
0000df72  Graphics_fillRectangle              
0000e8fa  Graphics_fillRectangleOnDisplay     
0000e52c  Graphics_initContext                
0000e7cc  Graphics_setBackgroundColor         
0000e92a  Graphics_setFont                    
0000e7e4  Graphics_setForegroundColor         
0000e906  Graphics_translateColorOnDisplay    
0000e67a  HAL_LCD_PortInit                    
0000e56c  HAL_LCD_SpiInit                     
0000e746  HAL_LCD_writeCommand                
0000e7fc  HAL_LCD_writeData                   
00000000  IE1                                 
00000001  IE2                                 
00000002  IFG1                                
00000003  IFG2                                
00000226  Lcd_FlagRead                        
00000227  Lcd_FontSolid                       
00000228  Lcd_Orientation                     
00000229  Lcd_PenSolid                        
00000218  Lcd_ScreenHeigth                    
0000021a  Lcd_ScreenWidth                     
0000021c  Lcd_TouchTrim                       
00000022  P1DIR                               
00000025  P1IE                                
00000024  P1IES                               
00000023  P1IFG                               
00000020  P1IN                                
00000021  P1OUT                               
00000027  P1REN                               
00000026  P1SEL                               
00000041  P1SEL2                              
0000002a  P2DIR                               
0000002d  P2IE                                
0000002c  P2IES                               
0000002b  P2IFG                               
00000028  P2IN                                
00000029  P2OUT                               
0000002f  P2REN                               
0000002e  P2SEL                               
00000042  P2SEL2                              
0000001a  P3DIR                               
00000018  P3IN                                
00000019  P3OUT                               
00000010  P3REN                               
0000001b  P3SEL                               
00000043  P3SEL2                              
0000e01c  Set_Clk                             
00000172  TA0CCR0                             
00000174  TA0CCR1                             
00000176  TA0CCR2                             
00000162  TA0CCTL0                            
00000164  TA0CCTL1                            
00000166  TA0CCTL2                            
00000160  TA0CTL                              
0000012e  TA0IV                               
00000170  TA0R                                
00000192  TA1CCR0                             
00000194  TA1CCR1                             
00000196  TA1CCR2                             
00000182  TA1CCTL0                            
00000184  TA1CCTL1                            
00000186  TA1CCTL2                            
00000180  TA1CTL                              
0000011e  TA1IV                               
00000190  TA1R                                
0000e15e  TIMER0_A0_ISR_HOOK                  
0000e91a  TIMER1_300ms                        
000010db  TLV_ADC10_1_LEN                     
000010da  TLV_ADC10_1_TAG                     
000010c0  TLV_CHECKSUM                        
000010f7  TLV_DCO_30_LEN                      
000010f6  TLV_DCO_30_TAG                      
0000e322  UARTinit                            
0000005d  UCA0ABCTL                           
00000062  UCA0BR0                             
00000063  UCA0BR1                             
00000060  UCA0CTL0                            
00000061  UCA0CTL1                            
0000005f  UCA0IRRCTL                          
0000005e  UCA0IRTCTL                          
00000064  UCA0MCTL                            
00000066  UCA0RXBUF                           
00000065  UCA0STAT                            
00000067  UCA0TXBUF                           
0000006a  UCB0BR0                             
0000006b  UCB0BR1                             
00000068  UCB0CTL0                            
00000069  UCB0CTL1                            
0000006c  UCB0I2CIE                           
00000118  UCB0I2COA                           
0000011a  UCB0I2CSA                           
0000006e  UCB0RXBUF                           
0000006d  UCB0STAT                            
0000006f  UCB0TXBUF                           
00000120  WDTCTL                              
00000400  __STACK_END                         
00000050  __STACK_SIZE                        
0000f366  __TI_CINIT_Base                     
0000f36e  __TI_CINIT_Limit                    
0000f36e  __TI_CINIT_Warm                     
0000f35c  __TI_Handler_Table_Base             
0000f362  __TI_Handler_Table_Limit            
0000e922  __TI_ISR_TRAP                       
0000e4ea  __TI_auto_init_nobinit_nopinit      
0000e1e6  __TI_decompress_lzss                
0000e890  __TI_decompress_none                
0000ffe0  __TI_int00                          
0000ffe4  __TI_int02                          
0000ffe6  __TI_int03                          
0000ffea  __TI_int05                          
0000ffec  __TI_int06                          
0000ffee  __TI_int07                          
0000fff0  __TI_int08                          
0000fff2  __TI_int09                          
0000fff4  __TI_int10                          
0000fff6  __TI_int11                          
0000fff8  __TI_int12                          
0000fffa  __TI_int13                          
0000fffc  __TI_int14                          
ffffffff  __TI_pprof_out_hndl                 
0000db4c  __TI_printfi_minimal                
ffffffff  __TI_prof_data_size                 
ffffffff  __TI_prof_data_start                
0000e842  __TI_zero_init_nomemset             
ffffffff  __c_args__                          
0000e82c  __mspabi_divu                       
0000e8d0  __mspabi_func_epilog_1              
0000e8ce  __mspabi_func_epilog_2              
0000e8cc  __mspabi_func_epilog_3              
0000e8ca  __mspabi_func_epilog_4              
0000e8c8  __mspabi_func_epilog_5              
0000e8c6  __mspabi_func_epilog_6              
0000e8c4  __mspabi_func_epilog_7              
0000e86a  __mspabi_mpyi                       
0000e86a  __mspabi_mpyi_sw                    
0000e82c  __mspabi_remu                       
0000e6d2  __mspabi_slli                       
0000e6fa  __mspabi_slli_1                     
0000e6e8  __mspabi_slli_10                    
0000e6e6  __mspabi_slli_11                    
0000e6e4  __mspabi_slli_12                    
0000e6e2  __mspabi_slli_13                    
0000e6e0  __mspabi_slli_14                    
0000e6de  __mspabi_slli_15                    
0000e6f8  __mspabi_slli_2                     
0000e6f6  __mspabi_slli_3                     
0000e6f4  __mspabi_slli_4                     
0000e6f2  __mspabi_slli_5                     
0000e6f0  __mspabi_slli_6                     
0000e6ee  __mspabi_slli_7                     
0000e6ec  __mspabi_slli_8                     
0000e6ea  __mspabi_slli_9                     
0000e6a6  __mspabi_srai                       
0000e6ce  __mspabi_srai_1                     
0000e6bc  __mspabi_srai_10                    
0000e6ba  __mspabi_srai_11                    
0000e6b8  __mspabi_srai_12                    
0000e6b6  __mspabi_srai_13                    
0000e6b4  __mspabi_srai_14                    
0000e6b2  __mspabi_srai_15                    
0000e6cc  __mspabi_srai_2                     
0000e6ca  __mspabi_srai_3                     
0000e6c8  __mspabi_srai_4                     
0000e6c6  __mspabi_srai_5                     
0000e6c4  __mspabi_srai_6                     
0000e6c2  __mspabi_srai_7                     
0000e6c0  __mspabi_srai_8                     
0000e6be  __mspabi_srai_9                     
0000e3ca  __mspabi_srli                       
0000e410  __mspabi_srli_1                     
0000e3ec  __mspabi_srli_10                    
0000e3e8  __mspabi_srli_11                    
0000e3e4  __mspabi_srli_12                    
0000e3e0  __mspabi_srli_13                    
0000e3dc  __mspabi_srli_14                    
0000e3d8  __mspabi_srli_15                    
0000e40c  __mspabi_srli_2                     
0000e408  __mspabi_srli_3                     
0000e404  __mspabi_srli_4                     
0000e400  __mspabi_srli_5                     
0000e3fc  __mspabi_srli_6                     
0000e3f8  __mspabi_srli_7                     
0000e3f4  __mspabi_srli_8                     
0000e3f0  __mspabi_srli_9                     
0000e31a  __mspabi_srll_1                     
0000e2e4  __mspabi_srll_10                    
0000e2de  __mspabi_srll_11                    
0000e2d8  __mspabi_srll_12                    
0000e2d2  __mspabi_srll_13                    
0000e2cc  __mspabi_srll_14                    
0000e2c6  __mspabi_srll_15                    
0000e314  __mspabi_srll_2                     
0000e30e  __mspabi_srll_3                     
0000e308  __mspabi_srll_4                     
0000e302  __mspabi_srll_5                     
0000e2fc  __mspabi_srll_6                     
0000e2f6  __mspabi_srll_7                     
0000e2f0  __mspabi_srll_8                     
0000e2ea  __mspabi_srll_9                     
0000e766  _c_int00_noargs                     
0000fffe  _reset_vector                       
000003b0  _stack                              
0000e93c  _system_post_cinit                  
0000e936  _system_pre_init                    
0000e930  abort                               
00000230  blue                                
00000234  codigo                              
0000021e  ejey                                
0000022a  estado                              
00000200  g_sContext                          
0000f22e  g_sCrystalfontz128x128              
0000f094  g_sFontCm16b                        
0000022e  green                               
0000e814  inicia_ADC                          
0000e6fe  lee_ch                              
0000c000  main                                
0000e724  memccpy                             
0000e8a2  memcpy                              
0000e856  memset                              
00000232  modo                                
0000022d  parar                               
0000022c  pintar                              
0000022f  red                                 
0000022b  servo                               
0000e5e6  sprintf                             
0000e8d4  strlen                              
00000236  valido                              
00000220  x                                   
00000222  x_borra                             
00000238  x_max                               
00000224  y                                   


GLOBAL SYMBOLS: SORTED BY Symbol Address 

address   name                                
-------   ----                                
00000000  IE1                                 
00000001  IE2                                 
00000002  IFG1                                
00000003  IFG2                                
00000010  P3REN                               
00000018  P3IN                                
00000019  P3OUT                               
0000001a  P3DIR                               
0000001b  P3SEL                               
00000020  P1IN                                
00000021  P1OUT                               
00000022  P1DIR                               
00000023  P1IFG                               
00000024  P1IES                               
00000025  P1IE                                
00000026  P1SEL                               
00000027  P1REN                               
00000028  P2IN                                
00000029  P2OUT                               
0000002a  P2DIR                               
0000002b  P2IFG                               
0000002c  P2IES                               
0000002d  P2IE                                
0000002e  P2SEL                               
0000002f  P2REN                               
00000041  P1SEL2                              
00000042  P2SEL2                              
00000043  P3SEL2                              
00000048  ADC10DTC0                           
00000049  ADC10DTC1                           
0000004a  ADC10AE0                            
00000050  __STACK_SIZE                        
00000053  BCSCTL3                             
00000056  DCOCTL                              
00000057  BCSCTL1                             
00000058  BCSCTL2                             
00000059  CACTL1                              
0000005a  CACTL2                              
0000005b  CAPD                                
0000005d  UCA0ABCTL                           
0000005e  UCA0IRTCTL                          
0000005f  UCA0IRRCTL                          
00000060  UCA0CTL0                            
00000061  UCA0CTL1                            
00000062  UCA0BR0                             
00000063  UCA0BR1                             
00000064  UCA0MCTL                            
00000065  UCA0STAT                            
00000066  UCA0RXBUF                           
00000067  UCA0TXBUF                           
00000068  UCB0CTL0                            
00000069  UCB0CTL1                            
0000006a  UCB0BR0                             
0000006b  UCB0BR1                             
0000006c  UCB0I2CIE                           
0000006d  UCB0STAT                            
0000006e  UCB0RXBUF                           
0000006f  UCB0TXBUF                           
00000118  UCB0I2COA                           
0000011a  UCB0I2CSA                           
0000011e  TA1IV                               
00000120  WDTCTL                              
00000128  FCTL1                               
0000012a  FCTL2                               
0000012c  FCTL3                               
0000012e  TA0IV                               
00000160  TA0CTL                              
00000162  TA0CCTL0                            
00000164  TA0CCTL1                            
00000166  TA0CCTL2                            
00000170  TA0R                                
00000172  TA0CCR0                             
00000174  TA0CCR1                             
00000176  TA0CCR2                             
00000180  TA1CTL                              
00000182  TA1CCTL0                            
00000184  TA1CCTL1                            
00000186  TA1CCTL2                            
00000190  TA1R                                
00000192  TA1CCR0                             
00000194  TA1CCR1                             
00000196  TA1CCR2                             
000001b0  ADC10CTL0                           
000001b2  ADC10CTL1                           
000001b4  ADC10MEM                            
000001bc  ADC10SA                             
00000200  g_sContext                          
00000218  Lcd_ScreenHeigth                    
0000021a  Lcd_ScreenWidth                     
0000021c  Lcd_TouchTrim                       
0000021e  ejey                                
00000220  x                                   
00000222  x_borra                             
00000224  y                                   
00000226  Lcd_FlagRead                        
00000227  Lcd_FontSolid                       
00000228  Lcd_Orientation                     
00000229  Lcd_PenSolid                        
0000022a  estado                              
0000022b  servo                               
0000022c  pintar                              
0000022d  parar                               
0000022e  green                               
0000022f  red                                 
00000230  blue                                
00000232  modo                                
00000234  codigo                              
00000236  valido                              
00000238  x_max                               
000003b0  _stack                              
00000400  __STACK_END                         
000010c0  TLV_CHECKSUM                        
000010da  TLV_ADC10_1_TAG                     
000010db  TLV_ADC10_1_LEN                     
000010f6  TLV_DCO_30_TAG                      
000010f7  TLV_DCO_30_LEN                      
000010f8  CALDCO_16MHZ                        
000010f9  CALBC1_16MHZ                        
000010fa  CALDCO_12MHZ                        
000010fb  CALBC1_12MHZ                        
000010fc  CALDCO_8MHZ                         
000010fd  CALBC1_8MHZ                         
000010fe  CALDCO_1MHZ                         
000010ff  CALBC1_1MHZ                         
0000c000  main                                
0000cb72  Graphics_drawString                 
0000d32c  Graphics_fillCircle                 
0000d6ea  Crystalfontz128x128_Init            
0000da46  Graphics_drawRectangle              
0000db4c  __TI_printfi_minimal                
0000dc38  Graphics_drawLineH                  
0000dd16  Graphics_drawLineV                  
0000deb8  Boton_BP                            
0000df72  Graphics_fillRectangle              
0000e01c  Set_Clk                             
0000e0be  Crystalfontz128x128_SetDrawFrame    
0000e15e  TIMER0_A0_ISR_HOOK                  
0000e1e6  __TI_decompress_lzss                
0000e2c6  __mspabi_srll_15                    
0000e2cc  __mspabi_srll_14                    
0000e2d2  __mspabi_srll_13                    
0000e2d8  __mspabi_srll_12                    
0000e2de  __mspabi_srll_11                    
0000e2e4  __mspabi_srll_10                    
0000e2ea  __mspabi_srll_9                     
0000e2f0  __mspabi_srll_8                     
0000e2f6  __mspabi_srll_7                     
0000e2fc  __mspabi_srll_6                     
0000e302  __mspabi_srll_5                     
0000e308  __mspabi_srll_4                     
0000e30e  __mspabi_srll_3                     
0000e314  __mspabi_srll_2                     
0000e31a  __mspabi_srll_1                     
0000e322  UARTinit                            
0000e3ca  __mspabi_srli                       
0000e3d8  __mspabi_srli_15                    
0000e3dc  __mspabi_srli_14                    
0000e3e0  __mspabi_srli_13                    
0000e3e4  __mspabi_srli_12                    
0000e3e8  __mspabi_srli_11                    
0000e3ec  __mspabi_srli_10                    
0000e3f0  __mspabi_srli_9                     
0000e3f4  __mspabi_srli_8                     
0000e3f8  __mspabi_srli_7                     
0000e3fc  __mspabi_srli_6                     
0000e400  __mspabi_srli_5                     
0000e404  __mspabi_srli_4                     
0000e408  __mspabi_srli_3                     
0000e40c  __mspabi_srli_2                     
0000e410  __mspabi_srli_1                     
0000e4ea  __TI_auto_init_nobinit_nopinit      
0000e52c  Graphics_initContext                
0000e56c  HAL_LCD_SpiInit                     
0000e5ac  Crystalfontz128x128_SetOrientation  
0000e5e6  sprintf                             
0000e67a  HAL_LCD_PortInit                    
0000e6a6  __mspabi_srai                       
0000e6b2  __mspabi_srai_15                    
0000e6b4  __mspabi_srai_14                    
0000e6b6  __mspabi_srai_13                    
0000e6b8  __mspabi_srai_12                    
0000e6ba  __mspabi_srai_11                    
0000e6bc  __mspabi_srai_10                    
0000e6be  __mspabi_srai_9                     
0000e6c0  __mspabi_srai_8                     
0000e6c2  __mspabi_srai_7                     
0000e6c4  __mspabi_srai_6                     
0000e6c6  __mspabi_srai_5                     
0000e6c8  __mspabi_srai_4                     
0000e6ca  __mspabi_srai_3                     
0000e6cc  __mspabi_srai_2                     
0000e6ce  __mspabi_srai_1                     
0000e6d2  __mspabi_slli                       
0000e6de  __mspabi_slli_15                    
0000e6e0  __mspabi_slli_14                    
0000e6e2  __mspabi_slli_13                    
0000e6e4  __mspabi_slli_12                    
0000e6e6  __mspabi_slli_11                    
0000e6e8  __mspabi_slli_10                    
0000e6ea  __mspabi_slli_9                     
0000e6ec  __mspabi_slli_8                     
0000e6ee  __mspabi_slli_7                     
0000e6f0  __mspabi_slli_6                     
0000e6f2  __mspabi_slli_5                     
0000e6f4  __mspabi_slli_4                     
0000e6f6  __mspabi_slli_3                     
0000e6f8  __mspabi_slli_2                     
0000e6fa  __mspabi_slli_1                     
0000e6fe  lee_ch                              
0000e724  memccpy                             
0000e746  HAL_LCD_writeCommand                
0000e766  _c_int00_noargs                     
0000e79c  Graphics_drawHorizontalLineOnDisplay
0000e7b4  Graphics_drawVerticalLineOnDisplay  
0000e7cc  Graphics_setBackgroundColor         
0000e7e4  Graphics_setForegroundColor         
0000e7fc  HAL_LCD_writeData                   
0000e814  inicia_ADC                          
0000e82c  __mspabi_divu                       
0000e82c  __mspabi_remu                       
0000e842  __TI_zero_init_nomemset             
0000e856  memset                              
0000e86a  __mspabi_mpyi                       
0000e86a  __mspabi_mpyi_sw                    
0000e890  __TI_decompress_none                
0000e8a2  memcpy                              
0000e8b4  Graphics_clearDisplay               
0000e8c4  __mspabi_func_epilog_7              
0000e8c6  __mspabi_func_epilog_6              
0000e8c8  __mspabi_func_epilog_5              
0000e8ca  __mspabi_func_epilog_4              
0000e8cc  __mspabi_func_epilog_3              
0000e8ce  __mspabi_func_epilog_2              
0000e8d0  __mspabi_func_epilog_1              
0000e8d4  strlen                              
0000e8e2  Graphics_clearDisplayOnDisplay      
0000e8ee  Graphics_drawPixelOnDisplay         
0000e8fa  Graphics_fillRectangleOnDisplay     
0000e906  Graphics_translateColorOnDisplay    
0000e912  ConvertidorAD                       
0000e91a  TIMER1_300ms                        
0000e922  __TI_ISR_TRAP                       
0000e92a  Graphics_setFont                    
0000e930  C$$EXIT                             
0000e930  abort                               
0000e936  _system_pre_init                    
0000e93c  _system_post_cinit                  
0000f094  g_sFontCm16b                        
0000f22e  g_sCrystalfontz128x128              
0000f35c  __TI_Handler_Table_Base             
0000f362  __TI_Handler_Table_Limit            
0000f366  __TI_CINIT_Base                     
0000f36e  __TI_CINIT_Limit                    
0000f36e  __TI_CINIT_Warm                     
0000ffe0  __TI_int00                          
0000ffe4  __TI_int02                          
0000ffe6  __TI_int03                          
0000ffea  __TI_int05                          
0000ffec  __TI_int06                          
0000ffee  __TI_int07                          
0000fff0  __TI_int08                          
0000fff2  __TI_int09                          
0000fff4  __TI_int10                          
0000fff6  __TI_int11                          
0000fff8  __TI_int12                          
0000fffa  __TI_int13                          
0000fffc  __TI_int14                          
0000fffe  _reset_vector                       
ffffffff  __TI_pprof_out_hndl                 
ffffffff  __TI_prof_data_size                 
ffffffff  __TI_prof_data_start                
ffffffff  __c_args__                          

[272 symbols]
