<?xml version="1.0" encoding="ISO-8859-1" ?>
<link_info>
   <banner>MSP430 Linker PC v21.6.0.LTS</banner>
   <copyright>Copyright (c) 2003-2018 Texas Instruments Incorporated</copyright>
   <link_time>0x63e24b59</link_time>
   <link_errors>0x0</link_errors>
   <output_file>caja_fuerte.out</output_file>
   <entry_point>
      <name>_c_int00_noargs</name>
      <address>0xe766</address>
   </entry_point>
   <input_file_list>
      <input_file id="fl-2">
         <path>.\</path>
         <kind>object</kind>
         <file>Crystalfontz128x128_ST7735.obj</file>
         <name>Crystalfontz128x128_ST7735.obj</name>
      </input_file>
      <input_file id="fl-3">
         <path>.\</path>
         <kind>object</kind>
         <file>HAL_MSP430G2_Crystalfontz128x128_ST7735.obj</file>
         <name>HAL_MSP430G2_Crystalfontz128x128_ST7735.obj</name>
      </input_file>
      <input_file id="fl-4">
         <path>.\</path>
         <kind>object</kind>
         <file>proyecto_dani.obj</file>
         <name>proyecto_dani.obj</name>
      </input_file>
      <input_file id="fl-5">
         <path>.\</path>
         <kind>object</kind>
         <file>uart_stdio.obj</file>
         <name>uart_stdio.obj</name>
      </input_file>
      <input_file id="fl-b">
         <kind>object</kind>
         <file>&lt;internal&gt;</file>
         <name>&lt;internal&gt;</name>
      </input_file>
      <input_file id="fl-c">
         <path>..\</path>
         <kind>archive</kind>
         <file>grlib_MKII.lib</file>
         <name>circle.obj</name>
      </input_file>
      <input_file id="fl-d">
         <path>..\</path>
         <kind>archive</kind>
         <file>grlib_MKII.lib</file>
         <name>context.obj</name>
      </input_file>
      <input_file id="fl-e">
         <path>..\</path>
         <kind>archive</kind>
         <file>grlib_MKII.lib</file>
         <name>display.obj</name>
      </input_file>
      <input_file id="fl-f">
         <path>..\</path>
         <kind>archive</kind>
         <file>grlib_MKII.lib</file>
         <name>fontcm16b.obj</name>
      </input_file>
      <input_file id="fl-10">
         <path>..\</path>
         <kind>archive</kind>
         <file>grlib_MKII.lib</file>
         <name>line.obj</name>
      </input_file>
      <input_file id="fl-11">
         <path>..\</path>
         <kind>archive</kind>
         <file>grlib_MKII.lib</file>
         <name>rectangle.obj</name>
      </input_file>
      <input_file id="fl-12">
         <path>..\</path>
         <kind>archive</kind>
         <file>grlib_MKII.lib</file>
         <name>string.obj</name>
      </input_file>
      <input_file id="fl-28">
         <path>C:\ti\ccs1210\ccs\tools\compiler\ti-cgt-msp430_21.6.0.LTS\lib\</path>
         <kind>archive</kind>
         <file>rts430_eabi.lib</file>
         <name>sprintf.c.obj</name>
      </input_file>
      <input_file id="fl-29">
         <path>C:\ti\ccs1210\ccs\tools\compiler\ti-cgt-msp430_21.6.0.LTS\lib\</path>
         <kind>archive</kind>
         <file>rts430_eabi.lib</file>
         <name>asr16.asm.obj</name>
      </input_file>
      <input_file id="fl-2a">
         <path>C:\ti\ccs1210\ccs\tools\compiler\ti-cgt-msp430_21.6.0.LTS\lib\</path>
         <kind>archive</kind>
         <file>rts430_eabi.lib</file>
         <name>div16u.asm.obj</name>
      </input_file>
      <input_file id="fl-2b">
         <path>C:\ti\ccs1210\ccs\tools\compiler\ti-cgt-msp430_21.6.0.LTS\lib\</path>
         <kind>archive</kind>
         <file>rts430_eabi.lib</file>
         <name>div32s.asm.obj</name>
      </input_file>
      <input_file id="fl-2c">
         <path>C:\ti\ccs1210\ccs\tools\compiler\ti-cgt-msp430_21.6.0.LTS\lib\</path>
         <kind>archive</kind>
         <file>rts430_eabi.lib</file>
         <name>div32u.asm.obj</name>
      </input_file>
      <input_file id="fl-2d">
         <path>C:\ti\ccs1210\ccs\tools\compiler\ti-cgt-msp430_21.6.0.LTS\lib\</path>
         <kind>archive</kind>
         <file>rts430_eabi.lib</file>
         <name>epilog.asm.obj</name>
      </input_file>
      <input_file id="fl-2e">
         <path>C:\ti\ccs1210\ccs\tools\compiler\ti-cgt-msp430_21.6.0.LTS\lib\</path>
         <kind>archive</kind>
         <file>rts430_eabi.lib</file>
         <name>int00.asm.obj</name>
      </input_file>
      <input_file id="fl-2f">
         <path>C:\ti\ccs1210\ccs\tools\compiler\ti-cgt-msp430_21.6.0.LTS\lib\</path>
         <kind>archive</kind>
         <file>rts430_eabi.lib</file>
         <name>int02.asm.obj</name>
      </input_file>
      <input_file id="fl-30">
         <path>C:\ti\ccs1210\ccs\tools\compiler\ti-cgt-msp430_21.6.0.LTS\lib\</path>
         <kind>archive</kind>
         <file>rts430_eabi.lib</file>
         <name>int03.asm.obj</name>
      </input_file>
      <input_file id="fl-31">
         <path>C:\ti\ccs1210\ccs\tools\compiler\ti-cgt-msp430_21.6.0.LTS\lib\</path>
         <kind>archive</kind>
         <file>rts430_eabi.lib</file>
         <name>int06.asm.obj</name>
      </input_file>
      <input_file id="fl-32">
         <path>C:\ti\ccs1210\ccs\tools\compiler\ti-cgt-msp430_21.6.0.LTS\lib\</path>
         <kind>archive</kind>
         <file>rts430_eabi.lib</file>
         <name>int07.asm.obj</name>
      </input_file>
      <input_file id="fl-33">
         <path>C:\ti\ccs1210\ccs\tools\compiler\ti-cgt-msp430_21.6.0.LTS\lib\</path>
         <kind>archive</kind>
         <file>rts430_eabi.lib</file>
         <name>int08.asm.obj</name>
      </input_file>
      <input_file id="fl-34">
         <path>C:\ti\ccs1210\ccs\tools\compiler\ti-cgt-msp430_21.6.0.LTS\lib\</path>
         <kind>archive</kind>
         <file>rts430_eabi.lib</file>
         <name>int10.asm.obj</name>
      </input_file>
      <input_file id="fl-35">
         <path>C:\ti\ccs1210\ccs\tools\compiler\ti-cgt-msp430_21.6.0.LTS\lib\</path>
         <kind>archive</kind>
         <file>rts430_eabi.lib</file>
         <name>int11.asm.obj</name>
      </input_file>
      <input_file id="fl-36">
         <path>C:\ti\ccs1210\ccs\tools\compiler\ti-cgt-msp430_21.6.0.LTS\lib\</path>
         <kind>archive</kind>
         <file>rts430_eabi.lib</file>
         <name>int12.asm.obj</name>
      </input_file>
      <input_file id="fl-37">
         <path>C:\ti\ccs1210\ccs\tools\compiler\ti-cgt-msp430_21.6.0.LTS\lib\</path>
         <kind>archive</kind>
         <file>rts430_eabi.lib</file>
         <name>int14.asm.obj</name>
      </input_file>
      <input_file id="fl-38">
         <path>C:\ti\ccs1210\ccs\tools\compiler\ti-cgt-msp430_21.6.0.LTS\lib\</path>
         <kind>archive</kind>
         <file>rts430_eabi.lib</file>
         <name>isr_trap.asm.obj</name>
      </input_file>
      <input_file id="fl-39">
         <path>C:\ti\ccs1210\ccs\tools\compiler\ti-cgt-msp430_21.6.0.LTS\lib\</path>
         <kind>archive</kind>
         <file>rts430_eabi.lib</file>
         <name>lsl16.asm.obj</name>
      </input_file>
      <input_file id="fl-3a">
         <path>C:\ti\ccs1210\ccs\tools\compiler\ti-cgt-msp430_21.6.0.LTS\lib\</path>
         <kind>archive</kind>
         <file>rts430_eabi.lib</file>
         <name>lsr16.asm.obj</name>
      </input_file>
      <input_file id="fl-3b">
         <path>C:\ti\ccs1210\ccs\tools\compiler\ti-cgt-msp430_21.6.0.LTS\lib\</path>
         <kind>archive</kind>
         <file>rts430_eabi.lib</file>
         <name>lsr32.asm.obj</name>
      </input_file>
      <input_file id="fl-3c">
         <path>C:\ti\ccs1210\ccs\tools\compiler\ti-cgt-msp430_21.6.0.LTS\lib\</path>
         <kind>archive</kind>
         <file>rts430_eabi.lib</file>
         <name>mult16.asm.obj</name>
      </input_file>
      <input_file id="fl-3d">
         <path>C:\ti\ccs1210\ccs\tools\compiler\ti-cgt-msp430_21.6.0.LTS\lib\</path>
         <kind>archive</kind>
         <file>rts430_eabi.lib</file>
         <name>mult32.asm.obj</name>
      </input_file>
      <input_file id="fl-3e">
         <path>C:\ti\ccs1210\ccs\tools\compiler\ti-cgt-msp430_21.6.0.LTS\lib\</path>
         <kind>archive</kind>
         <file>rts430_eabi.lib</file>
         <name>boot.c.obj</name>
      </input_file>
      <input_file id="fl-3f">
         <path>C:\ti\ccs1210\ccs\tools\compiler\ti-cgt-msp430_21.6.0.LTS\lib\</path>
         <kind>archive</kind>
         <file>rts430_eabi.lib</file>
         <name>autoinit.c.obj</name>
      </input_file>
      <input_file id="fl-40">
         <path>C:\ti\ccs1210\ccs\tools\compiler\ti-cgt-msp430_21.6.0.LTS\lib\</path>
         <kind>archive</kind>
         <file>rts430_eabi.lib</file>
         <name>copy_zero_init.c.obj</name>
      </input_file>
      <input_file id="fl-41">
         <path>C:\ti\ccs1210\ccs\tools\compiler\ti-cgt-msp430_21.6.0.LTS\lib\</path>
         <kind>archive</kind>
         <file>rts430_eabi.lib</file>
         <name>cpy_tbl.c.obj</name>
      </input_file>
      <input_file id="fl-42">
         <path>C:\ti\ccs1210\ccs\tools\compiler\ti-cgt-msp430_21.6.0.LTS\lib\</path>
         <kind>archive</kind>
         <file>rts430_eabi.lib</file>
         <name>mpu_init.c.obj</name>
      </input_file>
      <input_file id="fl-43">
         <path>C:\ti\ccs1210\ccs\tools\compiler\ti-cgt-msp430_21.6.0.LTS\lib\</path>
         <kind>archive</kind>
         <file>rts430_eabi.lib</file>
         <name>pre_init.c.obj</name>
      </input_file>
      <input_file id="fl-44">
         <path>C:\ti\ccs1210\ccs\tools\compiler\ti-cgt-msp430_21.6.0.LTS\lib\</path>
         <kind>archive</kind>
         <file>rts430_eabi.lib</file>
         <name>startup.c.obj</name>
      </input_file>
      <input_file id="fl-45">
         <path>C:\ti\ccs1210\ccs\tools\compiler\ti-cgt-msp430_21.6.0.LTS\lib\</path>
         <kind>archive</kind>
         <file>rts430_eabi.lib</file>
         <name>copy_decompress_none.c.obj</name>
      </input_file>
      <input_file id="fl-46">
         <path>C:\ti\ccs1210\ccs\tools\compiler\ti-cgt-msp430_21.6.0.LTS\lib\</path>
         <kind>archive</kind>
         <file>rts430_eabi.lib</file>
         <name>copy_decompress_lzss.c.obj</name>
      </input_file>
      <input_file id="fl-47">
         <path>C:\ti\ccs1210\ccs\tools\compiler\ti-cgt-msp430_21.6.0.LTS\lib\</path>
         <kind>archive</kind>
         <file>rts430_eabi.lib</file>
         <name>exit.c.obj</name>
      </input_file>
      <input_file id="fl-48">
         <path>C:\ti\ccs1210\ccs\tools\compiler\ti-cgt-msp430_21.6.0.LTS\lib\</path>
         <kind>archive</kind>
         <file>rts430_eabi.lib</file>
         <name>_lock.c.obj</name>
      </input_file>
      <input_file id="fl-49">
         <path>C:\ti\ccs1210\ccs\tools\compiler\ti-cgt-msp430_21.6.0.LTS\lib\</path>
         <kind>archive</kind>
         <file>rts430_eabi.lib</file>
         <name>args_main.c.obj</name>
      </input_file>
      <input_file id="fl-4a">
         <path>C:\ti\ccs1210\ccs\tools\compiler\ti-cgt-msp430_21.6.0.LTS\lib\</path>
         <kind>archive</kind>
         <file>rts430_eabi.lib</file>
         <name>memcpy.c.obj</name>
      </input_file>
      <input_file id="fl-4b">
         <path>C:\ti\ccs1210\ccs\tools\compiler\ti-cgt-msp430_21.6.0.LTS\lib\</path>
         <kind>archive</kind>
         <file>rts430_eabi.lib</file>
         <name>_printfi.c.obj</name>
      </input_file>
      <input_file id="fl-4c">
         <path>C:\ti\ccs1210\ccs\tools\compiler\ti-cgt-msp430_21.6.0.LTS\lib\</path>
         <kind>archive</kind>
         <file>rts430_eabi.lib</file>
         <name>exit_gvars.c.obj</name>
      </input_file>
      <input_file id="fl-4d">
         <path>C:\ti\ccs1210\ccs\tools\compiler\ti-cgt-msp430_21.6.0.LTS\lib\</path>
         <kind>archive</kind>
         <file>rts430_eabi.lib</file>
         <name>lsr64.c.obj</name>
      </input_file>
      <input_file id="fl-4e">
         <path>C:\ti\ccs1210\ccs\tools\compiler\ti-cgt-msp430_21.6.0.LTS\lib\</path>
         <kind>archive</kind>
         <file>rts430_eabi.lib</file>
         <name>div64u.c.obj</name>
      </input_file>
      <input_file id="fl-4f">
         <path>C:\ti\ccs1210\ccs\tools\compiler\ti-cgt-msp430_21.6.0.LTS\lib\</path>
         <kind>archive</kind>
         <file>rts430_eabi.lib</file>
         <name>cmpd.c.obj</name>
      </input_file>
      <input_file id="fl-50">
         <path>C:\ti\ccs1210\ccs\tools\compiler\ti-cgt-msp430_21.6.0.LTS\lib\</path>
         <kind>archive</kind>
         <file>rts430_eabi.lib</file>
         <name>divd.c.obj</name>
      </input_file>
      <input_file id="fl-51">
         <path>C:\ti\ccs1210\ccs\tools\compiler\ti-cgt-msp430_21.6.0.LTS\lib\</path>
         <kind>archive</kind>
         <file>rts430_eabi.lib</file>
         <name>fixdi.c.obj</name>
      </input_file>
      <input_file id="fl-52">
         <path>C:\ti\ccs1210\ccs\tools\compiler\ti-cgt-msp430_21.6.0.LTS\lib\</path>
         <kind>archive</kind>
         <file>rts430_eabi.lib</file>
         <name>fixdli.c.obj</name>
      </input_file>
      <input_file id="fl-53">
         <path>C:\ti\ccs1210\ccs\tools\compiler\ti-cgt-msp430_21.6.0.LTS\lib\</path>
         <kind>archive</kind>
         <file>rts430_eabi.lib</file>
         <name>fltid.c.obj</name>
      </input_file>
      <input_file id="fl-54">
         <path>C:\ti\ccs1210\ccs\tools\compiler\ti-cgt-msp430_21.6.0.LTS\lib\</path>
         <kind>archive</kind>
         <file>rts430_eabi.lib</file>
         <name>fltlid.c.obj</name>
      </input_file>
      <input_file id="fl-55">
         <path>C:\ti\ccs1210\ccs\tools\compiler\ti-cgt-msp430_21.6.0.LTS\lib\</path>
         <kind>archive</kind>
         <file>rts430_eabi.lib</file>
         <name>frcdivd.c.obj</name>
      </input_file>
      <input_file id="fl-56">
         <path>C:\ti\ccs1210\ccs\tools\compiler\ti-cgt-msp430_21.6.0.LTS\lib\</path>
         <kind>archive</kind>
         <file>rts430_eabi.lib</file>
         <name>mpyd.c.obj</name>
      </input_file>
      <input_file id="fl-57">
         <path>C:\ti\ccs1210\ccs\tools\compiler\ti-cgt-msp430_21.6.0.LTS\lib\</path>
         <kind>archive</kind>
         <file>rts430_eabi.lib</file>
         <name>negd.c.obj</name>
      </input_file>
      <input_file id="fl-58">
         <path>C:\ti\ccs1210\ccs\tools\compiler\ti-cgt-msp430_21.6.0.LTS\lib\</path>
         <kind>archive</kind>
         <file>rts430_eabi.lib</file>
         <name>subd.c.obj</name>
      </input_file>
      <input_file id="fl-59">
         <path>C:\ti\ccs1210\ccs\tools\compiler\ti-cgt-msp430_21.6.0.LTS\lib\</path>
         <kind>archive</kind>
         <file>rts430_eabi.lib</file>
         <name>_ltoa.c.obj</name>
      </input_file>
      <input_file id="fl-5a">
         <path>C:\ti\ccs1210\ccs\tools\compiler\ti-cgt-msp430_21.6.0.LTS\lib\</path>
         <kind>archive</kind>
         <file>rts430_eabi.lib</file>
         <name>atoi.c.obj</name>
      </input_file>
      <input_file id="fl-5b">
         <path>C:\ti\ccs1210\ccs\tools\compiler\ti-cgt-msp430_21.6.0.LTS\lib\</path>
         <kind>archive</kind>
         <file>rts430_eabi.lib</file>
         <name>ctype.c.obj</name>
      </input_file>
      <input_file id="fl-5c">
         <path>C:\ti\ccs1210\ccs\tools\compiler\ti-cgt-msp430_21.6.0.LTS\lib\</path>
         <kind>archive</kind>
         <file>rts430_eabi.lib</file>
         <name>memccpy.c.obj</name>
      </input_file>
      <input_file id="fl-5d">
         <path>C:\ti\ccs1210\ccs\tools\compiler\ti-cgt-msp430_21.6.0.LTS\lib\</path>
         <kind>archive</kind>
         <file>rts430_eabi.lib</file>
         <name>memset.c.obj</name>
      </input_file>
      <input_file id="fl-5e">
         <path>C:\ti\ccs1210\ccs\tools\compiler\ti-cgt-msp430_21.6.0.LTS\lib\</path>
         <kind>archive</kind>
         <file>rts430_eabi.lib</file>
         <name>strchr.c.obj</name>
      </input_file>
      <input_file id="fl-5f">
         <path>C:\ti\ccs1210\ccs\tools\compiler\ti-cgt-msp430_21.6.0.LTS\lib\</path>
         <kind>archive</kind>
         <file>rts430_eabi.lib</file>
         <name>strlen.c.obj</name>
      </input_file>
      <input_file id="fl-60">
         <path>C:\ti\ccs1210\ccs\tools\compiler\ti-cgt-msp430_21.6.0.LTS\lib\</path>
         <kind>archive</kind>
         <file>rts430_eabi.lib</file>
         <name>toupper.c.obj</name>
      </input_file>
      <input_file id="fl-61">
         <path>C:\ti\ccs1210\ccs\tools\compiler\ti-cgt-msp430_21.6.0.LTS\lib\</path>
         <kind>archive</kind>
         <file>rts430_eabi.lib</file>
         <name>errno.c.obj</name>
      </input_file>
      <input_file id="fl-62">
         <path>C:\ti\ccs1210\ccs\tools\compiler\ti-cgt-msp430_21.6.0.LTS\lib\</path>
         <kind>archive</kind>
         <file>rts430_eabi.lib</file>
         <name>abs.c.obj</name>
      </input_file>
      <input_file id="fl-63">
         <path>C:\ti\ccs1210\ccs\tools\compiler\ti-cgt-msp430_21.6.0.LTS\lib\</path>
         <kind>archive</kind>
         <file>rts430_eabi.lib</file>
         <name>wcslen.c.obj</name>
      </input_file>
      <input_file id="fl-64">
         <path>C:\ti\ccs1210\ccs\tools\compiler\ti-cgt-msp430_21.6.0.LTS\lib\</path>
         <kind>archive</kind>
         <file>rts430_eabi.lib</file>
         <name>s_frexp.c.obj</name>
      </input_file>
      <input_file id="fl-65">
         <path>C:\ti\ccs1210\ccs\tools\compiler\ti-cgt-msp430_21.6.0.LTS\lib\</path>
         <kind>archive</kind>
         <file>rts430_eabi.lib</file>
         <name>s_scalbn.c.obj</name>
      </input_file>
      <input_file id="fl-66">
         <path>C:\ti\ccs1210\ccs\tools\compiler\ti-cgt-msp430_21.6.0.LTS\lib\</path>
         <kind>archive</kind>
         <file>rts430_eabi.lib</file>
         <name>asr32.asm.obj</name>
      </input_file>
      <input_file id="fl-67">
         <path>C:\ti\ccs1210\ccs\tools\compiler\ti-cgt-msp430_21.6.0.LTS\lib\</path>
         <kind>archive</kind>
         <file>rts430_eabi.lib</file>
         <name>lsl32.asm.obj</name>
      </input_file>
      <input_file id="fl-68">
         <path>C:\ti\ccs1210\ccs\tools\compiler\ti-cgt-msp430_21.6.0.LTS\lib\</path>
         <kind>archive</kind>
         <file>rts430_eabi.lib</file>
         <name>lsl64.c.obj</name>
      </input_file>
      <input_file id="fl-69">
         <path>C:\ti\ccs1210\ccs\tools\compiler\ti-cgt-msp430_21.6.0.LTS\lib\</path>
         <kind>archive</kind>
         <file>rts430_eabi.lib</file>
         <name>addd.c.obj</name>
      </input_file>
      <input_file id="fl-6a">
         <path>C:\ti\ccs1210\ccs\tools\compiler\ti-cgt-msp430_21.6.0.LTS\lib\</path>
         <kind>archive</kind>
         <file>rts430_eabi.lib</file>
         <name>frcmpyd.c.obj</name>
      </input_file>
      <input_file id="fl-6b">
         <path>C:\ti\ccs1210\ccs\tools\compiler\ti-cgt-msp430_21.6.0.LTS\lib\</path>
         <kind>archive</kind>
         <file>rts430_eabi.lib</file>
         <name>s_copysign.c.obj</name>
      </input_file>
      <input_file id="fl-6c">
         <path>C:\ti\ccs1210\ccs\tools\compiler\ti-cgt-msp430_21.6.0.LTS\lib\</path>
         <kind>archive</kind>
         <file>rts430_eabi.lib</file>
         <name>mult3264.asm.obj</name>
      </input_file>
      <input_file id="fl-6d">
         <path>C:\ti\ccs1210\ccs\tools\compiler\ti-cgt-msp430_21.6.0.LTS\lib\</path>
         <kind>archive</kind>
         <file>rts430_eabi.lib</file>
         <name>mult64.asm.obj</name>
      </input_file>
      <input_file id="fl-6e">
         <path>C:\ti\ccs1210\ccs\tools\compiler\ti-cgt-msp430_21.6.0.LTS\lib\</path>
         <kind>archive</kind>
         <file>rts430_eabi.lib</file>
         <name>asr64.c.obj</name>
      </input_file>
      <input_file id="fl-6f">
         <path>C:\ti\ccs1210\ccs\tools\compiler\ti-cgt-msp430_21.6.0.LTS\lib\</path>
         <kind>archive</kind>
         <file>rts430_eabi.lib</file>
         <name>mult1632.asm.obj</name>
      </input_file>
   </input_file_list>
   <object_component_list>
      <object_component id="oc-2dc">
         <name>.common:Lcd_Orientation</name>
         <uninitialized>true</uninitialized>
         <run_address>0x228</run_address>
         <size>0x1</size>
      </object_component>
      <object_component id="oc-2cd">
         <name>.common:Lcd_ScreenWidth</name>
         <uninitialized>true</uninitialized>
         <run_address>0x21a</run_address>
         <size>0x2</size>
      </object_component>
      <object_component id="oc-2d0">
         <name>.common:Lcd_ScreenHeigth</name>
         <uninitialized>true</uninitialized>
         <run_address>0x218</run_address>
         <size>0x2</size>
      </object_component>
      <object_component id="oc-2d1">
         <name>.common:Lcd_PenSolid</name>
         <uninitialized>true</uninitialized>
         <run_address>0x229</run_address>
         <size>0x1</size>
      </object_component>
      <object_component id="oc-2d2">
         <name>.common:Lcd_FontSolid</name>
         <uninitialized>true</uninitialized>
         <run_address>0x227</run_address>
         <size>0x1</size>
      </object_component>
      <object_component id="oc-2d3">
         <name>.common:Lcd_FlagRead</name>
         <uninitialized>true</uninitialized>
         <run_address>0x226</run_address>
         <size>0x1</size>
      </object_component>
      <object_component id="oc-2d4">
         <name>.common:Lcd_TouchTrim</name>
         <uninitialized>true</uninitialized>
         <run_address>0x21c</run_address>
         <size>0x2</size>
      </object_component>
      <object_component id="oc-232">
         <name>.common:ejey</name>
         <uninitialized>true</uninitialized>
         <run_address>0x21e</run_address>
         <size>0x2</size>
      </object_component>
      <object_component id="oc-203">
         <name>.common:y</name>
         <uninitialized>true</uninitialized>
         <run_address>0x224</run_address>
         <size>0x2</size>
      </object_component>
      <object_component id="oc-202">
         <name>.common:x</name>
         <uninitialized>true</uninitialized>
         <run_address>0x220</run_address>
         <size>0x2</size>
      </object_component>
      <object_component id="oc-228">
         <name>.common:x_borra</name>
         <uninitialized>true</uninitialized>
         <run_address>0x222</run_address>
         <size>0x2</size>
      </object_component>
      <object_component id="oc-1ac">
         <name>.common:g_sContext</name>
         <uninitialized>true</uninitialized>
         <run_address>0x200</run_address>
         <size>0x18</size>
      </object_component>
      <object_component id="oc-14a">
         <name>.data</name>
         <load_address>0x22a</load_address>
         <run_address>0x22a</run_address>
         <size>0x10</size>
         <input_file_ref idref="fl-4"/>
      </object_component>
      <object_component id="oc-b1">
         <name>.stack</name>
         <uninitialized>true</uninitialized>
         <run_address>0x3b0</run_address>
         <size>0x2</size>
         <input_file_ref idref="fl-3e"/>
      </object_component>
      <object_component id="oc-50c">
         <name>.stack</name>
         <uninitialized>true</uninitialized>
         <run_address>0x3b0</run_address>
         <size>0x0</size>
      </object_component>
      <object_component id="oc-15d">
         <name>.text:main</name>
         <load_address>0xc000</load_address>
         <run_address>0xc000</run_address>
         <size>0xb72</size>
         <input_file_ref idref="fl-4"/>
      </object_component>
      <object_component id="oc-1e1">
         <name>.text:Graphics_drawString</name>
         <load_address>0xcb72</load_address>
         <run_address>0xcb72</run_address>
         <size>0x7ba</size>
         <input_file_ref idref="fl-12"/>
      </object_component>
      <object_component id="oc-204">
         <name>.text:Graphics_fillCircle</name>
         <load_address>0xd32c</load_address>
         <run_address>0xd32c</run_address>
         <size>0x3be</size>
         <input_file_ref idref="fl-c"/>
      </object_component>
      <object_component id="oc-1a0">
         <name>.text:Crystalfontz128x128_Init</name>
         <load_address>0xd6ea</load_address>
         <run_address>0xd6ea</run_address>
         <size>0x132</size>
         <input_file_ref idref="fl-2"/>
      </object_component>
      <object_component id="oc-42a">
         <name>.text:__TI_printfi_minimal:_setfield___TI_printfi_minimal</name>
         <load_address>0xd81c</load_address>
         <run_address>0xd81c</run_address>
         <size>0x116</size>
         <input_file_ref idref="fl-4b"/>
      </object_component>
      <object_component id="oc-2e4">
         <name>.text:Crystalfontz128x128_PixelDrawMultiple</name>
         <load_address>0xd932</load_address>
         <run_address>0xd932</run_address>
         <size>0x114</size>
         <input_file_ref idref="fl-2"/>
      </object_component>
      <object_component id="oc-21f">
         <name>.text:Graphics_drawRectangle</name>
         <load_address>0xda46</load_address>
         <run_address>0xda46</run_address>
         <size>0x106</size>
         <input_file_ref idref="fl-11"/>
      </object_component>
      <object_component id="oc-373">
         <name>.text:__TI_printfi_minimal:__TI_printfi_minimal</name>
         <load_address>0xdb4c</load_address>
         <run_address>0xdb4c</run_address>
         <size>0xec</size>
         <input_file_ref idref="fl-4b"/>
      </object_component>
      <object_component id="oc-340">
         <name>.text:Graphics_drawLineH</name>
         <load_address>0xdc38</load_address>
         <run_address>0xdc38</run_address>
         <size>0xde</size>
         <input_file_ref idref="fl-10"/>
      </object_component>
      <object_component id="oc-38b">
         <name>.text:Graphics_drawLineV</name>
         <load_address>0xdd16</load_address>
         <run_address>0xdd16</run_address>
         <size>0xd8</size>
         <input_file_ref idref="fl-10"/>
      </object_component>
      <object_component id="oc-483">
         <name>.text:__TI_printfi_minimal:_pproc_diouxp___TI_printfi_minimal</name>
         <load_address>0xddee</load_address>
         <run_address>0xddee</run_address>
         <size>0xca</size>
         <input_file_ref idref="fl-4b"/>
      </object_component>
      <object_component id="oc-1da">
         <name>.text:Boton_BP</name>
         <load_address>0xdeb8</load_address>
         <run_address>0xdeb8</run_address>
         <size>0xba</size>
         <input_file_ref idref="fl-4"/>
      </object_component>
      <object_component id="oc-1d4">
         <name>.text:Graphics_fillRectangle</name>
         <load_address>0xdf72</load_address>
         <run_address>0xdf72</run_address>
         <size>0xaa</size>
         <input_file_ref idref="fl-11"/>
      </object_component>
      <object_component id="oc-18e">
         <name>.text:Set_Clk</name>
         <load_address>0xe01c</load_address>
         <run_address>0xe01c</run_address>
         <size>0xa2</size>
         <input_file_ref idref="fl-4"/>
      </object_component>
      <object_component id="oc-2d5">
         <name>.text:Crystalfontz128x128_SetDrawFrame</name>
         <load_address>0xe0be</load_address>
         <run_address>0xe0be</run_address>
         <size>0xa0</size>
         <input_file_ref idref="fl-2"/>
      </object_component>
      <object_component id="oc-e7">
         <name>.text:TIMER0_A0_ISR_HOOK</name>
         <load_address>0xe15e</load_address>
         <run_address>0xe15e</run_address>
         <size>0x88</size>
         <input_file_ref idref="fl-4"/>
      </object_component>
      <object_component id="oc-34">
         <name>.text:decompress:lzss:__TI_decompress_lzss</name>
         <load_address>0xe1e6</load_address>
         <run_address>0xe1e6</run_address>
         <size>0x7c</size>
         <input_file_ref idref="fl-46"/>
      </object_component>
      <object_component id="oc-2f6">
         <name>.text:Crystalfontz128x128_RectFill</name>
         <load_address>0xe262</load_address>
         <run_address>0xe262</run_address>
         <size>0x64</size>
         <input_file_ref idref="fl-2"/>
      </object_component>
      <object_component id="oc-3fe">
         <name>.text:l_lsr_const</name>
         <load_address>0xe2c6</load_address>
         <run_address>0xe2c6</run_address>
         <size>0x5c</size>
         <input_file_ref idref="fl-3b"/>
      </object_component>
      <object_component id="oc-194">
         <name>.text:UARTinit</name>
         <load_address>0xe322</load_address>
         <run_address>0xe322</run_address>
         <size>0x56</size>
         <input_file_ref idref="fl-5"/>
      </object_component>
      <object_component id="oc-33a">
         <name>.text:Graphics_getNumberOfLeadingZeros</name>
         <load_address>0xe378</load_address>
         <run_address>0xe378</run_address>
         <size>0x52</size>
         <input_file_ref idref="fl-12"/>
      </object_component>
      <object_component id="oc-ba">
         <name>.text</name>
         <load_address>0xe3ca</load_address>
         <run_address>0xe3ca</run_address>
         <size>0x4c</size>
         <input_file_ref idref="fl-3a"/>
      </object_component>
      <object_component id="oc-2f0">
         <name>.text:Crystalfontz128x128_LineDrawV</name>
         <load_address>0xe416</load_address>
         <run_address>0xe416</run_address>
         <size>0x48</size>
         <input_file_ref idref="fl-2"/>
      </object_component>
      <object_component id="oc-2fc">
         <name>.text:Crystalfontz128x128_ColorTranslate</name>
         <load_address>0xe45e</load_address>
         <run_address>0xe45e</run_address>
         <size>0x46</size>
         <input_file_ref idref="fl-2"/>
      </object_component>
      <object_component id="oc-2ea">
         <name>.text:Crystalfontz128x128_LineDrawH</name>
         <load_address>0xe4a4</load_address>
         <run_address>0xe4a4</run_address>
         <size>0x46</size>
         <input_file_ref idref="fl-2"/>
      </object_component>
      <object_component id="oc-272">
         <name>.text:__TI_auto_init_nobinit_nopinit:__TI_auto_init_nobinit_nopinit</name>
         <load_address>0xe4ea</load_address>
         <run_address>0xe4ea</run_address>
         <size>0x42</size>
         <input_file_ref idref="fl-3f"/>
      </object_component>
      <object_component id="oc-1b0">
         <name>.text:Graphics_initContext</name>
         <load_address>0xe52c</load_address>
         <run_address>0xe52c</run_address>
         <size>0x40</size>
         <input_file_ref idref="fl-d"/>
      </object_component>
      <object_component id="oc-2bb">
         <name>.text:HAL_LCD_SpiInit</name>
         <load_address>0xe56c</load_address>
         <run_address>0xe56c</run_address>
         <size>0x40</size>
         <input_file_ref idref="fl-3"/>
      </object_component>
      <object_component id="oc-1a6">
         <name>.text:Crystalfontz128x128_SetOrientation</name>
         <load_address>0xe5ac</load_address>
         <run_address>0xe5ac</run_address>
         <size>0x3a</size>
         <input_file_ref idref="fl-2"/>
      </object_component>
      <object_component id="oc-1fc">
         <name>.text:sprintf</name>
         <load_address>0xe5e6</load_address>
         <run_address>0xe5e6</run_address>
         <size>0x38</size>
         <input_file_ref idref="fl-28"/>
      </object_component>
      <object_component id="oc-308">
         <name>.text:Crystalfontz128x128_ClearScreen</name>
         <load_address>0xe61e</load_address>
         <run_address>0xe61e</run_address>
         <size>0x2e</size>
         <input_file_ref idref="fl-2"/>
      </object_component>
      <object_component id="oc-2de">
         <name>.text:Crystalfontz128x128_PixelDraw</name>
         <load_address>0xe64c</load_address>
         <run_address>0xe64c</run_address>
         <size>0x2e</size>
         <input_file_ref idref="fl-2"/>
      </object_component>
      <object_component id="oc-2b5">
         <name>.text:HAL_LCD_PortInit</name>
         <load_address>0xe67a</load_address>
         <run_address>0xe67a</run_address>
         <size>0x2c</size>
         <input_file_ref idref="fl-3"/>
      </object_component>
      <object_component id="oc-335">
         <name>.text</name>
         <load_address>0xe6a6</load_address>
         <run_address>0xe6a6</run_address>
         <size>0x2c</size>
         <input_file_ref idref="fl-29"/>
      </object_component>
      <object_component id="oc-b5">
         <name>.text</name>
         <load_address>0xe6d2</load_address>
         <run_address>0xe6d2</run_address>
         <size>0x2c</size>
         <input_file_ref idref="fl-39"/>
      </object_component>
      <object_component id="oc-22c">
         <name>.text:lee_ch</name>
         <load_address>0xe6fe</load_address>
         <run_address>0xe6fe</run_address>
         <size>0x26</size>
         <input_file_ref idref="fl-4"/>
      </object_component>
      <object_component id="oc-489">
         <name>.text:memccpy</name>
         <load_address>0xe724</load_address>
         <run_address>0xe724</run_address>
         <size>0x22</size>
         <input_file_ref idref="fl-5c"/>
      </object_component>
      <object_component id="oc-2c1">
         <name>.text:HAL_LCD_writeCommand</name>
         <load_address>0xe746</load_address>
         <run_address>0xe746</run_address>
         <size>0x20</size>
         <input_file_ref idref="fl-3"/>
      </object_component>
      <object_component id="oc-105">
         <name>.text:_c_int00_noargs</name>
         <load_address>0xe766</load_address>
         <run_address>0xe766</run_address>
         <size>0x1c</size>
         <input_file_ref idref="fl-3e"/>
      </object_component>
      <object_component id="oc-367">
         <name>.text:_outs</name>
         <load_address>0xe782</load_address>
         <run_address>0xe782</run_address>
         <size>0x1a</size>
         <input_file_ref idref="fl-28"/>
      </object_component>
      <object_component id="oc-415">
         <name>.text:Graphics_drawHorizontalLineOnDisplay</name>
         <load_address>0xe79c</load_address>
         <run_address>0xe79c</run_address>
         <size>0x18</size>
         <input_file_ref idref="fl-e"/>
      </object_component>
      <object_component id="oc-440">
         <name>.text:Graphics_drawVerticalLineOnDisplay</name>
         <load_address>0xe7b4</load_address>
         <run_address>0xe7b4</run_address>
         <size>0x18</size>
         <input_file_ref idref="fl-e"/>
      </object_component>
      <object_component id="oc-25a">
         <name>.text:Graphics_setBackgroundColor</name>
         <load_address>0xe7cc</load_address>
         <run_address>0xe7cc</run_address>
         <size>0x18</size>
         <input_file_ref idref="fl-d"/>
      </object_component>
      <object_component id="oc-1ed">
         <name>.text:Graphics_setForegroundColor</name>
         <load_address>0xe7e4</load_address>
         <run_address>0xe7e4</run_address>
         <size>0x18</size>
         <input_file_ref idref="fl-d"/>
      </object_component>
      <object_component id="oc-2c7">
         <name>.text:HAL_LCD_writeData</name>
         <load_address>0xe7fc</load_address>
         <run_address>0xe7fc</run_address>
         <size>0x18</size>
         <input_file_ref idref="fl-3"/>
      </object_component>
      <object_component id="oc-19a">
         <name>.text:inicia_ADC</name>
         <load_address>0xe814</load_address>
         <run_address>0xe814</run_address>
         <size>0x18</size>
         <input_file_ref idref="fl-4"/>
      </object_component>
      <object_component id="oc-4ad">
         <name>.text</name>
         <load_address>0xe82c</load_address>
         <run_address>0xe82c</run_address>
         <size>0x16</size>
         <input_file_ref idref="fl-2a"/>
      </object_component>
      <object_component id="oc-f3">
         <name>.text:decompress:ZI:__TI_zero_init_nomemset:__TI_zero_init_nomemset</name>
         <load_address>0xe842</load_address>
         <run_address>0xe842</run_address>
         <size>0x14</size>
         <input_file_ref idref="fl-40"/>
      </object_component>
      <object_component id="oc-47c">
         <name>.text:memset</name>
         <load_address>0xe856</load_address>
         <run_address>0xe856</run_address>
         <size>0x14</size>
         <input_file_ref idref="fl-5d"/>
      </object_component>
      <object_component id="oc-3f8">
         <name>.text</name>
         <load_address>0xe86a</load_address>
         <run_address>0xe86a</run_address>
         <size>0x14</size>
         <input_file_ref idref="fl-3c"/>
      </object_component>
      <object_component id="oc-36d">
         <name>.text:_outc</name>
         <load_address>0xe87e</load_address>
         <run_address>0xe87e</run_address>
         <size>0x12</size>
         <input_file_ref idref="fl-28"/>
      </object_component>
      <object_component id="oc-3a">
         <name>.text:decompress:none:__TI_decompress_none</name>
         <load_address>0xe890</load_address>
         <run_address>0xe890</run_address>
         <size>0x12</size>
         <input_file_ref idref="fl-45"/>
      </object_component>
      <object_component id="oc-cf">
         <name>.text:memcpy</name>
         <load_address>0xe8a2</load_address>
         <run_address>0xe8a2</run_address>
         <size>0x12</size>
         <input_file_ref idref="fl-4a"/>
      </object_component>
      <object_component id="oc-1e7">
         <name>.text:Graphics_clearDisplay</name>
         <load_address>0xe8b4</load_address>
         <run_address>0xe8b4</run_address>
         <size>0x10</size>
         <input_file_ref idref="fl-d"/>
      </object_component>
      <object_component id="oc-bf">
         <name>.text</name>
         <load_address>0xe8c4</load_address>
         <run_address>0xe8c4</run_address>
         <size>0x10</size>
         <input_file_ref idref="fl-2d"/>
      </object_component>
      <object_component id="oc-424">
         <name>.text:strlen</name>
         <load_address>0xe8d4</load_address>
         <run_address>0xe8d4</run_address>
         <size>0xe</size>
         <input_file_ref idref="fl-5f"/>
      </object_component>
      <object_component id="oc-353">
         <name>.text:Graphics_clearDisplayOnDisplay</name>
         <load_address>0xe8e2</load_address>
         <run_address>0xe8e2</run_address>
         <size>0xc</size>
         <input_file_ref idref="fl-e"/>
      </object_component>
      <object_component id="oc-346">
         <name>.text:Graphics_drawPixelOnDisplay</name>
         <load_address>0xe8ee</load_address>
         <run_address>0xe8ee</run_address>
         <size>0xc</size>
         <input_file_ref idref="fl-e"/>
      </object_component>
      <object_component id="oc-327">
         <name>.text:Graphics_fillRectangleOnDisplay</name>
         <load_address>0xe8fa</load_address>
         <run_address>0xe8fa</run_address>
         <size>0xc</size>
         <input_file_ref idref="fl-e"/>
      </object_component>
      <object_component id="oc-35a">
         <name>.text:Graphics_translateColorOnDisplay</name>
         <load_address>0xe906</load_address>
         <run_address>0xe906</run_address>
         <size>0xc</size>
         <input_file_ref idref="fl-e"/>
      </object_component>
      <object_component id="oc-e1">
         <name>.text:ConvertidorAD</name>
         <load_address>0xe912</load_address>
         <run_address>0xe912</run_address>
         <size>0x8</size>
         <input_file_ref idref="fl-4"/>
      </object_component>
      <object_component id="oc-ed">
         <name>.text:TIMER1_300ms</name>
         <load_address>0xe91a</load_address>
         <run_address>0xe91a</run_address>
         <size>0x8</size>
         <input_file_ref idref="fl-4"/>
      </object_component>
      <object_component id="oc-dc">
         <name>.text:_isr:__TI_ISR_TRAP</name>
         <load_address>0xe922</load_address>
         <run_address>0xe922</run_address>
         <size>0x8</size>
         <input_file_ref idref="fl-38"/>
      </object_component>
      <object_component id="oc-1b9">
         <name>.text:Graphics_setFont</name>
         <load_address>0xe92a</load_address>
         <run_address>0xe92a</run_address>
         <size>0x6</size>
         <input_file_ref idref="fl-d"/>
      </object_component>
      <object_component id="oc-266">
         <name>.text:abort</name>
         <load_address>0xe930</load_address>
         <run_address>0xe930</run_address>
         <size>0x6</size>
         <input_file_ref idref="fl-47"/>
      </object_component>
      <object_component id="oc-157">
         <name>.text:_system_pre_init</name>
         <load_address>0xe936</load_address>
         <run_address>0xe936</run_address>
         <size>0x4</size>
         <input_file_ref idref="fl-43"/>
      </object_component>
      <object_component id="oc-302">
         <name>.text:Crystalfontz128x128_Flush</name>
         <load_address>0xe93a</load_address>
         <run_address>0xe93a</run_address>
         <size>0x2</size>
         <input_file_ref idref="fl-2"/>
      </object_component>
      <object_component id="oc-3c4">
         <name>.text:_system_post_cinit</name>
         <load_address>0xe93c</load_address>
         <run_address>0xe93c</run_address>
         <size>0x2</size>
         <input_file_ref idref="fl-44"/>
      </object_component>
      <object_component id="oc-50b">
         <name>.cinit..data.load</name>
         <load_address>0xf350</load_address>
         <run_address>0xf350</run_address>
         <size>0xc</size>
      </object_component>
      <object_component id="oc-508">
         <name>__TI_handler_table</name>
         <load_address>0xf35c</load_address>
         <run_address>0xf35c</run_address>
         <size>0x6</size>
      </object_component>
      <object_component id="oc-50a">
         <name>.cinit..bss.load</name>
         <load_address>0xf362</load_address>
         <run_address>0xf362</run_address>
         <size>0x4</size>
      </object_component>
      <object_component id="oc-509">
         <name>__TI_cinit_table</name>
         <load_address>0xf366</load_address>
         <run_address>0xf366</run_address>
         <size>0x8</size>
      </object_component>
      <object_component id="oc-312">
         <name>.const:.string:g_pucCm16bData</name>
         <load_address>0xe93e</load_address>
         <run_address>0xe93e</run_address>
         <size>0x755</size>
         <input_file_ref idref="fl-f"/>
      </object_component>
      <object_component id="oc-1b6">
         <name>.const</name>
         <load_address>0xf094</load_address>
         <run_address>0xf094</run_address>
         <size>0xc6</size>
         <input_file_ref idref="fl-f"/>
      </object_component>
      <object_component id="oc-1e0">
         <name>.const:.string</name>
         <load_address>0xf15a</load_address>
         <run_address>0xf15a</run_address>
         <size>0xae</size>
         <input_file_ref idref="fl-4"/>
      </object_component>
      <object_component id="oc-482">
         <name>.const:.string</name>
         <load_address>0xf208</load_address>
         <run_address>0xf208</run_address>
         <size>0x26</size>
         <input_file_ref idref="fl-4b"/>
      </object_component>
      <object_component id="oc-1ad">
         <name>.const:g_sCrystalfontz128x128</name>
         <load_address>0xf22e</load_address>
         <run_address>0xf22e</run_address>
         <size>0x1a</size>
         <input_file_ref idref="fl-2"/>
      </object_component>
      <object_component id="oc-405">
         <name>.const:$P$T0$1</name>
         <load_address>0xf248</load_address>
         <run_address>0xf248</run_address>
         <size>0x8</size>
         <input_file_ref idref="fl-2"/>
      </object_component>
      <object_component id="oc-1bf">
         <name>.const:$P$T0$1</name>
         <load_address>0xf250</load_address>
         <run_address>0xf250</run_address>
         <size>0x8</size>
         <input_file_ref idref="fl-4"/>
      </object_component>
      <object_component id="oc-1c2">
         <name>.const:$P$T1$2</name>
         <load_address>0xf258</load_address>
         <run_address>0xf258</run_address>
         <size>0x8</size>
         <input_file_ref idref="fl-4"/>
      </object_component>
      <object_component id="oc-229">
         <name>.const:$P$T10$10</name>
         <load_address>0xf260</load_address>
         <run_address>0xf260</run_address>
         <size>0x8</size>
         <input_file_ref idref="fl-4"/>
      </object_component>
      <object_component id="oc-233">
         <name>.const:$P$T11$11</name>
         <load_address>0xf268</load_address>
         <run_address>0xf268</run_address>
         <size>0x8</size>
         <input_file_ref idref="fl-4"/>
      </object_component>
      <object_component id="oc-1f3">
         <name>.const:$P$T12$12</name>
         <load_address>0xf270</load_address>
         <run_address>0xf270</run_address>
         <size>0x8</size>
         <input_file_ref idref="fl-4"/>
      </object_component>
      <object_component id="oc-1f6">
         <name>.const:$P$T13$13</name>
         <load_address>0xf278</load_address>
         <run_address>0xf278</run_address>
         <size>0x8</size>
         <input_file_ref idref="fl-4"/>
      </object_component>
      <object_component id="oc-1f9">
         <name>.const:$P$T14$14</name>
         <load_address>0xf280</load_address>
         <run_address>0xf280</run_address>
         <size>0x8</size>
         <input_file_ref idref="fl-4"/>
      </object_component>
      <object_component id="oc-216">
         <name>.const:$P$T15$15</name>
         <load_address>0xf288</load_address>
         <run_address>0xf288</run_address>
         <size>0x8</size>
         <input_file_ref idref="fl-4"/>
      </object_component>
      <object_component id="oc-219">
         <name>.const:$P$T16$16</name>
         <load_address>0xf290</load_address>
         <run_address>0xf290</run_address>
         <size>0x8</size>
         <input_file_ref idref="fl-4"/>
      </object_component>
      <object_component id="oc-210">
         <name>.const:$P$T17$17</name>
         <load_address>0xf298</load_address>
         <run_address>0xf298</run_address>
         <size>0x8</size>
         <input_file_ref idref="fl-4"/>
      </object_component>
      <object_component id="oc-213">
         <name>.const:$P$T18$18</name>
         <load_address>0xf2a0</load_address>
         <run_address>0xf2a0</run_address>
         <size>0x8</size>
         <input_file_ref idref="fl-4"/>
      </object_component>
      <object_component id="oc-20a">
         <name>.const:$P$T19$19</name>
         <load_address>0xf2a8</load_address>
         <run_address>0xf2a8</run_address>
         <size>0x8</size>
         <input_file_ref idref="fl-4"/>
      </object_component>
      <object_component id="oc-1c5">
         <name>.const:$P$T2$3</name>
         <load_address>0xf2b0</load_address>
         <run_address>0xf2b0</run_address>
         <size>0x8</size>
         <input_file_ref idref="fl-4"/>
      </object_component>
      <object_component id="oc-20d">
         <name>.const:$P$T20$20</name>
         <load_address>0xf2b8</load_address>
         <run_address>0xf2b8</run_address>
         <size>0x8</size>
         <input_file_ref idref="fl-4"/>
      </object_component>
      <object_component id="oc-254">
         <name>.const:$P$T21$21</name>
         <load_address>0xf2c0</load_address>
         <run_address>0xf2c0</run_address>
         <size>0x8</size>
         <input_file_ref idref="fl-4"/>
      </object_component>
      <object_component id="oc-257">
         <name>.const:$P$T22$22</name>
         <load_address>0xf2c8</load_address>
         <run_address>0xf2c8</run_address>
         <size>0x8</size>
         <input_file_ref idref="fl-4"/>
      </object_component>
      <object_component id="oc-24e">
         <name>.const:$P$T23$23</name>
         <load_address>0xf2d0</load_address>
         <run_address>0xf2d0</run_address>
         <size>0x8</size>
         <input_file_ref idref="fl-4"/>
      </object_component>
      <object_component id="oc-251">
         <name>.const:$P$T24$24</name>
         <load_address>0xf2d8</load_address>
         <run_address>0xf2d8</run_address>
         <size>0x8</size>
         <input_file_ref idref="fl-4"/>
      </object_component>
      <object_component id="oc-248">
         <name>.const:$P$T25$25</name>
         <load_address>0xf2e0</load_address>
         <run_address>0xf2e0</run_address>
         <size>0x8</size>
         <input_file_ref idref="fl-4"/>
      </object_component>
      <object_component id="oc-24b">
         <name>.const:$P$T26$26</name>
         <load_address>0xf2e8</load_address>
         <run_address>0xf2e8</run_address>
         <size>0x8</size>
         <input_file_ref idref="fl-4"/>
      </object_component>
      <object_component id="oc-242">
         <name>.const:$P$T27$27</name>
         <load_address>0xf2f0</load_address>
         <run_address>0xf2f0</run_address>
         <size>0x8</size>
         <input_file_ref idref="fl-4"/>
      </object_component>
      <object_component id="oc-245">
         <name>.const:$P$T28$28</name>
         <load_address>0xf2f8</load_address>
         <run_address>0xf2f8</run_address>
         <size>0x8</size>
         <input_file_ref idref="fl-4"/>
      </object_component>
      <object_component id="oc-23c">
         <name>.const:$P$T29$29</name>
         <load_address>0xf300</load_address>
         <run_address>0xf300</run_address>
         <size>0x8</size>
         <input_file_ref idref="fl-4"/>
      </object_component>
      <object_component id="oc-1c8">
         <name>.const:$P$T3$4</name>
         <load_address>0xf308</load_address>
         <run_address>0xf308</run_address>
         <size>0x8</size>
         <input_file_ref idref="fl-4"/>
      </object_component>
      <object_component id="oc-23f">
         <name>.const:$P$T30$30</name>
         <load_address>0xf310</load_address>
         <run_address>0xf310</run_address>
         <size>0x8</size>
         <input_file_ref idref="fl-4"/>
      </object_component>
      <object_component id="oc-236">
         <name>.const:$P$T31$31</name>
         <load_address>0xf318</load_address>
         <run_address>0xf318</run_address>
         <size>0x8</size>
         <input_file_ref idref="fl-4"/>
      </object_component>
      <object_component id="oc-239">
         <name>.const:$P$T32$32</name>
         <load_address>0xf320</load_address>
         <run_address>0xf320</run_address>
         <size>0x8</size>
         <input_file_ref idref="fl-4"/>
      </object_component>
      <object_component id="oc-1cb">
         <name>.const:$P$T4$5</name>
         <load_address>0xf328</load_address>
         <run_address>0xf328</run_address>
         <size>0x8</size>
         <input_file_ref idref="fl-4"/>
      </object_component>
      <object_component id="oc-1ce">
         <name>.const:$P$T5$6</name>
         <load_address>0xf330</load_address>
         <run_address>0xf330</run_address>
         <size>0x8</size>
         <input_file_ref idref="fl-4"/>
      </object_component>
      <object_component id="oc-1d1">
         <name>.const:$P$T6$7</name>
         <load_address>0xf338</load_address>
         <run_address>0xf338</run_address>
         <size>0x8</size>
         <input_file_ref idref="fl-4"/>
      </object_component>
      <object_component id="oc-21c">
         <name>.const:$P$T8$8</name>
         <load_address>0xf340</load_address>
         <run_address>0xf340</run_address>
         <size>0x8</size>
         <input_file_ref idref="fl-4"/>
      </object_component>
      <object_component id="oc-225">
         <name>.const:$P$T9$9</name>
         <load_address>0xf348</load_address>
         <run_address>0xf348</run_address>
         <size>0x8</size>
         <input_file_ref idref="fl-4"/>
      </object_component>
      <object_component id="oc-4ca">
         <name>.binit</name>
         <load_address>0xc000</load_address>
         <run_address>0xc000</run_address>
         <size>0x0</size>
      </object_component>
      <object_component id="oc-40">
         <name>.int00</name>
         <load_address>0xffe0</load_address>
         <run_address>0xffe0</run_address>
         <size>0x2</size>
         <input_file_ref idref="fl-2e"/>
      </object_component>
      <object_component id="oc-41">
         <name>.int02</name>
         <load_address>0xffe4</load_address>
         <run_address>0xffe4</run_address>
         <size>0x2</size>
         <input_file_ref idref="fl-2f"/>
      </object_component>
      <object_component id="oc-42">
         <name>.int03</name>
         <load_address>0xffe6</load_address>
         <run_address>0xffe6</run_address>
         <size>0x2</size>
         <input_file_ref idref="fl-30"/>
      </object_component>
      <object_component id="oc-43">
         <name>.int05</name>
         <load_address>0xffea</load_address>
         <run_address>0xffea</run_address>
         <size>0x2</size>
         <input_file_ref idref="fl-4"/>
      </object_component>
      <object_component id="oc-44">
         <name>.int06</name>
         <load_address>0xffec</load_address>
         <run_address>0xffec</run_address>
         <size>0x2</size>
         <input_file_ref idref="fl-31"/>
      </object_component>
      <object_component id="oc-45">
         <name>.int07</name>
         <load_address>0xffee</load_address>
         <run_address>0xffee</run_address>
         <size>0x2</size>
         <input_file_ref idref="fl-32"/>
      </object_component>
      <object_component id="oc-46">
         <name>.int08</name>
         <load_address>0xfff0</load_address>
         <run_address>0xfff0</run_address>
         <size>0x2</size>
         <input_file_ref idref="fl-33"/>
      </object_component>
      <object_component id="oc-47">
         <name>.int09</name>
         <load_address>0xfff2</load_address>
         <run_address>0xfff2</run_address>
         <size>0x2</size>
         <input_file_ref idref="fl-4"/>
      </object_component>
      <object_component id="oc-48">
         <name>.int10</name>
         <load_address>0xfff4</load_address>
         <run_address>0xfff4</run_address>
         <size>0x2</size>
         <input_file_ref idref="fl-34"/>
      </object_component>
      <object_component id="oc-49">
         <name>.int11</name>
         <load_address>0xfff6</load_address>
         <run_address>0xfff6</run_address>
         <size>0x2</size>
         <input_file_ref idref="fl-35"/>
      </object_component>
      <object_component id="oc-4a">
         <name>.int12</name>
         <load_address>0xfff8</load_address>
         <run_address>0xfff8</run_address>
         <size>0x2</size>
         <input_file_ref idref="fl-36"/>
      </object_component>
      <object_component id="oc-4b">
         <name>.int13</name>
         <load_address>0xfffa</load_address>
         <run_address>0xfffa</run_address>
         <size>0x2</size>
         <input_file_ref idref="fl-4"/>
      </object_component>
      <object_component id="oc-4c">
         <name>.int14</name>
         <load_address>0xfffc</load_address>
         <run_address>0xfffc</run_address>
         <size>0x2</size>
         <input_file_ref idref="fl-37"/>
      </object_component>
      <object_component id="oc-b4">
         <name>.reset</name>
         <load_address>0xfffe</load_address>
         <run_address>0xfffe</run_address>
         <size>0x2</size>
         <input_file_ref idref="fl-3e"/>
      </object_component>
      <object_component id="oc-2ce">
         <name>.debug_info</name>
         <load_address>0x0</load_address>
         <run_address>0x0</run_address>
         <size>0x4b1</size>
         <input_file_ref idref="fl-2"/>
      </object_component>
      <object_component id="oc-1ae">
         <name>.debug_info</name>
         <load_address>0x4b1</load_address>
         <run_address>0x4b1</run_address>
         <size>0x11b</size>
         <input_file_ref idref="fl-2"/>
      </object_component>
      <object_component id="oc-406">
         <name>.debug_info</name>
         <load_address>0x5cc</load_address>
         <run_address>0x5cc</run_address>
         <size>0xfc</size>
         <input_file_ref idref="fl-2"/>
      </object_component>
      <object_component id="oc-1a7">
         <name>.debug_info</name>
         <load_address>0x6c8</load_address>
         <run_address>0x6c8</run_address>
         <size>0x1fa</size>
         <input_file_ref idref="fl-2"/>
      </object_component>
      <object_component id="oc-2d6">
         <name>.debug_info</name>
         <load_address>0x8c2</load_address>
         <run_address>0x8c2</run_address>
         <size>0x2d1</size>
         <input_file_ref idref="fl-2"/>
      </object_component>
      <object_component id="oc-2f7">
         <name>.debug_info</name>
         <load_address>0xb93</load_address>
         <run_address>0xb93</run_address>
         <size>0x290</size>
         <input_file_ref idref="fl-2"/>
      </object_component>
      <object_component id="oc-2e5">
         <name>.debug_info</name>
         <load_address>0xe23</load_address>
         <run_address>0xe23</run_address>
         <size>0x3fc</size>
         <input_file_ref idref="fl-2"/>
      </object_component>
      <object_component id="oc-2df">
         <name>.debug_info</name>
         <load_address>0x121f</load_address>
         <run_address>0x121f</run_address>
         <size>0x274</size>
         <input_file_ref idref="fl-2"/>
      </object_component>
      <object_component id="oc-2f1">
         <name>.debug_info</name>
         <load_address>0x1493</load_address>
         <run_address>0x1493</run_address>
         <size>0x29a</size>
         <input_file_ref idref="fl-2"/>
      </object_component>
      <object_component id="oc-2eb">
         <name>.debug_info</name>
         <load_address>0x172d</load_address>
         <run_address>0x172d</run_address>
         <size>0x29a</size>
         <input_file_ref idref="fl-2"/>
      </object_component>
      <object_component id="oc-1a1">
         <name>.debug_info</name>
         <load_address>0x19c7</load_address>
         <run_address>0x19c7</run_address>
         <size>0x393</size>
         <input_file_ref idref="fl-2"/>
      </object_component>
      <object_component id="oc-303">
         <name>.debug_info</name>
         <load_address>0x1d5a</load_address>
         <run_address>0x1d5a</run_address>
         <size>0x19b</size>
         <input_file_ref idref="fl-2"/>
      </object_component>
      <object_component id="oc-2fd">
         <name>.debug_info</name>
         <load_address>0x1ef5</load_address>
         <run_address>0x1ef5</run_address>
         <size>0x226</size>
         <input_file_ref idref="fl-2"/>
      </object_component>
      <object_component id="oc-309">
         <name>.debug_info</name>
         <load_address>0x211b</load_address>
         <run_address>0x211b</run_address>
         <size>0x22e</size>
         <input_file_ref idref="fl-2"/>
      </object_component>
      <object_component id="oc-2ac">
         <name>.debug_info</name>
         <load_address>0x2349</load_address>
         <run_address>0x2349</run_address>
         <size>0x26b</size>
         <input_file_ref idref="fl-2"/>
      </object_component>
      <object_component id="oc-261">
         <name>.debug_info</name>
         <load_address>0x25b4</load_address>
         <run_address>0x25b4</run_address>
         <size>0x40a</size>
         <input_file_ref idref="fl-2"/>
      </object_component>
      <object_component id="oc-ca">
         <name>.debug_info</name>
         <load_address>0x29be</load_address>
         <run_address>0x29be</run_address>
         <size>0x84</size>
         <input_file_ref idref="fl-2"/>
      </object_component>
      <object_component id="oc-3e5">
         <name>.debug_info</name>
         <load_address>0x2a42</load_address>
         <run_address>0x2a42</run_address>
         <size>0x282</size>
         <input_file_ref idref="fl-2"/>
      </object_component>
      <object_component id="oc-2a7">
         <name>.debug_info</name>
         <load_address>0x2cc4</load_address>
         <run_address>0x2cc4</run_address>
         <size>0xbb</size>
         <input_file_ref idref="fl-2"/>
      </object_component>
      <object_component id="oc-3ef">
         <name>.debug_info</name>
         <load_address>0x2d7f</load_address>
         <run_address>0x2d7f</run_address>
         <size>0x3f5</size>
         <input_file_ref idref="fl-3"/>
      </object_component>
      <object_component id="oc-2c8">
         <name>.debug_info</name>
         <load_address>0x3174</load_address>
         <run_address>0x3174</run_address>
         <size>0x1af</size>
         <input_file_ref idref="fl-3"/>
      </object_component>
      <object_component id="oc-2c2">
         <name>.debug_info</name>
         <load_address>0x3323</load_address>
         <run_address>0x3323</run_address>
         <size>0x1c1</size>
         <input_file_ref idref="fl-3"/>
      </object_component>
      <object_component id="oc-2bf">
         <name>.debug_info</name>
         <load_address>0x34e4</load_address>
         <run_address>0x34e4</run_address>
         <size>0x189</size>
         <input_file_ref idref="fl-3"/>
      </object_component>
      <object_component id="oc-2b8">
         <name>.debug_info</name>
         <load_address>0x366d</load_address>
         <run_address>0x366d</run_address>
         <size>0x18b</size>
         <input_file_ref idref="fl-3"/>
      </object_component>
      <object_component id="oc-189">
         <name>.debug_info</name>
         <load_address>0x37f8</load_address>
         <run_address>0x37f8</run_address>
         <size>0xde4</size>
         <input_file_ref idref="fl-4"/>
      </object_component>
      <object_component id="oc-14b">
         <name>.debug_info</name>
         <load_address>0x45dc</load_address>
         <run_address>0x45dc</run_address>
         <size>0x1f9</size>
         <input_file_ref idref="fl-4"/>
      </object_component>
      <object_component id="oc-1c0">
         <name>.debug_info</name>
         <load_address>0x47d5</load_address>
         <run_address>0x47d5</run_address>
         <size>0xee</size>
         <input_file_ref idref="fl-4"/>
      </object_component>
      <object_component id="oc-1c3">
         <name>.debug_info</name>
         <load_address>0x48c3</load_address>
         <run_address>0x48c3</run_address>
         <size>0xee</size>
         <input_file_ref idref="fl-4"/>
      </object_component>
      <object_component id="oc-1c6">
         <name>.debug_info</name>
         <load_address>0x49b1</load_address>
         <run_address>0x49b1</run_address>
         <size>0xee</size>
         <input_file_ref idref="fl-4"/>
      </object_component>
      <object_component id="oc-1c9">
         <name>.debug_info</name>
         <load_address>0x4a9f</load_address>
         <run_address>0x4a9f</run_address>
         <size>0xee</size>
         <input_file_ref idref="fl-4"/>
      </object_component>
      <object_component id="oc-1cc">
         <name>.debug_info</name>
         <load_address>0x4b8d</load_address>
         <run_address>0x4b8d</run_address>
         <size>0xee</size>
         <input_file_ref idref="fl-4"/>
      </object_component>
      <object_component id="oc-1cf">
         <name>.debug_info</name>
         <load_address>0x4c7b</load_address>
         <run_address>0x4c7b</run_address>
         <size>0xee</size>
         <input_file_ref idref="fl-4"/>
      </object_component>
      <object_component id="oc-1d2">
         <name>.debug_info</name>
         <load_address>0x4d69</load_address>
         <run_address>0x4d69</run_address>
         <size>0xee</size>
         <input_file_ref idref="fl-4"/>
      </object_component>
      <object_component id="oc-21d">
         <name>.debug_info</name>
         <load_address>0x4e57</load_address>
         <run_address>0x4e57</run_address>
         <size>0xef</size>
         <input_file_ref idref="fl-4"/>
      </object_component>
      <object_component id="oc-226">
         <name>.debug_info</name>
         <load_address>0x4f46</load_address>
         <run_address>0x4f46</run_address>
         <size>0xef</size>
         <input_file_ref idref="fl-4"/>
      </object_component>
      <object_component id="oc-22a">
         <name>.debug_info</name>
         <load_address>0x5035</load_address>
         <run_address>0x5035</run_address>
         <size>0xf3</size>
         <input_file_ref idref="fl-4"/>
      </object_component>
      <object_component id="oc-234">
         <name>.debug_info</name>
         <load_address>0x5128</load_address>
         <run_address>0x5128</run_address>
         <size>0xf3</size>
         <input_file_ref idref="fl-4"/>
      </object_component>
      <object_component id="oc-1f4">
         <name>.debug_info</name>
         <load_address>0x521b</load_address>
         <run_address>0x521b</run_address>
         <size>0xf3</size>
         <input_file_ref idref="fl-4"/>
      </object_component>
      <object_component id="oc-1f7">
         <name>.debug_info</name>
         <load_address>0x530e</load_address>
         <run_address>0x530e</run_address>
         <size>0xf3</size>
         <input_file_ref idref="fl-4"/>
      </object_component>
      <object_component id="oc-1fa">
         <name>.debug_info</name>
         <load_address>0x5401</load_address>
         <run_address>0x5401</run_address>
         <size>0xf3</size>
         <input_file_ref idref="fl-4"/>
      </object_component>
      <object_component id="oc-217">
         <name>.debug_info</name>
         <load_address>0x54f4</load_address>
         <run_address>0x54f4</run_address>
         <size>0xf3</size>
         <input_file_ref idref="fl-4"/>
      </object_component>
      <object_component id="oc-21a">
         <name>.debug_info</name>
         <load_address>0x55e7</load_address>
         <run_address>0x55e7</run_address>
         <size>0xf3</size>
         <input_file_ref idref="fl-4"/>
      </object_component>
      <object_component id="oc-211">
         <name>.debug_info</name>
         <load_address>0x56da</load_address>
         <run_address>0x56da</run_address>
         <size>0xf3</size>
         <input_file_ref idref="fl-4"/>
      </object_component>
      <object_component id="oc-214">
         <name>.debug_info</name>
         <load_address>0x57cd</load_address>
         <run_address>0x57cd</run_address>
         <size>0xf3</size>
         <input_file_ref idref="fl-4"/>
      </object_component>
      <object_component id="oc-20b">
         <name>.debug_info</name>
         <load_address>0x58c0</load_address>
         <run_address>0x58c0</run_address>
         <size>0xf3</size>
         <input_file_ref idref="fl-4"/>
      </object_component>
      <object_component id="oc-20e">
         <name>.debug_info</name>
         <load_address>0x59b3</load_address>
         <run_address>0x59b3</run_address>
         <size>0xf3</size>
         <input_file_ref idref="fl-4"/>
      </object_component>
      <object_component id="oc-255">
         <name>.debug_info</name>
         <load_address>0x5aa6</load_address>
         <run_address>0x5aa6</run_address>
         <size>0xf3</size>
         <input_file_ref idref="fl-4"/>
      </object_component>
      <object_component id="oc-258">
         <name>.debug_info</name>
         <load_address>0x5b99</load_address>
         <run_address>0x5b99</run_address>
         <size>0xf3</size>
         <input_file_ref idref="fl-4"/>
      </object_component>
      <object_component id="oc-24f">
         <name>.debug_info</name>
         <load_address>0x5c8c</load_address>
         <run_address>0x5c8c</run_address>
         <size>0xf3</size>
         <input_file_ref idref="fl-4"/>
      </object_component>
      <object_component id="oc-252">
         <name>.debug_info</name>
         <load_address>0x5d7f</load_address>
         <run_address>0x5d7f</run_address>
         <size>0xf3</size>
         <input_file_ref idref="fl-4"/>
      </object_component>
      <object_component id="oc-249">
         <name>.debug_info</name>
         <load_address>0x5e72</load_address>
         <run_address>0x5e72</run_address>
         <size>0xf3</size>
         <input_file_ref idref="fl-4"/>
      </object_component>
      <object_component id="oc-24c">
         <name>.debug_info</name>
         <load_address>0x5f65</load_address>
         <run_address>0x5f65</run_address>
         <size>0xf3</size>
         <input_file_ref idref="fl-4"/>
      </object_component>
      <object_component id="oc-243">
         <name>.debug_info</name>
         <load_address>0x6058</load_address>
         <run_address>0x6058</run_address>
         <size>0xf3</size>
         <input_file_ref idref="fl-4"/>
      </object_component>
      <object_component id="oc-246">
         <name>.debug_info</name>
         <load_address>0x614b</load_address>
         <run_address>0x614b</run_address>
         <size>0xf3</size>
         <input_file_ref idref="fl-4"/>
      </object_component>
      <object_component id="oc-23d">
         <name>.debug_info</name>
         <load_address>0x623e</load_address>
         <run_address>0x623e</run_address>
         <size>0xf3</size>
         <input_file_ref idref="fl-4"/>
      </object_component>
      <object_component id="oc-240">
         <name>.debug_info</name>
         <load_address>0x6331</load_address>
         <run_address>0x6331</run_address>
         <size>0xf3</size>
         <input_file_ref idref="fl-4"/>
      </object_component>
      <object_component id="oc-237">
         <name>.debug_info</name>
         <load_address>0x6424</load_address>
         <run_address>0x6424</run_address>
         <size>0xf3</size>
         <input_file_ref idref="fl-4"/>
      </object_component>
      <object_component id="oc-23a">
         <name>.debug_info</name>
         <load_address>0x6517</load_address>
         <run_address>0x6517</run_address>
         <size>0xf3</size>
         <input_file_ref idref="fl-4"/>
      </object_component>
      <object_component id="oc-18f">
         <name>.debug_info</name>
         <load_address>0x660a</load_address>
         <run_address>0x660a</run_address>
         <size>0x149</size>
         <input_file_ref idref="fl-4"/>
      </object_component>
      <object_component id="oc-19c">
         <name>.debug_info</name>
         <load_address>0x6753</load_address>
         <run_address>0x6753</run_address>
         <size>0x15f</size>
         <input_file_ref idref="fl-4"/>
      </object_component>
      <object_component id="oc-1db">
         <name>.debug_info</name>
         <load_address>0x68b2</load_address>
         <run_address>0x68b2</run_address>
         <size>0x155</size>
         <input_file_ref idref="fl-4"/>
      </object_component>
      <object_component id="oc-22e">
         <name>.debug_info</name>
         <load_address>0x6a07</load_address>
         <run_address>0x6a07</run_address>
         <size>0x16a</size>
         <input_file_ref idref="fl-4"/>
      </object_component>
      <object_component id="oc-15e">
         <name>.debug_info</name>
         <load_address>0x6b71</load_address>
         <run_address>0x6b71</run_address>
         <size>0xf0b</size>
         <input_file_ref idref="fl-4"/>
      </object_component>
      <object_component id="oc-ee">
         <name>.debug_info</name>
         <load_address>0x7a7c</load_address>
         <run_address>0x7a7c</run_address>
         <size>0x139</size>
         <input_file_ref idref="fl-4"/>
      </object_component>
      <object_component id="oc-e9">
         <name>.debug_info</name>
         <load_address>0x7bb5</load_address>
         <run_address>0x7bb5</run_address>
         <size>0x145</size>
         <input_file_ref idref="fl-4"/>
      </object_component>
      <object_component id="oc-e3">
         <name>.debug_info</name>
         <load_address>0x7cfa</load_address>
         <run_address>0x7cfa</run_address>
         <size>0x13b</size>
         <input_file_ref idref="fl-4"/>
      </object_component>
      <object_component id="oc-184">
         <name>.debug_info</name>
         <load_address>0x7e35</load_address>
         <run_address>0x7e35</run_address>
         <size>0x8b</size>
         <input_file_ref idref="fl-4"/>
      </object_component>
      <object_component id="oc-432">
         <name>.debug_info</name>
         <load_address>0x7ec0</load_address>
         <run_address>0x7ec0</run_address>
         <size>0x2c</size>
         <input_file_ref idref="fl-4"/>
      </object_component>
      <object_component id="oc-2b3">
         <name>.debug_info</name>
         <load_address>0x7eec</load_address>
         <run_address>0x7eec</run_address>
         <size>0x226</size>
         <input_file_ref idref="fl-5"/>
      </object_component>
      <object_component id="oc-195">
         <name>.debug_info</name>
         <load_address>0x8112</load_address>
         <run_address>0x8112</run_address>
         <size>0x142</size>
         <input_file_ref idref="fl-5"/>
      </object_component>
      <object_component id="oc-37c">
         <name>.debug_info</name>
         <load_address>0x8254</load_address>
         <run_address>0x8254</run_address>
         <size>0x2e9</size>
         <input_file_ref idref="fl-c"/>
      </object_component>
      <object_component id="oc-206">
         <name>.debug_info</name>
         <load_address>0x853d</load_address>
         <run_address>0x853d</run_address>
         <size>0x25f</size>
         <input_file_ref idref="fl-c"/>
      </object_component>
      <object_component id="oc-32f">
         <name>.debug_info</name>
         <load_address>0x879c</load_address>
         <run_address>0x879c</run_address>
         <size>0x40a</size>
         <input_file_ref idref="fl-c"/>
      </object_component>
      <object_component id="oc-34e">
         <name>.debug_info</name>
         <load_address>0x8ba6</load_address>
         <run_address>0x8ba6</run_address>
         <size>0x18b</size>
         <input_file_ref idref="fl-c"/>
      </object_component>
      <object_component id="oc-311">
         <name>.debug_info</name>
         <load_address>0x8d31</load_address>
         <run_address>0x8d31</run_address>
         <size>0x3b8</size>
         <input_file_ref idref="fl-d"/>
      </object_component>
      <object_component id="oc-1b2">
         <name>.debug_info</name>
         <load_address>0x90e9</load_address>
         <run_address>0x90e9</run_address>
         <size>0x17b</size>
         <input_file_ref idref="fl-d"/>
      </object_component>
      <object_component id="oc-25c">
         <name>.debug_info</name>
         <load_address>0x9264</load_address>
         <run_address>0x9264</run_address>
         <size>0x1a2</size>
         <input_file_ref idref="fl-d"/>
      </object_component>
      <object_component id="oc-1bb">
         <name>.debug_info</name>
         <load_address>0x9406</load_address>
         <run_address>0x9406</run_address>
         <size>0x159</size>
         <input_file_ref idref="fl-d"/>
      </object_component>
      <object_component id="oc-1ef">
         <name>.debug_info</name>
         <load_address>0x955f</load_address>
         <run_address>0x955f</run_address>
         <size>0x195</size>
         <input_file_ref idref="fl-d"/>
      </object_component>
      <object_component id="oc-1e8">
         <name>.debug_info</name>
         <load_address>0x96f4</load_address>
         <run_address>0x96f4</run_address>
         <size>0x177</size>
         <input_file_ref idref="fl-d"/>
      </object_component>
      <object_component id="oc-410">
         <name>.debug_info</name>
         <load_address>0x986b</load_address>
         <run_address>0x986b</run_address>
         <size>0x258</size>
         <input_file_ref idref="fl-e"/>
      </object_component>
      <object_component id="oc-348">
         <name>.debug_info</name>
         <load_address>0x9ac3</load_address>
         <run_address>0x9ac3</run_address>
         <size>0x18b</size>
         <input_file_ref idref="fl-e"/>
      </object_component>
      <object_component id="oc-416">
         <name>.debug_info</name>
         <load_address>0x9c4e</load_address>
         <run_address>0x9c4e</run_address>
         <size>0x1c5</size>
         <input_file_ref idref="fl-e"/>
      </object_component>
      <object_component id="oc-442">
         <name>.debug_info</name>
         <load_address>0x9e13</load_address>
         <run_address>0x9e13</run_address>
         <size>0x1bc</size>
         <input_file_ref idref="fl-e"/>
      </object_component>
      <object_component id="oc-328">
         <name>.debug_info</name>
         <load_address>0x9fcf</load_address>
         <run_address>0x9fcf</run_address>
         <size>0x18e</size>
         <input_file_ref idref="fl-e"/>
      </object_component>
      <object_component id="oc-35b">
         <name>.debug_info</name>
         <load_address>0xa15d</load_address>
         <run_address>0xa15d</run_address>
         <size>0x183</size>
         <input_file_ref idref="fl-e"/>
      </object_component>
      <object_component id="oc-355">
         <name>.debug_info</name>
         <load_address>0xa2e0</load_address>
         <run_address>0xa2e0</run_address>
         <size>0x17b</size>
         <input_file_ref idref="fl-e"/>
      </object_component>
      <object_component id="oc-317">
         <name>.debug_info</name>
         <load_address>0xa45b</load_address>
         <run_address>0xa45b</run_address>
         <size>0x1f8</size>
         <input_file_ref idref="fl-f"/>
      </object_component>
      <object_component id="oc-313">
         <name>.debug_info</name>
         <load_address>0xa653</load_address>
         <run_address>0xa653</run_address>
         <size>0xdc</size>
         <input_file_ref idref="fl-f"/>
      </object_component>
      <object_component id="oc-1b7">
         <name>.debug_info</name>
         <load_address>0xa72f</load_address>
         <run_address>0xa72f</run_address>
         <size>0xd9</size>
         <input_file_ref idref="fl-f"/>
      </object_component>
      <object_component id="oc-41c">
         <name>.debug_info</name>
         <load_address>0xa808</load_address>
         <run_address>0xa808</run_address>
         <size>0x398</size>
         <input_file_ref idref="fl-10"/>
      </object_component>
      <object_component id="oc-341">
         <name>.debug_info</name>
         <load_address>0xaba0</load_address>
         <run_address>0xaba0</run_address>
         <size>0x1da</size>
         <input_file_ref idref="fl-10"/>
      </object_component>
      <object_component id="oc-38d">
         <name>.debug_info</name>
         <load_address>0xad7a</load_address>
         <run_address>0xad7a</run_address>
         <size>0x1dd</size>
         <input_file_ref idref="fl-10"/>
      </object_component>
      <object_component id="oc-32e">
         <name>.debug_info</name>
         <load_address>0xaf57</load_address>
         <run_address>0xaf57</run_address>
         <size>0x352</size>
         <input_file_ref idref="fl-11"/>
      </object_component>
      <object_component id="oc-220">
         <name>.debug_info</name>
         <load_address>0xb2a9</load_address>
         <run_address>0xb2a9</run_address>
         <size>0x1dd</size>
         <input_file_ref idref="fl-11"/>
      </object_component>
      <object_component id="oc-1d7">
         <name>.debug_info</name>
         <load_address>0xb486</load_address>
         <run_address>0xb486</run_address>
         <size>0x1b1</size>
         <input_file_ref idref="fl-11"/>
      </object_component>
      <object_component id="oc-34d">
         <name>.debug_info</name>
         <load_address>0xb637</load_address>
[...]
      </symbol>
      <symbol id="sm-318">
         <name>modo</name>
         <value>0x232</value>
         <object_component_ref idref="oc-14a"/>
      </symbol>
      <symbol id="sm-319">
         <name>TIMER0_A0_ISR_HOOK</name>
         <value>0xe15e</value>
         <object_component_ref idref="oc-e7"/>
      </symbol>
      <symbol id="sm-31a">
         <name>ConvertidorAD</name>
         <value>0xe912</value>
         <object_component_ref idref="oc-e1"/>
      </symbol>
      <symbol id="sm-32a">
         <name>UARTinit</name>
         <value>0xe322</value>
         <object_component_ref idref="oc-194"/>
      </symbol>
      <symbol id="sm-366">
         <name>Graphics_fillCircle</name>
         <value>0xd32c</value>
         <object_component_ref idref="oc-204"/>
      </symbol>
      <symbol id="sm-38e">
         <name>Graphics_setBackgroundColor</name>
         <value>0xe7cc</value>
         <object_component_ref idref="oc-25a"/>
      </symbol>
      <symbol id="sm-38f">
         <name>Graphics_setFont</name>
         <value>0xe92a</value>
         <object_component_ref idref="oc-1b9"/>
      </symbol>
      <symbol id="sm-390">
         <name>Graphics_initContext</name>
         <value>0xe52c</value>
         <object_component_ref idref="oc-1b0"/>
      </symbol>
      <symbol id="sm-391">
         <name>Graphics_setForegroundColor</name>
         <value>0xe7e4</value>
         <object_component_ref idref="oc-1ed"/>
      </symbol>
      <symbol id="sm-392">
         <name>Graphics_clearDisplay</name>
         <value>0xe8b4</value>
         <object_component_ref idref="oc-1e7"/>
      </symbol>
      <symbol id="sm-3c1">
         <name>Graphics_clearDisplayOnDisplay</name>
         <value>0xe8e2</value>
         <object_component_ref idref="oc-353"/>
      </symbol>
      <symbol id="sm-3c2">
         <name>Graphics_drawPixelOnDisplay</name>
         <value>0xe8ee</value>
         <object_component_ref idref="oc-346"/>
      </symbol>
      <symbol id="sm-3c3">
         <name>Graphics_translateColorOnDisplay</name>
         <value>0xe906</value>
         <object_component_ref idref="oc-35a"/>
      </symbol>
      <symbol id="sm-3c4">
         <name>Graphics_drawHorizontalLineOnDisplay</name>
         <value>0xe79c</value>
         <object_component_ref idref="oc-415"/>
      </symbol>
      <symbol id="sm-3c5">
         <name>Graphics_drawVerticalLineOnDisplay</name>
         <value>0xe7b4</value>
         <object_component_ref idref="oc-440"/>
      </symbol>
      <symbol id="sm-3c6">
         <name>Graphics_fillRectangleOnDisplay</name>
         <value>0xe8fa</value>
         <object_component_ref idref="oc-327"/>
      </symbol>
      <symbol id="sm-3d6">
         <name>g_sFontCm16b</name>
         <value>0xf094</value>
         <object_component_ref idref="oc-1b6"/>
      </symbol>
      <symbol id="sm-3ff">
         <name>Graphics_drawLineH</name>
         <value>0xdc38</value>
         <object_component_ref idref="oc-340"/>
      </symbol>
      <symbol id="sm-400">
         <name>Graphics_drawLineV</name>
         <value>0xdd16</value>
         <object_component_ref idref="oc-38b"/>
      </symbol>
      <symbol id="sm-41d">
         <name>Graphics_drawRectangle</name>
         <value>0xda46</value>
         <object_component_ref idref="oc-21f"/>
      </symbol>
      <symbol id="sm-41e">
         <name>Graphics_fillRectangle</name>
         <value>0xdf72</value>
         <object_component_ref idref="oc-1d4"/>
      </symbol>
      <symbol id="sm-474">
         <name>Graphics_drawString</name>
         <value>0xcb72</value>
         <object_component_ref idref="oc-1e1"/>
      </symbol>
      <symbol id="sm-495">
         <name>sprintf</name>
         <value>0xe5e6</value>
         <object_component_ref idref="oc-1fc"/>
      </symbol>
      <symbol id="sm-49d">
         <name>__mspabi_srai</name>
         <value>0xe6a6</value>
         <object_component_ref idref="oc-335"/>
      </symbol>
      <symbol id="sm-49e">
         <name>__mspabi_srai_8</name>
         <value>0xe6c0</value>
         <object_component_ref idref="oc-335"/>
      </symbol>
      <symbol id="sm-49f">
         <name>__mspabi_srai_9</name>
         <value>0xe6be</value>
         <object_component_ref idref="oc-335"/>
      </symbol>
      <symbol id="sm-4a0">
         <name>__mspabi_srai_6</name>
         <value>0xe6c4</value>
         <object_component_ref idref="oc-335"/>
      </symbol>
      <symbol id="sm-4a1">
         <name>__mspabi_srai_7</name>
         <value>0xe6c2</value>
         <object_component_ref idref="oc-335"/>
      </symbol>
      <symbol id="sm-4a2">
         <name>__mspabi_srai_4</name>
         <value>0xe6c8</value>
         <object_component_ref idref="oc-335"/>
      </symbol>
      <symbol id="sm-4a3">
         <name>__mspabi_srai_5</name>
         <value>0xe6c6</value>
         <object_component_ref idref="oc-335"/>
      </symbol>
      <symbol id="sm-4a4">
         <name>__mspabi_srai_2</name>
         <value>0xe6cc</value>
         <object_component_ref idref="oc-335"/>
      </symbol>
      <symbol id="sm-4a5">
         <name>__mspabi_srai_3</name>
         <value>0xe6ca</value>
         <object_component_ref idref="oc-335"/>
      </symbol>
      <symbol id="sm-4a6">
         <name>__mspabi_srai_1</name>
         <value>0xe6ce</value>
         <object_component_ref idref="oc-335"/>
      </symbol>
      <symbol id="sm-4a7">
         <name>__mspabi_srai_15</name>
         <value>0xe6b2</value>
         <object_component_ref idref="oc-335"/>
      </symbol>
      <symbol id="sm-4a8">
         <name>__mspabi_srai_14</name>
         <value>0xe6b4</value>
         <object_component_ref idref="oc-335"/>
      </symbol>
      <symbol id="sm-4a9">
         <name>__mspabi_srai_13</name>
         <value>0xe6b6</value>
         <object_component_ref idref="oc-335"/>
      </symbol>
      <symbol id="sm-4aa">
         <name>__mspabi_srai_12</name>
         <value>0xe6b8</value>
         <object_component_ref idref="oc-335"/>
      </symbol>
      <symbol id="sm-4ab">
         <name>__mspabi_srai_11</name>
         <value>0xe6ba</value>
         <object_component_ref idref="oc-335"/>
      </symbol>
      <symbol id="sm-4ac">
         <name>__mspabi_srai_10</name>
         <value>0xe6bc</value>
         <object_component_ref idref="oc-335"/>
      </symbol>
      <symbol id="sm-4b6">
         <name>__mspabi_remu</name>
         <value>0xe82c</value>
         <object_component_ref idref="oc-4ad"/>
      </symbol>
      <symbol id="sm-4b7">
         <name>__mspabi_divu</name>
         <value>0xe82c</value>
         <object_component_ref idref="oc-4ad"/>
      </symbol>
      <symbol id="sm-4c2">
         <name>__mspabi_func_epilog_2</name>
         <value>0xe8ce</value>
         <object_component_ref idref="oc-bf"/>
      </symbol>
      <symbol id="sm-4c3">
         <name>__mspabi_func_epilog_3</name>
         <value>0xe8cc</value>
         <object_component_ref idref="oc-bf"/>
      </symbol>
      <symbol id="sm-4c4">
         <name>__mspabi_func_epilog_1</name>
         <value>0xe8d0</value>
         <object_component_ref idref="oc-bf"/>
      </symbol>
      <symbol id="sm-4c5">
         <name>__mspabi_func_epilog_6</name>
         <value>0xe8c6</value>
         <object_component_ref idref="oc-bf"/>
      </symbol>
      <symbol id="sm-4c6">
         <name>__mspabi_func_epilog_7</name>
         <value>0xe8c4</value>
         <object_component_ref idref="oc-bf"/>
      </symbol>
      <symbol id="sm-4c7">
         <name>__mspabi_func_epilog_4</name>
         <value>0xe8ca</value>
         <object_component_ref idref="oc-bf"/>
      </symbol>
      <symbol id="sm-4c8">
         <name>__mspabi_func_epilog_5</name>
         <value>0xe8c8</value>
         <object_component_ref idref="oc-bf"/>
      </symbol>
      <symbol id="sm-4cb">
         <name>__TI_int00</name>
         <value>0xffe0</value>
         <object_component_ref idref="oc-40"/>
      </symbol>
      <symbol id="sm-4ce">
         <name>__TI_int02</name>
         <value>0xffe4</value>
         <object_component_ref idref="oc-41"/>
      </symbol>
      <symbol id="sm-4d1">
         <name>__TI_int03</name>
         <value>0xffe6</value>
         <object_component_ref idref="oc-42"/>
      </symbol>
      <symbol id="sm-4d4">
         <name>__TI_int06</name>
         <value>0xffec</value>
         <object_component_ref idref="oc-44"/>
      </symbol>
      <symbol id="sm-4d7">
         <name>__TI_int07</name>
         <value>0xffee</value>
         <object_component_ref idref="oc-45"/>
      </symbol>
      <symbol id="sm-4da">
         <name>__TI_int08</name>
         <value>0xfff0</value>
         <object_component_ref idref="oc-46"/>
      </symbol>
      <symbol id="sm-4dd">
         <name>__TI_int10</name>
         <value>0xfff4</value>
         <object_component_ref idref="oc-48"/>
      </symbol>
      <symbol id="sm-4e0">
         <name>__TI_int11</name>
         <value>0xfff6</value>
         <object_component_ref idref="oc-49"/>
      </symbol>
      <symbol id="sm-4e3">
         <name>__TI_int12</name>
         <value>0xfff8</value>
         <object_component_ref idref="oc-4a"/>
      </symbol>
      <symbol id="sm-4e6">
         <name>__TI_int14</name>
         <value>0xfffc</value>
         <object_component_ref idref="oc-4c"/>
      </symbol>
      <symbol id="sm-4ee">
         <name>__TI_ISR_TRAP</name>
         <value>0xe922</value>
         <object_component_ref idref="oc-dc"/>
      </symbol>
      <symbol id="sm-4f6">
         <name>__mspabi_slli</name>
         <value>0xe6d2</value>
         <object_component_ref idref="oc-b5"/>
      </symbol>
      <symbol id="sm-4f7">
         <name>__mspabi_slli_9</name>
         <value>0xe6ea</value>
         <object_component_ref idref="oc-b5"/>
      </symbol>
      <symbol id="sm-4f8">
         <name>__mspabi_slli_8</name>
         <value>0xe6ec</value>
         <object_component_ref idref="oc-b5"/>
      </symbol>
      <symbol id="sm-4f9">
         <name>__mspabi_slli_7</name>
         <value>0xe6ee</value>
         <object_component_ref idref="oc-b5"/>
      </symbol>
      <symbol id="sm-4fa">
         <name>__mspabi_slli_6</name>
         <value>0xe6f0</value>
         <object_component_ref idref="oc-b5"/>
      </symbol>
      <symbol id="sm-4fb">
         <name>__mspabi_slli_5</name>
         <value>0xe6f2</value>
         <object_component_ref idref="oc-b5"/>
      </symbol>
      <symbol id="sm-4fc">
         <name>__mspabi_slli_4</name>
         <value>0xe6f4</value>
         <object_component_ref idref="oc-b5"/>
      </symbol>
      <symbol id="sm-4fd">
         <name>__mspabi_slli_3</name>
         <value>0xe6f6</value>
         <object_component_ref idref="oc-b5"/>
      </symbol>
      <symbol id="sm-4fe">
         <name>__mspabi_slli_2</name>
         <value>0xe6f8</value>
         <object_component_ref idref="oc-b5"/>
      </symbol>
      <symbol id="sm-4ff">
         <name>__mspabi_slli_1</name>
         <value>0xe6fa</value>
         <object_component_ref idref="oc-b5"/>
      </symbol>
      <symbol id="sm-500">
         <name>__mspabi_slli_15</name>
         <value>0xe6de</value>
         <object_component_ref idref="oc-b5"/>
      </symbol>
      <symbol id="sm-501">
         <name>__mspabi_slli_14</name>
         <value>0xe6e0</value>
         <object_component_ref idref="oc-b5"/>
      </symbol>
      <symbol id="sm-502">
         <name>__mspabi_slli_13</name>
         <value>0xe6e2</value>
         <object_component_ref idref="oc-b5"/>
      </symbol>
      <symbol id="sm-503">
         <name>__mspabi_slli_12</name>
         <value>0xe6e4</value>
         <object_component_ref idref="oc-b5"/>
      </symbol>
      <symbol id="sm-504">
         <name>__mspabi_slli_11</name>
         <value>0xe6e6</value>
         <object_component_ref idref="oc-b5"/>
      </symbol>
      <symbol id="sm-505">
         <name>__mspabi_slli_10</name>
         <value>0xe6e8</value>
         <object_component_ref idref="oc-b5"/>
      </symbol>
      <symbol id="sm-50d">
         <name>__mspabi_srli_8</name>
         <value>0xe3f4</value>
         <object_component_ref idref="oc-ba"/>
      </symbol>
      <symbol id="sm-50e">
         <name>__mspabi_srli_9</name>
         <value>0xe3f0</value>
         <object_component_ref idref="oc-ba"/>
      </symbol>
      <symbol id="sm-50f">
         <name>__mspabi_srli_6</name>
         <value>0xe3fc</value>
         <object_component_ref idref="oc-ba"/>
      </symbol>
      <symbol id="sm-510">
         <name>__mspabi_srli_7</name>
         <value>0xe3f8</value>
         <object_component_ref idref="oc-ba"/>
      </symbol>
      <symbol id="sm-511">
         <name>__mspabi_srli_4</name>
         <value>0xe404</value>
         <object_component_ref idref="oc-ba"/>
      </symbol>
      <symbol id="sm-512">
         <name>__mspabi_srli_5</name>
         <value>0xe400</value>
         <object_component_ref idref="oc-ba"/>
      </symbol>
      <symbol id="sm-513">
         <name>__mspabi_srli_2</name>
         <value>0xe40c</value>
         <object_component_ref idref="oc-ba"/>
      </symbol>
      <symbol id="sm-514">
         <name>__mspabi_srli_3</name>
         <value>0xe408</value>
         <object_component_ref idref="oc-ba"/>
      </symbol>
      <symbol id="sm-515">
         <name>__mspabi_srli_1</name>
         <value>0xe410</value>
         <object_component_ref idref="oc-ba"/>
      </symbol>
      <symbol id="sm-516">
         <name>__mspabi_srli</name>
         <value>0xe3ca</value>
         <object_component_ref idref="oc-ba"/>
      </symbol>
      <symbol id="sm-517">
         <name>__mspabi_srli_15</name>
         <value>0xe3d8</value>
         <object_component_ref idref="oc-ba"/>
      </symbol>
      <symbol id="sm-518">
         <name>__mspabi_srli_14</name>
         <value>0xe3dc</value>
         <object_component_ref idref="oc-ba"/>
      </symbol>
      <symbol id="sm-519">
         <name>__mspabi_srli_13</name>
         <value>0xe3e0</value>
         <object_component_ref idref="oc-ba"/>
      </symbol>
      <symbol id="sm-51a">
         <name>__mspabi_srli_12</name>
         <value>0xe3e4</value>
         <object_component_ref idref="oc-ba"/>
      </symbol>
      <symbol id="sm-51b">
         <name>__mspabi_srli_11</name>
         <value>0xe3e8</value>
         <object_component_ref idref="oc-ba"/>
      </symbol>
      <symbol id="sm-51c">
         <name>__mspabi_srli_10</name>
         <value>0xe3ec</value>
         <object_component_ref idref="oc-ba"/>
      </symbol>
      <symbol id="sm-524">
         <name>__mspabi_srll_8</name>
         <value>0xe2f0</value>
         <object_component_ref idref="oc-3fe"/>
      </symbol>
      <symbol id="sm-525">
         <name>__mspabi_srll_9</name>
         <value>0xe2ea</value>
         <object_component_ref idref="oc-3fe"/>
      </symbol>
      <symbol id="sm-526">
         <name>__mspabi_srll_6</name>
         <value>0xe2fc</value>
         <object_component_ref idref="oc-3fe"/>
      </symbol>
      <symbol id="sm-527">
         <name>__mspabi_srll_7</name>
         <value>0xe2f6</value>
         <object_component_ref idref="oc-3fe"/>
      </symbol>
      <symbol id="sm-528">
         <name>__mspabi_srll_4</name>
         <value>0xe308</value>
         <object_component_ref idref="oc-3fe"/>
      </symbol>
      <symbol id="sm-529">
         <name>__mspabi_srll_5</name>
         <value>0xe302</value>
         <object_component_ref idref="oc-3fe"/>
      </symbol>
      <symbol id="sm-52a">
         <name>__mspabi_srll_2</name>
         <value>0xe314</value>
         <object_component_ref idref="oc-3fe"/>
      </symbol>
      <symbol id="sm-52b">
         <name>__mspabi_srll_3</name>
         <value>0xe30e</value>
         <object_component_ref idref="oc-3fe"/>
      </symbol>
      <symbol id="sm-52c">
         <name>__mspabi_srll_1</name>
         <value>0xe31a</value>
         <object_component_ref idref="oc-3fe"/>
      </symbol>
      <symbol id="sm-52d">
         <name>__mspabi_srll_15</name>
         <value>0xe2c6</value>
         <object_component_ref idref="oc-3fe"/>
      </symbol>
      <symbol id="sm-52e">
         <name>__mspabi_srll_14</name>
         <value>0xe2cc</value>
         <object_component_ref idref="oc-3fe"/>
      </symbol>
      <symbol id="sm-52f">
         <name>__mspabi_srll_13</name>
         <value>0xe2d2</value>
         <object_component_ref idref="oc-3fe"/>
      </symbol>
      <symbol id="sm-530">
         <name>__mspabi_srll_12</name>
         <value>0xe2d8</value>
         <object_component_ref idref="oc-3fe"/>
      </symbol>
      <symbol id="sm-531">
         <name>__mspabi_srll_11</name>
         <value>0xe2de</value>
         <object_component_ref idref="oc-3fe"/>
      </symbol>
      <symbol id="sm-532">
         <name>__mspabi_srll_10</name>
         <value>0xe2e4</value>
         <object_component_ref idref="oc-3fe"/>
      </symbol>
      <symbol id="sm-53c">
         <name>__mspabi_mpyi_sw</name>
         <value>0xe86a</value>
         <object_component_ref idref="oc-3f8"/>
      </symbol>
      <symbol id="sm-53d">
         <name>__mspabi_mpyi</name>
         <value>0xe86a</value>
         <object_component_ref idref="oc-3f8"/>
      </symbol>
      <symbol id="sm-54e">
         <name>_stack</name>
         <value>0x3b0</value>
         <object_component_ref idref="oc-b1"/>
      </symbol>
      <symbol id="sm-54f">
         <name>_c_int00_noargs</name>
         <value>0xe766</value>
         <object_component_ref idref="oc-105"/>
      </symbol>
      <symbol id="sm-550">
         <name>_reset_vector</name>
         <value>0xfffe</value>
         <object_component_ref idref="oc-b4"/>
      </symbol>
      <symbol id="sm-572">
         <name>__TI_auto_init_nobinit_nopinit</name>
         <value>0xe4ea</value>
         <object_component_ref idref="oc-272"/>
      </symbol>
      <symbol id="sm-58a">
         <name>__TI_zero_init_nomemset</name>
         <value>0xe842</value>
         <object_component_ref idref="oc-f3"/>
      </symbol>
      <symbol id="sm-595">
         <name>_system_pre_init</name>
         <value>0xe936</value>
         <object_component_ref idref="oc-157"/>
      </symbol>
      <symbol id="sm-59e">
         <name>_system_post_cinit</name>
         <value>0xe93c</value>
         <object_component_ref idref="oc-3c4"/>
      </symbol>
      <symbol id="sm-5b4">
         <name>__TI_decompress_none</name>
         <value>0xe890</value>
         <object_component_ref idref="oc-3a"/>
      </symbol>
      <symbol id="sm-5d7">
         <name>__TI_decompress_lzss</name>
         <value>0xe1e6</value>
         <object_component_ref idref="oc-34"/>
      </symbol>
      <symbol id="sm-5e1">
         <name>C$$EXIT</name>
         <value>0xe930</value>
         <object_component_ref idref="oc-266"/>
      </symbol>
      <symbol id="sm-5e2">
         <name>abort</name>
         <value>0xe930</value>
         <object_component_ref idref="oc-266"/>
      </symbol>
      <symbol id="sm-5f2">
         <name>memcpy</name>
         <value>0xe8a2</value>
         <object_component_ref idref="oc-cf"/>
      </symbol>
      <symbol id="sm-64b">
         <name>__TI_printfi_minimal</name>
         <value>0xdb4c</value>
         <object_component_ref idref="oc-373"/>
      </symbol>
      <symbol id="sm-66a">
         <name>memccpy</name>
         <value>0xe724</value>
         <object_component_ref idref="oc-489"/>
      </symbol>
      <symbol id="sm-678">
         <name>memset</name>
         <value>0xe856</value>
         <object_component_ref idref="oc-47c"/>
      </symbol>
      <symbol id="sm-686">
         <name>strlen</name>
         <value>0xe8d4</value>
         <object_component_ref idref="oc-424"/>
      </symbol>
   </symbol_table>
   <title>Link successful</title>
</link_info>
