******************************************************************************
                  MSP430 Linker PC v21.6.0                     
******************************************************************************
>> Linked Fri Feb  3 20:55:48 2023

OUTPUT FILE NAME:   <caja_fuerte.out>
ENTRY POINT SYMBOL: "_c_int00_noargs"  address: 0000efd6


MEMORY CONFIGURATION

         name            origin    length      used     unused   attr    fill
----------------------  --------  ---------  --------  --------  ----  --------
  SFR                   00000000   00000010  00000000  00000010  RWIX
  PERIPHERALS_8BIT      00000010   000000f0  00000000  000000f0  RWIX
  PERIPHERALS_16BIT     00000100   00000100  00000000  00000100  RWIX
  RAM                   00000200   00000200  000000b6  0000014a  RWIX
  INFOD                 00001000   00000040  00000000  00000040  RWIX
  INFOC                 00001040   00000040  00000000  00000040  RWIX
  INFOB                 00001080   00000040  00000000  00000040  RWIX
  INFOA                 000010c0   00000040  00000000  00000040  RWIX
  FLASH                 0000c000   00003fde  000031ac  00000e32  RWIX
  BSLSIGNATURE          0000ffde   00000002  00000002  00000000  RWIX  ffff 
  INT00                 0000ffe0   00000002  00000002  00000000  RWIX
  INT01                 0000ffe2   00000002  00000000  00000002  RWIX
  INT02                 0000ffe4   00000002  00000002  00000000  RWIX
  INT03                 0000ffe6   00000002  00000002  00000000  RWIX
  INT04                 0000ffe8   00000002  00000000  00000002  RWIX
  INT05                 0000ffea   00000002  00000002  00000000  RWIX
  INT06                 0000ffec   00000002  00000002  00000000  RWIX
  INT07                 0000ffee   00000002  00000002  00000000  RWIX
  INT08                 0000fff0   00000002  00000002  00000000  RWIX
  INT09                 0000fff2   00000002  00000002  00000000  RWIX
  INT10                 0000fff4   00000002  00000002  00000000  RWIX
  INT11                 0000fff6   00000002  00000002  00000000  RWIX
  INT12                 0000fff8   00000002  00000002  00000000  RWIX
  INT13                 0000fffa   00000002  00000002  00000000  RWIX
  INT14                 0000fffc   00000002  00000002  00000000  RWIX
  RESET                 0000fffe   00000002  00000002  00000000  RWIX


SECTION ALLOCATION MAP

 output                                  attributes/
section   page    origin      length       input sections
--------  ----  ----------  ----------   ----------------
.const     0    00000000    00000f31     FAILED TO ALLOCATE
.bss       0    00000200    0000004a     UNINITIALIZED
                  00000200    00000028     (.common:cadena)
                  00000228    00000018     (.common:g_sContext)
                  00000240    00000002     (.common:Lcd_ScreenHeigth)
                  00000242    00000002     (.common:Lcd_ScreenWidth)
                  00000244    00000002     (.common:Lcd_TouchTrim)
                  00000246    00000001     (.common:Lcd_FlagRead)
                  00000247    00000001     (.common:Lcd_FontSolid)
                  00000248    00000001     (.common:Lcd_Orientation)
                  00000249    00000001     (.common:Lcd_PenSolid)

.data      0    0000024a    0000001c     UNINITIALIZED
                  0000024a    00000010     camara.obj (.data)
                  0000025a    0000000c     camara.obj (.data:keymap_char)

.stack     0    000003b0    00000050     UNINITIALIZED
                  000003b0    00000002     rts430_eabi.lib : boot.c.obj (.stack)
                  000003b2    0000004e     --HOLE--

.text      0    0000c000    0000317e     
                  0000c000    00000998     camara.obj (.text:main)
                  0000c998    000007ba     grlib_MKII.lib : string.obj (.text:Graphics_drawString)
                  0000d152    000003be                    : circle.obj (.text:Graphics_fillCircle)
                  0000d510    000003a2                    : circle.obj (.text:Graphics_drawCircle)
                  0000d8b2    000002be                    : line.obj (.text:Graphics_drawLine)
                  0000db70    00000230                    : line.obj (.text:Graphics_clipLine)
                  0000dda0    000001de     Crystalfontz128x128_ST7735.obj (.text:Crystalfontz128x128_PixelDrawMultiple)
                  0000df7e    00000142     Crystalfontz128x128_ST7735.obj (.text:Crystalfontz128x128_Init)
                  0000e0c0    00000116     rts430_eabi.lib : _printfi.c.obj (.text:__TI_printfi_minimal:_setfield___TI_printfi_minimal)
                  0000e1d6    00000106     grlib_MKII.lib : rectangle.obj (.text:Graphics_drawRectangle)
                  0000e2dc    000000ec     rts430_eabi.lib : _printfi.c.obj (.text:__TI_printfi_minimal:__TI_printfi_minimal)
                  0000e3c8    000000de     grlib_MKII.lib : line.obj (.text:Graphics_drawLineH)
                  0000e4a6    000000d8                    : line.obj (.text:Graphics_drawLineV)
                  0000e57e    000000ce     camara.obj (.text:Set_Clk)
                  0000e64c    000000ca     Crystalfontz128x128_ST7735.obj (.text:Crystalfontz128x128_SetDrawFrame)
                  0000e716    000000ca     rts430_eabi.lib : _printfi.c.obj (.text:__TI_printfi_minimal:_pproc_diouxp___TI_printfi_minimal)
                  0000e7e0    000000aa     grlib_MKII.lib : rectangle.obj (.text:Graphics_fillRectangle)
                  0000e88a    0000008c     Crystalfontz128x128_ST7735.obj (.text:Crystalfontz128x128_RectFill)
                  0000e916    0000007c     rts430_eabi.lib : copy_decompress_lzss.c.obj (.text:decompress:lzss:__TI_decompress_lzss)
                  0000e992    00000078     grlib_MKII.lib : line.obj (.text:Graphics_getClipCode)
                  0000ea0a    0000005e     Crystalfontz128x128_ST7735.obj (.text:Crystalfontz128x128_LineDrawH)
                  0000ea68    0000005e     Crystalfontz128x128_ST7735.obj (.text:Crystalfontz128x128_LineDrawV)
                  0000eac6    0000005c     rts430_eabi.lib : lsr32.asm.obj (.text:l_lsr_const)
                  0000eb22    00000058                     : div32u.asm.obj (.text)
                  0000eb7a    00000054     Crystalfontz128x128_ST7735.obj (.text:Crystalfontz128x128_SetOrientation)
                  0000ebce    00000052     Crystalfontz128x128_ST7735.obj (.text:Crystalfontz128x128_ColorTranslate)
                  0000ec20    00000052     grlib_MKII.lib : string.obj (.text:Graphics_getNumberOfLeadingZeros)
                  0000ec72    0000004c     rts430_eabi.lib : lsr16.asm.obj (.text)
                  0000ecbe    00000042                     : autoinit.c.obj (.text:__TI_auto_init_nobinit_nopinit:__TI_auto_init_nobinit_nopinit)
                  0000ed00    00000040     grlib_MKII.lib : context.obj (.text:Graphics_initContext)
                  0000ed40    00000040     HAL_MSP430G2_Crystalfontz128x128_ST7735.obj (.text:HAL_LCD_SpiInit)
                  0000ed80    00000040     rts430_eabi.lib : div32s.asm.obj (.text)
                  0000edc0    0000003e     Crystalfontz128x128_ST7735.obj (.text:Crystalfontz128x128_PixelDraw)
                  0000edfe    00000038     rts430_eabi.lib : sprintf.c.obj (.text:sprintf)
                  0000ee36    00000036     Crystalfontz128x128_ST7735.obj (.text:Crystalfontz128x128_ClearScreen)
                  0000ee6c    0000002c     HAL_MSP430G2_Crystalfontz128x128_ST7735.obj (.text:HAL_LCD_PortInit)
                  0000ee98    0000002c     rts430_eabi.lib : asr16.asm.obj (.text)
                  0000eec4    0000002c                     : lsl16.asm.obj (.text)
                  0000eef0    0000002a     HAL_MSP430G2_Crystalfontz128x128_ST7735.obj (.text:HAL_LCD_writeCommand)
                  0000ef1a    0000002a     camara.obj (.text:espera)
                  0000ef44    00000028     grlib_MKII.lib : context.obj (.text:Graphics_drawPixel)
                  0000ef6c    00000026     rts430_eabi.lib : mult32.asm.obj (.text)
                  0000ef92    00000022     HAL_MSP430G2_Crystalfontz128x128_ST7735.obj (.text:HAL_LCD_writeData)
                  0000efb4    00000022     rts430_eabi.lib : memccpy.c.obj (.text:memccpy)
                  0000efd6    0000001c                     : boot.c.obj (.text:_c_int00_noargs)
                  0000eff2    0000001a                     : sprintf.c.obj (.text:_outs)
                  0000f00c    00000018     grlib_MKII.lib : display.obj (.text:Graphics_drawHorizontalLineOnDisplay)
                  0000f024    00000018                    : display.obj (.text:Graphics_drawVerticalLineOnDisplay)
                  0000f03c    00000018                    : context.obj (.text:Graphics_setBackgroundColor)
                  0000f054    00000018                    : context.obj (.text:Graphics_setForegroundColor)
                  0000f06c    00000016     rts430_eabi.lib : div16u.asm.obj (.text)
                  0000f082    00000014                     : copy_zero_init.c.obj (.text:decompress:ZI:__TI_zero_init_nomemset:__TI_zero_init_nomemset)
                  0000f096    00000014                     : memset.c.obj (.text:memset)
                  0000f0aa    00000014                     : mult16.asm.obj (.text)
                  0000f0be    00000012                     : sprintf.c.obj (.text:_outc)
                  0000f0d0    00000012                     : copy_decompress_none.c.obj (.text:decompress:none:__TI_decompress_none)
                  0000f0e2    00000012                     : memcpy.c.obj (.text:memcpy)
                  0000f0f4    00000010     grlib_MKII.lib : context.obj (.text:Graphics_clearDisplay)
                  0000f104    00000010     rts430_eabi.lib : epilog.asm.obj (.text)
                  0000f114    0000000e                     : strlen.c.obj (.text:strlen)
                  0000f122    0000000c     grlib_MKII.lib : display.obj (.text:Graphics_clearDisplayOnDisplay)
                  0000f12e    0000000c                    : display.obj (.text:Graphics_drawPixelOnDisplay)
                  0000f13a    0000000c                    : display.obj (.text:Graphics_fillRectangleOnDisplay)
                  0000f146    0000000c                    : display.obj (.text:Graphics_translateColorOnDisplay)
                  0000f152    0000000a     Crystalfontz128x128_ST7735.obj (.text:Crystalfontz128x128_Flush)
                  0000f15c    00000008     camara.obj (.text:Interrupcion_T1)
                  0000f164    00000008     rts430_eabi.lib : isr_trap.asm.obj (.text:_isr:__TI_ISR_TRAP)
                  0000f16c    00000006     grlib_MKII.lib : context.obj (.text:Graphics_setFont)
                  0000f172    00000006     rts430_eabi.lib : exit.c.obj (.text:abort)
                  0000f178    00000004                     : pre_init.c.obj (.text:_system_pre_init)
                  0000f17c    00000002                     : startup.c.obj (.text:_system_post_cinit)

.cinit     0    0000f17e    0000002e     
                  0000f17e    0000001b     (.cinit..data.load) [load image, compression = lzss]
                  0000f199    00000001     --HOLE-- [fill = 0]
                  0000f19a    00000006     (__TI_handler_table)
                  0000f1a0    00000004     (.cinit..bss.load) [load image, compression = zero_init]
                  0000f1a4    00000008     (__TI_cinit_table)

.binit     0    0000c000    00000000     

.init_array 
*          0    0000c000    00000000     UNINITIALIZED

TRAPINT    0    0000ffe0    00000002     
                  0000ffe0    00000002     rts430_eabi.lib : int00.asm.obj (.int00)

PORT1      0    0000ffe4    00000002     
                  0000ffe4    00000002     rts430_eabi.lib : int02.asm.obj (.int02)

PORT2      0    0000ffe6    00000002     
                  0000ffe6    00000002     rts430_eabi.lib : int03.asm.obj (.int03)

ADC10      0    0000ffea    00000002     
                  0000ffea    00000002     rts430_eabi.lib : int05.asm.obj (.int05)

USCIAB0TX 
*          0    0000ffec    00000002     
                  0000ffec    00000002     rts430_eabi.lib : int06.asm.obj (.int06)

USCIAB0RX 
*          0    0000ffee    00000002     
                  0000ffee    00000002     rts430_eabi.lib : int07.asm.obj (.int07)

TIMER0_A1 
*          0    0000fff0    00000002     
                  0000fff0    00000002     rts430_eabi.lib : int08.asm.obj (.int08)

TIMER0_A0 
*          0    0000fff2    00000002     
                  0000fff2    00000002     rts430_eabi.lib : int09.asm.obj (.int09)

WDT        0    0000fff4    00000002     
                  0000fff4    00000002     rts430_eabi.lib : int10.asm.obj (.int10)

COMPARATORA 
*          0    0000fff6    00000002     
                  0000fff6    00000002     rts430_eabi.lib : int11.asm.obj (.int11)

TIMER1_A1 
*          0    0000fff8    00000002     
                  0000fff8    00000002     rts430_eabi.lib : int12.asm.obj (.int12)

TIMER1_A0 
*          0    0000fffa    00000002     
                  0000fffa    00000002     camara.obj (.int13)

NMI        0    0000fffc    00000002     
                  0000fffc    00000002     rts430_eabi.lib : int14.asm.obj (.int14)

.reset     0    0000fffe    00000002     
                  0000fffe    00000002     rts430_eabi.lib : boot.c.obj (.reset)

$fill000   0    0000ffde    00000002     
                  0000ffde    00000002     --HOLE-- [fill = ffff]

MODULE SUMMARY

       Module                                        code    ro data   rw data
       ------                                        ----    -------   -------
    .\
       camara.obj                                    2712    2         92     
       Crystalfontz128x128_ST7735.obj                1622    0         10     
       HAL_MSP430G2_Crystalfontz128x128_ST7735.obj   184     0         0      
    +--+---------------------------------------------+-------+---------+---------+
       Total:                                        4518    2         102    
                                                                              
    ../grlib_MKII.lib
       string.obj                                    2060    0         0      
       circle.obj                                    1888    0         0      
       line.obj                                      1820    0         0      
       rectangle.obj                                 432     0         0      
       context.obj                                   174     0         0      
       display.obj                                   96      0         0      
    +--+---------------------------------------------+-------+---------+---------+
       Total:                                        6470    0         0      
                                                                              
    C:\ti\ccs1210\ccs\tools\compiler\ti-cgt-msp430_21.6.0.LTS\lib\rts430_eabi.lib
       _printfi.c.obj                                716     0         0      
       copy_decompress_lzss.c.obj                    124     0         0      
       sprintf.c.obj                                 100     0         0      
       lsr32.asm.obj                                 92      0         0      
       div32u.asm.obj                                88      0         0      
       lsr16.asm.obj                                 76      0         0      
       autoinit.c.obj                                66      0         0      
       div32s.asm.obj                                64      0         0      
       asr16.asm.obj                                 44      0         0      
       lsl16.asm.obj                                 44      0         0      
       mult32.asm.obj                                38      0         0      
       memccpy.c.obj                                 34      0         0      
       boot.c.obj                                    28      2         0      
       div16u.asm.obj                                22      0         0      
       copy_zero_init.c.obj                          20      0         0      
       memset.c.obj                                  20      0         0      
       mult16.asm.obj                                20      0         0      
       copy_decompress_none.c.obj                    18      0         0      
       memcpy.c.obj                                  18      0         0      
       epilog.asm.obj                                16      0         0      
       strlen.c.obj                                  14      0         0      
       isr_trap.asm.obj                              8       0         0      
       exit.c.obj                                    6       0         0      
       pre_init.c.obj                                4       0         0      
       int00.asm.obj                                 0       2         0      
       int02.asm.obj                                 0       2         0      
       int03.asm.obj                                 0       2         0      
       int05.asm.obj                                 0       2         0      
       int06.asm.obj                                 0       2         0      
       int07.asm.obj                                 0       2         0      
       int08.asm.obj                                 0       2         0      
       int09.asm.obj                                 0       2         0      
       int10.asm.obj                                 0       2         0      
       int11.asm.obj                                 0       2         0      
       int12.asm.obj                                 0       2         0      
       int14.asm.obj                                 0       2         0      
       startup.c.obj                                 2       0         0      
    +--+---------------------------------------------+-------+---------+---------+
       Total:                                        1682    26        0      
                                                                              
       Stack:                                        0       0         80     
       Linker Generated:                             0       45        0      
    +--+---------------------------------------------+-------+---------+---------+
       Grand Total:                                  12670   73        182    


LINKER GENERATED COPY TABLES

__TI_cinit_table @ 0000f1a4 records: 2, size/record: 4, table size: 8
	.data: load addr=0000f17e, load size=0000001b bytes, run addr=0000024a, run size=0000001c bytes, compression=lzss
	.bss: load addr=0000f1a0, load size=00000004 bytes, run addr=00000200, run size=0000004a bytes, compression=zero_init


LINKER GENERATED HANDLER TABLE

__TI_handler_table @ 0000f19a records: 3, size/record: 2, table size: 6
	index: 0, handler: __TI_zero_init
	index: 1, handler: __TI_decompress_lzss
	index: 2, handler: __TI_decompress_none


GLOBAL SYMBOLS: SORTED ALPHABETICALLY BY Name 

address   name                                
-------   ----                                
0000004a  ADC10AE0                            
000001b0  ADC10CTL0                           
000001b2  ADC10CTL1                           
00000048  ADC10DTC0                           
00000049  ADC10DTC1                           
000001b4  ADC10MEM                            
000001bc  ADC10SA                             
00000057  BCSCTL1                             
00000058  BCSCTL2                             
00000053  BCSCTL3                             
0000f172  C$$EXIT                             
00000059  CACTL1                              
0000005a  CACTL2                              
000010fb  CALBC1_12MHZ                        
000010f9  CALBC1_16MHZ                        
000010ff  CALBC1_1MHZ                         
000010fd  CALBC1_8MHZ                         
000010fa  CALDCO_12MHZ                        
000010f8  CALDCO_16MHZ                        
000010fe  CALDCO_1MHZ                         
000010fc  CALDCO_8MHZ                         
0000005b  CAPD                                
0000df7e  Crystalfontz128x128_Init            
0000e64c  Crystalfontz128x128_SetDrawFrame    
0000eb7a  Crystalfontz128x128_SetOrientation  
00000056  DCOCTL                              
00000128  FCTL1                               
0000012a  FCTL2                               
0000012c  FCTL3                               
0000f0f4  Graphics_clearDisplay               
0000f122  Graphics_clearDisplayOnDisplay      
0000d510  Graphics_drawCircle                 
0000f00c  Graphics_drawHorizontalLineOnDisplay
0000d8b2  Graphics_drawLine                   
0000e3c8  Graphics_drawLineH                  
0000e4a6  Graphics_drawLineV                  
0000ef44  Graphics_drawPixel                  
0000f12e  Graphics_drawPixelOnDisplay         
0000e1d6  Graphics_drawRectangle              
0000c998  Graphics_drawString                 
0000f024  Graphics_drawVerticalLineOnDisplay  
0000d152  Graphics_fillCircle                 
0000e7e0  Graphics_fillRectangle              
0000f13a  Graphics_fillRectangleOnDisplay     
0000ed00  Graphics_initContext                
0000f03c  Graphics_setBackgroundColor         
0000f16c  Graphics_setFont                    
0000f054  Graphics_setForegroundColor         
0000f146  Graphics_translateColorOnDisplay    
0000ee6c  HAL_LCD_PortInit                    
0000ed40  HAL_LCD_SpiInit                     
0000eef0  HAL_LCD_writeCommand                
0000ef92  HAL_LCD_writeData                   
00000000  IE1                                 
00000001  IE2                                 
00000002  IFG1                                
00000003  IFG2                                
0000f15c  Interrupcion_T1                     
00000246  Lcd_FlagRead                        
00000247  Lcd_FontSolid                       
00000248  Lcd_Orientation                     
00000249  Lcd_PenSolid                        
00000240  Lcd_ScreenHeigth                    
00000242  Lcd_ScreenWidth                     
00000244  Lcd_TouchTrim                       
00000022  P1DIR                               
00000025  P1IE                                
00000024  P1IES                               
00000023  P1IFG                               
00000020  P1IN                                
00000021  P1OUT                               
00000027  P1REN                               
00000026  P1SEL                               
00000041  P1SEL2                              
0000002a  P2DIR                               
0000002d  P2IE                                
0000002c  P2IES                               
0000002b  P2IFG                               
00000028  P2IN                                
00000029  P2OUT                               
0000002f  P2REN                               
0000002e  P2SEL                               
00000042  P2SEL2                              
0000001a  P3DIR                               
00000018  P3IN                                
00000019  P3OUT                               
00000010  P3REN                               
0000001b  P3SEL                               
00000043  P3SEL2                              
0000e57e  Set_Clk                             
00000172  TA0CCR0                             
00000174  TA0CCR1                             
00000176  TA0CCR2                             
00000162  TA0CCTL0                            
00000164  TA0CCTL1                            
00000166  TA0CCTL2                            
00000160  TA0CTL                              
0000012e  TA0IV                               
00000170  TA0R                                
00000192  TA1CCR0                             
00000194  TA1CCR1                             
00000196  TA1CCR2                             
00000182  TA1CCTL0                            
00000184  TA1CCTL1                            
00000186  TA1CCTL2                            
00000180  TA1CTL                              
0000011e  TA1IV                               
00000190  TA1R                                
000010db  TLV_ADC10_1_LEN                     
000010da  TLV_ADC10_1_TAG                     
000010c0  TLV_CHECKSUM                        
000010f7  TLV_DCO_30_LEN                      
000010f6  TLV_DCO_30_TAG                      
0000005d  UCA0ABCTL                           
00000062  UCA0BR0                             
00000063  UCA0BR1                             
00000060  UCA0CTL0                            
00000061  UCA0CTL1                            
0000005f  UCA0IRRCTL                          
0000005e  UCA0IRTCTL                          
00000064  UCA0MCTL                            
00000066  UCA0RXBUF                           
00000065  UCA0STAT                            
00000067  UCA0TXBUF                           
0000006a  UCB0BR0                             
0000006b  UCB0BR1                             
00000068  UCB0CTL0                            
00000069  UCB0CTL1                            
0000006c  UCB0I2CIE                           
00000118  UCB0I2COA                           
0000011a  UCB0I2CSA                           
0000006e  UCB0RXBUF                           
0000006d  UCB0STAT                            
0000006f  UCB0TXBUF                           
00000120  WDTCTL                              
00000400  __STACK_END                         
00000050  __STACK_SIZE                        
0000f1a4  __TI_CINIT_Base                     
0000f1ac  __TI_CINIT_Limit                    
0000f1ac  __TI_CINIT_Warm                     
0000f19a  __TI_Handler_Table_Base             
0000f1a0  __TI_Handler_Table_Limit            
0000f164  __TI_ISR_TRAP                       
0000ecbe  __TI_auto_init_nobinit_nopinit      
0000e916  __TI_decompress_lzss                
0000f0d0  __TI_decompress_none                
0000ffe0  __TI_int00                          
0000ffe4  __TI_int02                          
0000ffe6  __TI_int03                          
0000ffea  __TI_int05                          
0000ffec  __TI_int06                          
0000ffee  __TI_int07                          
0000fff0  __TI_int08                          
0000fff2  __TI_int09                          
0000fff4  __TI_int10                          
0000fff6  __TI_int11                          
0000fff8  __TI_int12                          
0000fffa  __TI_int13                          
0000fffc  __TI_int14                          
ffffffff  __TI_pprof_out_hndl                 
0000e2dc  __TI_printfi_minimal                
ffffffff  __TI_prof_data_size                 
ffffffff  __TI_prof_data_start                
0000f082  __TI_zero_init_nomemset             
ffffffff  __c_args__                          
0000ed80  __mspabi_divli                      
0000f06c  __mspabi_divu                       
0000eb22  __mspabi_divul                      
0000f110  __mspabi_func_epilog_1              
0000f10e  __mspabi_func_epilog_2              
0000f10c  __mspabi_func_epilog_3              
0000f10a  __mspabi_func_epilog_4              
0000f108  __mspabi_func_epilog_5              
0000f106  __mspabi_func_epilog_6              
0000f104  __mspabi_func_epilog_7              
0000f0aa  __mspabi_mpyi                       
0000f0aa  __mspabi_mpyi_sw                    
0000ef6c  __mspabi_mpyl                       
0000ef6c  __mspabi_mpyl_sw                    
0000ed80  __mspabi_remli                      
0000f06c  __mspabi_remu                       
0000eb22  __mspabi_remul                      
0000eec4  __mspabi_slli                       
0000eeec  __mspabi_slli_1                     
0000eeda  __mspabi_slli_10                    
0000eed8  __mspabi_slli_11                    
0000eed6  __mspabi_slli_12                    
0000eed4  __mspabi_slli_13                    
0000eed2  __mspabi_slli_14                    
0000eed0  __mspabi_slli_15                    
0000eeea  __mspabi_slli_2                     
0000eee8  __mspabi_slli_3                     
0000eee6  __mspabi_slli_4                     
0000eee4  __mspabi_slli_5                     
0000eee2  __mspabi_slli_6                     
0000eee0  __mspabi_slli_7                     
0000eede  __mspabi_slli_8                     
0000eedc  __mspabi_slli_9                     
0000ee98  __mspabi_srai                       
0000eec0  __mspabi_srai_1                     
0000eeae  __mspabi_srai_10                    
0000eeac  __mspabi_srai_11                    
0000eeaa  __mspabi_srai_12                    
0000eea8  __mspabi_srai_13                    
0000eea6  __mspabi_srai_14                    
0000eea4  __mspabi_srai_15                    
0000eebe  __mspabi_srai_2                     
0000eebc  __mspabi_srai_3                     
0000eeba  __mspabi_srai_4                     
0000eeb8  __mspabi_srai_5                     
0000eeb6  __mspabi_srai_6                     
0000eeb4  __mspabi_srai_7                     
0000eeb2  __mspabi_srai_8                     
0000eeb0  __mspabi_srai_9                     
0000ec72  __mspabi_srli                       
0000ecb8  __mspabi_srli_1                     
0000ec94  __mspabi_srli_10                    
0000ec90  __mspabi_srli_11                    
0000ec8c  __mspabi_srli_12                    
0000ec88  __mspabi_srli_13                    
0000ec84  __mspabi_srli_14                    
0000ec80  __mspabi_srli_15                    
0000ecb4  __mspabi_srli_2                     
0000ecb0  __mspabi_srli_3                     
0000ecac  __mspabi_srli_4                     
0000eca8  __mspabi_srli_5                     
0000eca4  __mspabi_srli_6                     
0000eca0  __mspabi_srli_7                     
0000ec9c  __mspabi_srli_8                     
0000ec98  __mspabi_srli_9                     
0000eb1a  __mspabi_srll_1                     
0000eae4  __mspabi_srll_10                    
0000eade  __mspabi_srll_11                    
0000ead8  __mspabi_srll_12                    
0000ead2  __mspabi_srll_13                    
0000eacc  __mspabi_srll_14                    
0000eac6  __mspabi_srll_15                    
0000eb14  __mspabi_srll_2                     
0000eb0e  __mspabi_srll_3                     
0000eb08  __mspabi_srll_4                     
0000eb02  __mspabi_srll_5                     
0000eafc  __mspabi_srll_6                     
0000eaf6  __mspabi_srll_7                     
0000eaf0  __mspabi_srll_8                     
0000eaea  __mspabi_srll_9                     
0000efd6  _c_int00_noargs                     
0000fffe  _reset_vector                       
000003b0  _stack                              
0000f17c  _system_post_cinit                  
0000f178  _system_pre_init                    
0000f172  abort                               
00000200  cadena                              
0000024f  col                                 
00000250  col2                                
00000256  contr1                              
00000257  contr2                              
00000258  contr3                              
00000259  contr4                              
0000024d  correct                             
00000251  digito                              
0000ef1a  espera                              
0000024a  estado                              
0000024e  fil                                 
00000228  g_sContext                          
00000f00  g_sCrystalfontz128x128              
00000cd8  g_sFontCmss14                       
00000d9e  g_sFontCmss16                       
0000024b  j1                                  
0000025a  keymap_char                         
0000c000  main                                
0000efb4  memccpy                             
0000f0e2  memcpy                              
0000f096  memset                              
00000252  seg1                                
00000253  seg2                                
00000254  seg3                                
00000255  seg4                                
0000edfe  sprintf                             
0000f114  strlen                              
0000024c  x                                   


GLOBAL SYMBOLS: SORTED BY Symbol Address 

address   name                                
-------   ----                                
00000000  IE1                                 
00000001  IE2                                 
00000002  IFG1                                
00000003  IFG2                                
00000010  P3REN                               
00000018  P3IN                                
00000019  P3OUT                               
0000001a  P3DIR                               
0000001b  P3SEL                               
00000020  P1IN                                
00000021  P1OUT                               
00000022  P1DIR                               
00000023  P1IFG                               
00000024  P1IES                               
00000025  P1IE                                
00000026  P1SEL                               
00000027  P1REN                               
00000028  P2IN                                
00000029  P2OUT                               
0000002a  P2DIR                               
0000002b  P2IFG                               
0000002c  P2IES                               
0000002d  P2IE                                
0000002e  P2SEL                               
0000002f  P2REN                               
00000041  P1SEL2                              
00000042  P2SEL2                              
00000043  P3SEL2                              
00000048  ADC10DTC0                           
00000049  ADC10DTC1                           
0000004a  ADC10AE0                            
00000050  __STACK_SIZE                        
00000053  BCSCTL3                             
00000056  DCOCTL                              
00000057  BCSCTL1                             
00000058  BCSCTL2                             
00000059  CACTL1                              
0000005a  CACTL2                              
0000005b  CAPD                                
0000005d  UCA0ABCTL                           
0000005e  UCA0IRTCTL                          
0000005f  UCA0IRRCTL                          
00000060  UCA0CTL0                            
00000061  UCA0CTL1                            
00000062  UCA0BR0                             
00000063  UCA0BR1                             
00000064  UCA0MCTL                            
00000065  UCA0STAT                            
00000066  UCA0RXBUF                           
00000067  UCA0TXBUF                           
00000068  UCB0CTL0                            
00000069  UCB0CTL1                            
0000006a  UCB0BR0                             
0000006b  UCB0BR1                             
0000006c  UCB0I2CIE                           
0000006d  UCB0STAT                            
0000006e  UCB0RXBUF                           
0000006f  UCB0TXBUF                           
00000118  UCB0I2COA                           
0000011a  UCB0I2CSA                           
0000011e  TA1IV                               
00000120  WDTCTL                              
00000128  FCTL1                               
0000012a  FCTL2                               
0000012c  FCTL3                               
0000012e  TA0IV                               
00000160  TA0CTL                              
00000162  TA0CCTL0                            
00000164  TA0CCTL1                            
00000166  TA0CCTL2                            
00000170  TA0R                                
00000172  TA0CCR0                             
00000174  TA0CCR1                             
00000176  TA0CCR2                             
00000180  TA1CTL                              
00000182  TA1CCTL0                            
00000184  TA1CCTL1                            
00000186  TA1CCTL2                            
00000190  TA1R                                
00000192  TA1CCR0                             
00000194  TA1CCR1                             
00000196  TA1CCR2                             
000001b0  ADC10CTL0                           
000001b2  ADC10CTL1                           
000001b4  ADC10MEM                            
000001bc  ADC10SA                             
00000200  cadena                              
00000228  g_sContext                          
00000240  Lcd_ScreenHeigth                    
00000242  Lcd_ScreenWidth                     
00000244  Lcd_TouchTrim                       
00000246  Lcd_FlagRead                        
00000247  Lcd_FontSolid                       
00000248  Lcd_Orientation                     
00000249  Lcd_PenSolid                        
0000024a  estado                              
0000024b  j1                                  
0000024c  x                                   
0000024d  correct                             
0000024e  fil                                 
0000024f  col                                 
00000250  col2                                
00000251  digito                              
00000252  seg1                                
00000253  seg2                                
00000254  seg3                                
00000255  seg4                                
00000256  contr1                              
00000257  contr2                              
00000258  contr3                              
00000259  contr4                              
0000025a  keymap_char                         
000003b0  _stack                              
00000400  __STACK_END                         
00000cd8  g_sFontCmss14                       
00000d9e  g_sFontCmss16                       
00000f00  g_sCrystalfontz128x128              
000010c0  TLV_CHECKSUM                        
000010da  TLV_ADC10_1_TAG                     
000010db  TLV_ADC10_1_LEN                     
000010f6  TLV_DCO_30_TAG                      
000010f7  TLV_DCO_30_LEN                      
000010f8  CALDCO_16MHZ                        
000010f9  CALBC1_16MHZ                        
000010fa  CALDCO_12MHZ                        
000010fb  CALBC1_12MHZ                        
000010fc  CALDCO_8MHZ                         
000010fd  CALBC1_8MHZ                         
000010fe  CALDCO_1MHZ                         
000010ff  CALBC1_1MHZ                         
0000c000  main                                
0000c998  Graphics_drawString                 
0000d152  Graphics_fillCircle                 
0000d510  Graphics_drawCircle                 
0000d8b2  Graphics_drawLine                   
0000df7e  Crystalfontz128x128_Init            
0000e1d6  Graphics_drawRectangle              
0000e2dc  __TI_printfi_minimal                
0000e3c8  Graphics_drawLineH                  
0000e4a6  Graphics_drawLineV                  
0000e57e  Set_Clk                             
0000e64c  Crystalfontz128x128_SetDrawFrame    
0000e7e0  Graphics_fillRectangle              
0000e916  __TI_decompress_lzss                
0000eac6  __mspabi_srll_15                    
0000eacc  __mspabi_srll_14                    
0000ead2  __mspabi_srll_13                    
0000ead8  __mspabi_srll_12                    
0000eade  __mspabi_srll_11                    
0000eae4  __mspabi_srll_10                    
0000eaea  __mspabi_srll_9                     
0000eaf0  __mspabi_srll_8                     
0000eaf6  __mspabi_srll_7                     
0000eafc  __mspabi_srll_6                     
0000eb02  __mspabi_srll_5                     
0000eb08  __mspabi_srll_4                     
0000eb0e  __mspabi_srll_3                     
0000eb14  __mspabi_srll_2                     
0000eb1a  __mspabi_srll_1                     
0000eb22  __mspabi_divul                      
0000eb22  __mspabi_remul                      
0000eb7a  Crystalfontz128x128_SetOrientation  
0000ec72  __mspabi_srli                       
0000ec80  __mspabi_srli_15                    
0000ec84  __mspabi_srli_14                    
0000ec88  __mspabi_srli_13                    
0000ec8c  __mspabi_srli_12                    
0000ec90  __mspabi_srli_11                    
0000ec94  __mspabi_srli_10                    
0000ec98  __mspabi_srli_9                     
0000ec9c  __mspabi_srli_8                     
0000eca0  __mspabi_srli_7                     
0000eca4  __mspabi_srli_6                     
0000eca8  __mspabi_srli_5                     
0000ecac  __mspabi_srli_4                     
0000ecb0  __mspabi_srli_3                     
0000ecb4  __mspabi_srli_2                     
0000ecb8  __mspabi_srli_1                     
0000ecbe  __TI_auto_init_nobinit_nopinit      
0000ed00  Graphics_initContext                
0000ed40  HAL_LCD_SpiInit                     
0000ed80  __mspabi_divli                      
0000ed80  __mspabi_remli                      
0000edfe  sprintf                             
0000ee6c  HAL_LCD_PortInit                    
0000ee98  __mspabi_srai                       
0000eea4  __mspabi_srai_15                    
0000eea6  __mspabi_srai_14                    
0000eea8  __mspabi_srai_13                    
0000eeaa  __mspabi_srai_12                    
0000eeac  __mspabi_srai_11                    
0000eeae  __mspabi_srai_10                    
0000eeb0  __mspabi_srai_9                     
0000eeb2  __mspabi_srai_8                     
0000eeb4  __mspabi_srai_7                     
0000eeb6  __mspabi_srai_6                     
0000eeb8  __mspabi_srai_5                     
0000eeba  __mspabi_srai_4                     
0000eebc  __mspabi_srai_3                     
0000eebe  __mspabi_srai_2                     
0000eec0  __mspabi_srai_1                     
0000eec4  __mspabi_slli                       
0000eed0  __mspabi_slli_15                    
0000eed2  __mspabi_slli_14                    
0000eed4  __mspabi_slli_13                    
0000eed6  __mspabi_slli_12                    
0000eed8  __mspabi_slli_11                    
0000eeda  __mspabi_slli_10                    
0000eedc  __mspabi_slli_9                     
0000eede  __mspabi_slli_8                     
0000eee0  __mspabi_slli_7                     
0000eee2  __mspabi_slli_6                     
0000eee4  __mspabi_slli_5                     
0000eee6  __mspabi_slli_4                     
0000eee8  __mspabi_slli_3                     
0000eeea  __mspabi_slli_2                     
0000eeec  __mspabi_slli_1                     
0000eef0  HAL_LCD_writeCommand                
0000ef1a  espera                              
0000ef44  Graphics_drawPixel                  
0000ef6c  __mspabi_mpyl                       
0000ef6c  __mspabi_mpyl_sw                    
0000ef92  HAL_LCD_writeData                   
0000efb4  memccpy                             
0000efd6  _c_int00_noargs                     
0000f00c  Graphics_drawHorizontalLineOnDisplay
0000f024  Graphics_drawVerticalLineOnDisplay  
0000f03c  Graphics_setBackgroundColor         
0000f054  Graphics_setForegroundColor         
0000f06c  __mspabi_divu                       
0000f06c  __mspabi_remu                       
0000f082  __TI_zero_init_nomemset             
0000f096  memset                              
0000f0aa  __mspabi_mpyi                       
0000f0aa  __mspabi_mpyi_sw                    
0000f0d0  __TI_decompress_none                
0000f0e2  memcpy                              
0000f0f4  Graphics_clearDisplay               
0000f104  __mspabi_func_epilog_7              
0000f106  __mspabi_func_epilog_6              
0000f108  __mspabi_func_epilog_5              
0000f10a  __mspabi_func_epilog_4              
0000f10c  __mspabi_func_epilog_3              
0000f10e  __mspabi_func_epilog_2              
0000f110  __mspabi_func_epilog_1              
0000f114  strlen                              
0000f122  Graphics_clearDisplayOnDisplay      
0000f12e  Graphics_drawPixelOnDisplay         
0000f13a  Graphics_fillRectangleOnDisplay     
0000f146  Graphics_translateColorOnDisplay    
0000f15c  Interrupcion_T1                     
0000f164  __TI_ISR_TRAP                       
0000f16c  Graphics_setFont                    
0000f172  C$$EXIT                             
0000f172  abort                               
0000f178  _system_pre_init                    
0000f17c  _system_post_cinit                  
0000f19a  __TI_Handler_Table_Base             
0000f1a0  __TI_Handler_Table_Limit            
0000f1a4  __TI_CINIT_Base                     
0000f1ac  __TI_CINIT_Limit                    
0000f1ac  __TI_CINIT_Warm                     
0000ffe0  __TI_int00                          
0000ffe4  __TI_int02                          
0000ffe6  __TI_int03                          
0000ffea  __TI_int05                          
0000ffec  __TI_int06                          
0000ffee  __TI_int07                          
0000fff0  __TI_int08                          
0000fff2  __TI_int09                          
0000fff4  __TI_int10                          
0000fff6  __TI_int11                          
0000fff8  __TI_int12                          
0000fffa  __TI_int13                          
0000fffc  __TI_int14                          
0000fffe  _reset_vector                       
ffffffff  __TI_pprof_out_hndl                 
ffffffff  __TI_prof_data_size                 
ffffffff  __TI_prof_data_start                
ffffffff  __c_args__                          

[280 symbols]
