<?xml version="1.0" encoding="ISO-8859-1" ?>
<link_info>
   <banner>MSP430 Linker PC v21.6.0.LTS</banner>
   <copyright>Copyright (c) 2003-2018 Texas Instruments Incorporated</copyright>
   <link_time>0x63dd66c4</link_time>
   <link_errors>0x1</link_errors>
   <output_file>caja_fuerte.out</output_file>
   <entry_point>
      <name>_c_int00_noargs</name>
      <address>0xefd6</address>
   </entry_point>
   <input_file_list>
      <input_file id="fl-2">
         <path>.\</path>
         <kind>object</kind>
         <file>Crystalfontz128x128_ST7735.obj</file>
         <name>Crystalfontz128x128_ST7735.obj</name>
      </input_file>
      <input_file id="fl-3">
         <path>.\</path>
         <kind>object</kind>
         <file>HAL_MSP430G2_Crystalfontz128x128_ST7735.obj</file>
         <name>HAL_MSP430G2_Crystalfontz128x128_ST7735.obj</name>
      </input_file>
      <input_file id="fl-4">
         <path>.\</path>
         <kind>object</kind>
         <file>camara.obj</file>
         <name>camara.obj</name>
      </input_file>
      <input_file id="fl-5">
         <path>.\</path>
         <kind>object</kind>
         <file>teclado.obj</file>
         <name>teclado.obj</name>
      </input_file>
      <input_file id="fl-b">
         <kind>object</kind>
         <file>&lt;internal&gt;</file>
         <name>&lt;internal&gt;</name>
      </input_file>
      <input_file id="fl-c">
         <path>..\</path>
         <kind>archive</kind>
         <file>grlib_MKII.lib</file>
         <name>circle.obj</name>
      </input_file>
      <input_file id="fl-d">
         <path>..\</path>
         <kind>archive</kind>
         <file>grlib_MKII.lib</file>
         <name>context.obj</name>
      </input_file>
      <input_file id="fl-e">
         <path>..\</path>
         <kind>archive</kind>
         <file>grlib_MKII.lib</file>
         <name>display.obj</name>
      </input_file>
      <input_file id="fl-f">
         <path>..\</path>
         <kind>archive</kind>
         <file>grlib_MKII.lib</file>
         <name>fontcmss14.obj</name>
      </input_file>
      <input_file id="fl-10">
         <path>..\</path>
         <kind>archive</kind>
         <file>grlib_MKII.lib</file>
         <name>fontcmss16.obj</name>
      </input_file>
      <input_file id="fl-11">
         <path>..\</path>
         <kind>archive</kind>
         <file>grlib_MKII.lib</file>
         <name>line.obj</name>
      </input_file>
      <input_file id="fl-12">
         <path>..\</path>
         <kind>archive</kind>
         <file>grlib_MKII.lib</file>
         <name>rectangle.obj</name>
      </input_file>
      <input_file id="fl-13">
         <path>..\</path>
         <kind>archive</kind>
         <file>grlib_MKII.lib</file>
         <name>string.obj</name>
      </input_file>
      <input_file id="fl-29">
         <path>C:\ti\ccs1210\ccs\tools\compiler\ti-cgt-msp430_21.6.0.LTS\lib\</path>
         <kind>archive</kind>
         <file>rts430_eabi.lib</file>
         <name>sprintf.c.obj</name>
      </input_file>
      <input_file id="fl-2a">
         <path>C:\ti\ccs1210\ccs\tools\compiler\ti-cgt-msp430_21.6.0.LTS\lib\</path>
         <kind>archive</kind>
         <file>rts430_eabi.lib</file>
         <name>asr16.asm.obj</name>
      </input_file>
      <input_file id="fl-2b">
         <path>C:\ti\ccs1210\ccs\tools\compiler\ti-cgt-msp430_21.6.0.LTS\lib\</path>
         <kind>archive</kind>
         <file>rts430_eabi.lib</file>
         <name>div32s.asm.obj</name>
      </input_file>
      <input_file id="fl-2c">
         <path>C:\ti\ccs1210\ccs\tools\compiler\ti-cgt-msp430_21.6.0.LTS\lib\</path>
         <kind>archive</kind>
         <file>rts430_eabi.lib</file>
         <name>div32u.asm.obj</name>
      </input_file>
      <input_file id="fl-2d">
         <path>C:\ti\ccs1210\ccs\tools\compiler\ti-cgt-msp430_21.6.0.LTS\lib\</path>
         <kind>archive</kind>
         <file>rts430_eabi.lib</file>
         <name>epilog.asm.obj</name>
      </input_file>
      <input_file id="fl-2e">
         <path>C:\ti\ccs1210\ccs\tools\compiler\ti-cgt-msp430_21.6.0.LTS\lib\</path>
         <kind>archive</kind>
         <file>rts430_eabi.lib</file>
         <name>int00.asm.obj</name>
      </input_file>
      <input_file id="fl-2f">
         <path>C:\ti\ccs1210\ccs\tools\compiler\ti-cgt-msp430_21.6.0.LTS\lib\</path>
         <kind>archive</kind>
         <file>rts430_eabi.lib</file>
         <name>int02.asm.obj</name>
      </input_file>
      <input_file id="fl-30">
         <path>C:\ti\ccs1210\ccs\tools\compiler\ti-cgt-msp430_21.6.0.LTS\lib\</path>
         <kind>archive</kind>
         <file>rts430_eabi.lib</file>
         <name>int03.asm.obj</name>
      </input_file>
      <input_file id="fl-31">
         <path>C:\ti\ccs1210\ccs\tools\compiler\ti-cgt-msp430_21.6.0.LTS\lib\</path>
         <kind>archive</kind>
         <file>rts430_eabi.lib</file>
         <name>int05.asm.obj</name>
      </input_file>
      <input_file id="fl-32">
         <path>C:\ti\ccs1210\ccs\tools\compiler\ti-cgt-msp430_21.6.0.LTS\lib\</path>
         <kind>archive</kind>
         <file>rts430_eabi.lib</file>
         <name>int06.asm.obj</name>
      </input_file>
      <input_file id="fl-33">
         <path>C:\ti\ccs1210\ccs\tools\compiler\ti-cgt-msp430_21.6.0.LTS\lib\</path>
         <kind>archive</kind>
         <file>rts430_eabi.lib</file>
         <name>int07.asm.obj</name>
      </input_file>
      <input_file id="fl-34">
         <path>C:\ti\ccs1210\ccs\tools\compiler\ti-cgt-msp430_21.6.0.LTS\lib\</path>
         <kind>archive</kind>
         <file>rts430_eabi.lib</file>
         <name>int08.asm.obj</name>
      </input_file>
      <input_file id="fl-35">
         <path>C:\ti\ccs1210\ccs\tools\compiler\ti-cgt-msp430_21.6.0.LTS\lib\</path>
         <kind>archive</kind>
         <file>rts430_eabi.lib</file>
         <name>int09.asm.obj</name>
      </input_file>
      <input_file id="fl-36">
         <path>C:\ti\ccs1210\ccs\tools\compiler\ti-cgt-msp430_21.6.0.LTS\lib\</path>
         <kind>archive</kind>
         <file>rts430_eabi.lib</file>
         <name>int10.asm.obj</name>
      </input_file>
      <input_file id="fl-37">
         <path>C:\ti\ccs1210\ccs\tools\compiler\ti-cgt-msp430_21.6.0.LTS\lib\</path>
         <kind>archive</kind>
         <file>rts430_eabi.lib</file>
         <name>int11.asm.obj</name>
      </input_file>
      <input_file id="fl-38">
         <path>C:\ti\ccs1210\ccs\tools\compiler\ti-cgt-msp430_21.6.0.LTS\lib\</path>
         <kind>archive</kind>
         <file>rts430_eabi.lib</file>
         <name>int12.asm.obj</name>
      </input_file>
      <input_file id="fl-39">
         <path>C:\ti\ccs1210\ccs\tools\compiler\ti-cgt-msp430_21.6.0.LTS\lib\</path>
         <kind>archive</kind>
         <file>rts430_eabi.lib</file>
         <name>int14.asm.obj</name>
      </input_file>
      <input_file id="fl-3a">
         <path>C:\ti\ccs1210\ccs\tools\compiler\ti-cgt-msp430_21.6.0.LTS\lib\</path>
         <kind>archive</kind>
         <file>rts430_eabi.lib</file>
         <name>isr_trap.asm.obj</name>
      </input_file>
      <input_file id="fl-3b">
         <path>C:\ti\ccs1210\ccs\tools\compiler\ti-cgt-msp430_21.6.0.LTS\lib\</path>
         <kind>archive</kind>
         <file>rts430_eabi.lib</file>
         <name>lsl16.asm.obj</name>
      </input_file>
      <input_file id="fl-3c">
         <path>C:\ti\ccs1210\ccs\tools\compiler\ti-cgt-msp430_21.6.0.LTS\lib\</path>
         <kind>archive</kind>
         <file>rts430_eabi.lib</file>
         <name>lsr16.asm.obj</name>
      </input_file>
      <input_file id="fl-3d">
         <path>C:\ti\ccs1210\ccs\tools\compiler\ti-cgt-msp430_21.6.0.LTS\lib\</path>
         <kind>archive</kind>
         <file>rts430_eabi.lib</file>
         <name>lsr32.asm.obj</name>
      </input_file>
      <input_file id="fl-3e">
         <path>C:\ti\ccs1210\ccs\tools\compiler\ti-cgt-msp430_21.6.0.LTS\lib\</path>
         <kind>archive</kind>
         <file>rts430_eabi.lib</file>
         <name>mult16.asm.obj</name>
      </input_file>
      <input_file id="fl-3f">
         <path>C:\ti\ccs1210\ccs\tools\compiler\ti-cgt-msp430_21.6.0.LTS\lib\</path>
         <kind>archive</kind>
         <file>rts430_eabi.lib</file>
         <name>mult32.asm.obj</name>
      </input_file>
      <input_file id="fl-40">
         <path>C:\ti\ccs1210\ccs\tools\compiler\ti-cgt-msp430_21.6.0.LTS\lib\</path>
         <kind>archive</kind>
         <file>rts430_eabi.lib</file>
         <name>boot.c.obj</name>
      </input_file>
      <input_file id="fl-41">
         <path>C:\ti\ccs1210\ccs\tools\compiler\ti-cgt-msp430_21.6.0.LTS\lib\</path>
         <kind>archive</kind>
         <file>rts430_eabi.lib</file>
         <name>autoinit.c.obj</name>
      </input_file>
      <input_file id="fl-42">
         <path>C:\ti\ccs1210\ccs\tools\compiler\ti-cgt-msp430_21.6.0.LTS\lib\</path>
         <kind>archive</kind>
         <file>rts430_eabi.lib</file>
         <name>copy_zero_init.c.obj</name>
      </input_file>
      <input_file id="fl-43">
         <path>C:\ti\ccs1210\ccs\tools\compiler\ti-cgt-msp430_21.6.0.LTS\lib\</path>
         <kind>archive</kind>
         <file>rts430_eabi.lib</file>
         <name>cpy_tbl.c.obj</name>
      </input_file>
      <input_file id="fl-44">
         <path>C:\ti\ccs1210\ccs\tools\compiler\ti-cgt-msp430_21.6.0.LTS\lib\</path>
         <kind>archive</kind>
         <file>rts430_eabi.lib</file>
         <name>mpu_init.c.obj</name>
      </input_file>
      <input_file id="fl-45">
         <path>C:\ti\ccs1210\ccs\tools\compiler\ti-cgt-msp430_21.6.0.LTS\lib\</path>
         <kind>archive</kind>
         <file>rts430_eabi.lib</file>
         <name>pre_init.c.obj</name>
      </input_file>
      <input_file id="fl-46">
         <path>C:\ti\ccs1210\ccs\tools\compiler\ti-cgt-msp430_21.6.0.LTS\lib\</path>
         <kind>archive</kind>
         <file>rts430_eabi.lib</file>
         <name>startup.c.obj</name>
      </input_file>
      <input_file id="fl-47">
         <path>C:\ti\ccs1210\ccs\tools\compiler\ti-cgt-msp430_21.6.0.LTS\lib\</path>
         <kind>archive</kind>
         <file>rts430_eabi.lib</file>
         <name>copy_decompress_none.c.obj</name>
      </input_file>
      <input_file id="fl-48">
         <path>C:\ti\ccs1210\ccs\tools\compiler\ti-cgt-msp430_21.6.0.LTS\lib\</path>
         <kind>archive</kind>
         <file>rts430_eabi.lib</file>
         <name>copy_decompress_lzss.c.obj</name>
      </input_file>
      <input_file id="fl-49">
         <path>C:\ti\ccs1210\ccs\tools\compiler\ti-cgt-msp430_21.6.0.LTS\lib\</path>
         <kind>archive</kind>
         <file>rts430_eabi.lib</file>
         <name>exit.c.obj</name>
      </input_file>
      <input_file id="fl-4a">
         <path>C:\ti\ccs1210\ccs\tools\compiler\ti-cgt-msp430_21.6.0.LTS\lib\</path>
         <kind>archive</kind>
         <file>rts430_eabi.lib</file>
         <name>_lock.c.obj</name>
      </input_file>
      <input_file id="fl-4b">
         <path>C:\ti\ccs1210\ccs\tools\compiler\ti-cgt-msp430_21.6.0.LTS\lib\</path>
         <kind>archive</kind>
         <file>rts430_eabi.lib</file>
         <name>args_main.c.obj</name>
      </input_file>
      <input_file id="fl-4c">
         <path>C:\ti\ccs1210\ccs\tools\compiler\ti-cgt-msp430_21.6.0.LTS\lib\</path>
         <kind>archive</kind>
         <file>rts430_eabi.lib</file>
         <name>memcpy.c.obj</name>
      </input_file>
      <input_file id="fl-4d">
         <path>C:\ti\ccs1210\ccs\tools\compiler\ti-cgt-msp430_21.6.0.LTS\lib\</path>
         <kind>archive</kind>
         <file>rts430_eabi.lib</file>
         <name>_printfi.c.obj</name>
      </input_file>
      <input_file id="fl-4e">
         <path>C:\ti\ccs1210\ccs\tools\compiler\ti-cgt-msp430_21.6.0.LTS\lib\</path>
         <kind>archive</kind>
         <file>rts430_eabi.lib</file>
         <name>div16u.asm.obj</name>
      </input_file>
      <input_file id="fl-4f">
         <path>C:\ti\ccs1210\ccs\tools\compiler\ti-cgt-msp430_21.6.0.LTS\lib\</path>
         <kind>archive</kind>
         <file>rts430_eabi.lib</file>
         <name>exit_gvars.c.obj</name>
      </input_file>
      <input_file id="fl-50">
         <path>C:\ti\ccs1210\ccs\tools\compiler\ti-cgt-msp430_21.6.0.LTS\lib\</path>
         <kind>archive</kind>
         <file>rts430_eabi.lib</file>
         <name>lsr64.c.obj</name>
      </input_file>
      <input_file id="fl-51">
         <path>C:\ti\ccs1210\ccs\tools\compiler\ti-cgt-msp430_21.6.0.LTS\lib\</path>
         <kind>archive</kind>
         <file>rts430_eabi.lib</file>
         <name>div64u.c.obj</name>
      </input_file>
      <input_file id="fl-52">
         <path>C:\ti\ccs1210\ccs\tools\compiler\ti-cgt-msp430_21.6.0.LTS\lib\</path>
         <kind>archive</kind>
         <file>rts430_eabi.lib</file>
         <name>cmpd.c.obj</name>
      </input_file>
      <input_file id="fl-53">
         <path>C:\ti\ccs1210\ccs\tools\compiler\ti-cgt-msp430_21.6.0.LTS\lib\</path>
         <kind>archive</kind>
         <file>rts430_eabi.lib</file>
         <name>divd.c.obj</name>
      </input_file>
      <input_file id="fl-54">
         <path>C:\ti\ccs1210\ccs\tools\compiler\ti-cgt-msp430_21.6.0.LTS\lib\</path>
         <kind>archive</kind>
         <file>rts430_eabi.lib</file>
         <name>fixdi.c.obj</name>
      </input_file>
      <input_file id="fl-55">
         <path>C:\ti\ccs1210\ccs\tools\compiler\ti-cgt-msp430_21.6.0.LTS\lib\</path>
         <kind>archive</kind>
         <file>rts430_eabi.lib</file>
         <name>fixdli.c.obj</name>
      </input_file>
      <input_file id="fl-56">
         <path>C:\ti\ccs1210\ccs\tools\compiler\ti-cgt-msp430_21.6.0.LTS\lib\</path>
         <kind>archive</kind>
         <file>rts430_eabi.lib</file>
         <name>fltid.c.obj</name>
      </input_file>
      <input_file id="fl-57">
         <path>C:\ti\ccs1210\ccs\tools\compiler\ti-cgt-msp430_21.6.0.LTS\lib\</path>
         <kind>archive</kind>
         <file>rts430_eabi.lib</file>
         <name>fltlid.c.obj</name>
      </input_file>
      <input_file id="fl-58">
         <path>C:\ti\ccs1210\ccs\tools\compiler\ti-cgt-msp430_21.6.0.LTS\lib\</path>
         <kind>archive</kind>
         <file>rts430_eabi.lib</file>
         <name>frcdivd.c.obj</name>
      </input_file>
      <input_file id="fl-59">
         <path>C:\ti\ccs1210\ccs\tools\compiler\ti-cgt-msp430_21.6.0.LTS\lib\</path>
         <kind>archive</kind>
         <file>rts430_eabi.lib</file>
         <name>mpyd.c.obj</name>
      </input_file>
      <input_file id="fl-5a">
         <path>C:\ti\ccs1210\ccs\tools\compiler\ti-cgt-msp430_21.6.0.LTS\lib\</path>
         <kind>archive</kind>
         <file>rts430_eabi.lib</file>
         <name>negd.c.obj</name>
      </input_file>
      <input_file id="fl-5b">
         <path>C:\ti\ccs1210\ccs\tools\compiler\ti-cgt-msp430_21.6.0.LTS\lib\</path>
         <kind>archive</kind>
         <file>rts430_eabi.lib</file>
         <name>subd.c.obj</name>
      </input_file>
      <input_file id="fl-5c">
         <path>C:\ti\ccs1210\ccs\tools\compiler\ti-cgt-msp430_21.6.0.LTS\lib\</path>
         <kind>archive</kind>
         <file>rts430_eabi.lib</file>
         <name>_ltoa.c.obj</name>
      </input_file>
      <input_file id="fl-5d">
         <path>C:\ti\ccs1210\ccs\tools\compiler\ti-cgt-msp430_21.6.0.LTS\lib\</path>
         <kind>archive</kind>
         <file>rts430_eabi.lib</file>
         <name>atoi.c.obj</name>
      </input_file>
      <input_file id="fl-5e">
         <path>C:\ti\ccs1210\ccs\tools\compiler\ti-cgt-msp430_21.6.0.LTS\lib\</path>
         <kind>archive</kind>
         <file>rts430_eabi.lib</file>
         <name>ctype.c.obj</name>
      </input_file>
      <input_file id="fl-5f">
         <path>C:\ti\ccs1210\ccs\tools\compiler\ti-cgt-msp430_21.6.0.LTS\lib\</path>
         <kind>archive</kind>
         <file>rts430_eabi.lib</file>
         <name>memccpy.c.obj</name>
      </input_file>
      <input_file id="fl-60">
         <path>C:\ti\ccs1210\ccs\tools\compiler\ti-cgt-msp430_21.6.0.LTS\lib\</path>
         <kind>archive</kind>
         <file>rts430_eabi.lib</file>
         <name>memset.c.obj</name>
      </input_file>
      <input_file id="fl-61">
         <path>C:\ti\ccs1210\ccs\tools\compiler\ti-cgt-msp430_21.6.0.LTS\lib\</path>
         <kind>archive</kind>
         <file>rts430_eabi.lib</file>
         <name>strchr.c.obj</name>
      </input_file>
      <input_file id="fl-62">
         <path>C:\ti\ccs1210\ccs\tools\compiler\ti-cgt-msp430_21.6.0.LTS\lib\</path>
         <kind>archive</kind>
         <file>rts430_eabi.lib</file>
         <name>strlen.c.obj</name>
      </input_file>
      <input_file id="fl-63">
         <path>C:\ti\ccs1210\ccs\tools\compiler\ti-cgt-msp430_21.6.0.LTS\lib\</path>
         <kind>archive</kind>
         <file>rts430_eabi.lib</file>
         <name>toupper.c.obj</name>
      </input_file>
      <input_file id="fl-64">
         <path>C:\ti\ccs1210\ccs\tools\compiler\ti-cgt-msp430_21.6.0.LTS\lib\</path>
         <kind>archive</kind>
         <file>rts430_eabi.lib</file>
         <name>errno.c.obj</name>
      </input_file>
      <input_file id="fl-65">
         <path>C:\ti\ccs1210\ccs\tools\compiler\ti-cgt-msp430_21.6.0.LTS\lib\</path>
         <kind>archive</kind>
         <file>rts430_eabi.lib</file>
         <name>abs.c.obj</name>
      </input_file>
      <input_file id="fl-66">
         <path>C:\ti\ccs1210\ccs\tools\compiler\ti-cgt-msp430_21.6.0.LTS\lib\</path>
         <kind>archive</kind>
         <file>rts430_eabi.lib</file>
         <name>wcslen.c.obj</name>
      </input_file>
      <input_file id="fl-67">
         <path>C:\ti\ccs1210\ccs\tools\compiler\ti-cgt-msp430_21.6.0.LTS\lib\</path>
         <kind>archive</kind>
         <file>rts430_eabi.lib</file>
         <name>s_frexp.c.obj</name>
      </input_file>
      <input_file id="fl-68">
         <path>C:\ti\ccs1210\ccs\tools\compiler\ti-cgt-msp430_21.6.0.LTS\lib\</path>
         <kind>archive</kind>
         <file>rts430_eabi.lib</file>
         <name>s_scalbn.c.obj</name>
      </input_file>
      <input_file id="fl-69">
         <path>C:\ti\ccs1210\ccs\tools\compiler\ti-cgt-msp430_21.6.0.LTS\lib\</path>
         <kind>archive</kind>
         <file>rts430_eabi.lib</file>
         <name>asr32.asm.obj</name>
      </input_file>
      <input_file id="fl-6a">
         <path>C:\ti\ccs1210\ccs\tools\compiler\ti-cgt-msp430_21.6.0.LTS\lib\</path>
         <kind>archive</kind>
         <file>rts430_eabi.lib</file>
         <name>lsl32.asm.obj</name>
      </input_file>
      <input_file id="fl-6b">
         <path>C:\ti\ccs1210\ccs\tools\compiler\ti-cgt-msp430_21.6.0.LTS\lib\</path>
         <kind>archive</kind>
         <file>rts430_eabi.lib</file>
         <name>lsl64.c.obj</name>
      </input_file>
      <input_file id="fl-6c">
         <path>C:\ti\ccs1210\ccs\tools\compiler\ti-cgt-msp430_21.6.0.LTS\lib\</path>
         <kind>archive</kind>
         <file>rts430_eabi.lib</file>
         <name>addd.c.obj</name>
      </input_file>
      <input_file id="fl-6d">
         <path>C:\ti\ccs1210\ccs\tools\compiler\ti-cgt-msp430_21.6.0.LTS\lib\</path>
         <kind>archive</kind>
         <file>rts430_eabi.lib</file>
         <name>frcmpyd.c.obj</name>
      </input_file>
      <input_file id="fl-6e">
         <path>C:\ti\ccs1210\ccs\tools\compiler\ti-cgt-msp430_21.6.0.LTS\lib\</path>
         <kind>archive</kind>
         <file>rts430_eabi.lib</file>
         <name>s_copysign.c.obj</name>
      </input_file>
      <input_file id="fl-6f">
         <path>C:\ti\ccs1210\ccs\tools\compiler\ti-cgt-msp430_21.6.0.LTS\lib\</path>
         <kind>archive</kind>
         <file>rts430_eabi.lib</file>
         <name>mult3264.asm.obj</name>
      </input_file>
      <input_file id="fl-70">
         <path>C:\ti\ccs1210\ccs\tools\compiler\ti-cgt-msp430_21.6.0.LTS\lib\</path>
         <kind>archive</kind>
         <file>rts430_eabi.lib</file>
         <name>mult64.asm.obj</name>
      </input_file>
      <input_file id="fl-71">
         <path>C:\ti\ccs1210\ccs\tools\compiler\ti-cgt-msp430_21.6.0.LTS\lib\</path>
         <kind>archive</kind>
         <file>rts430_eabi.lib</file>
         <name>asr64.c.obj</name>
      </input_file>
      <input_file id="fl-72">
         <path>C:\ti\ccs1210\ccs\tools\compiler\ti-cgt-msp430_21.6.0.LTS\lib\</path>
         <kind>archive</kind>
         <file>rts430_eabi.lib</file>
         <name>mult1632.asm.obj</name>
      </input_file>
   </input_file_list>
   <object_component_list>
      <object_component id="oc-26e">
         <name>.common:Lcd_Orientation</name>
         <uninitialized>true</uninitialized>
         <run_address>0x248</run_address>
         <size>0x1</size>
      </object_component>
      <object_component id="oc-259">
         <name>.common:Lcd_ScreenWidth</name>
         <uninitialized>true</uninitialized>
         <run_address>0x242</run_address>
         <size>0x2</size>
      </object_component>
      <object_component id="oc-25c">
         <name>.common:Lcd_ScreenHeigth</name>
         <uninitialized>true</uninitialized>
         <run_address>0x240</run_address>
         <size>0x2</size>
      </object_component>
      <object_component id="oc-25d">
         <name>.common:Lcd_PenSolid</name>
         <uninitialized>true</uninitialized>
         <run_address>0x249</run_address>
         <size>0x1</size>
      </object_component>
      <object_component id="oc-25e">
         <name>.common:Lcd_FontSolid</name>
         <uninitialized>true</uninitialized>
         <run_address>0x247</run_address>
         <size>0x1</size>
      </object_component>
      <object_component id="oc-25f">
         <name>.common:Lcd_FlagRead</name>
         <uninitialized>true</uninitialized>
         <run_address>0x246</run_address>
         <size>0x1</size>
      </object_component>
      <object_component id="oc-260">
         <name>.common:Lcd_TouchTrim</name>
         <uninitialized>true</uninitialized>
         <run_address>0x244</run_address>
         <size>0x2</size>
      </object_component>
      <object_component id="oc-18f">
         <name>.common:g_sContext</name>
         <uninitialized>true</uninitialized>
         <run_address>0x228</run_address>
         <size>0x18</size>
      </object_component>
      <object_component id="oc-1d8">
         <name>.common:cadena</name>
         <uninitialized>true</uninitialized>
         <run_address>0x200</run_address>
         <size>0x28</size>
      </object_component>
      <object_component id="oc-1ee">
         <name>.data:keymap_char</name>
         <load_address>0x25a</load_address>
         <run_address>0x25a</run_address>
         <size>0xc</size>
         <input_file_ref idref="fl-4"/>
      </object_component>
      <object_component id="oc-186">
         <name>.data</name>
         <load_address>0x24a</load_address>
         <run_address>0x24a</run_address>
         <size>0x10</size>
         <input_file_ref idref="fl-4"/>
      </object_component>
      <object_component id="oc-b1">
         <name>.stack</name>
         <uninitialized>true</uninitialized>
         <run_address>0x3b0</run_address>
         <size>0x2</size>
         <input_file_ref idref="fl-40"/>
      </object_component>
      <object_component id="oc-496">
         <name>.stack</name>
         <uninitialized>true</uninitialized>
         <run_address>0x3b0</run_address>
         <size>0x0</size>
      </object_component>
      <object_component id="oc-14c">
         <name>.text:main</name>
         <load_address>0xc000</load_address>
         <run_address>0xc000</run_address>
         <size>0x998</size>
         <input_file_ref idref="fl-4"/>
      </object_component>
      <object_component id="oc-1df">
         <name>.text:Graphics_drawString</name>
         <load_address>0xc998</load_address>
         <run_address>0xc998</run_address>
         <size>0x7ba</size>
         <input_file_ref idref="fl-13"/>
      </object_component>
      <object_component id="oc-1d1">
         <name>.text:Graphics_fillCircle</name>
         <load_address>0xd152</load_address>
         <run_address>0xd152</run_address>
         <size>0x3be</size>
         <input_file_ref idref="fl-c"/>
      </object_component>
      <object_component id="oc-1cb">
         <name>.text:Graphics_drawCircle</name>
         <load_address>0xd510</load_address>
         <run_address>0xd510</run_address>
         <size>0x3a2</size>
         <input_file_ref idref="fl-c"/>
      </object_component>
      <object_component id="oc-1c5">
         <name>.text:Graphics_drawLine</name>
         <load_address>0xd8b2</load_address>
         <run_address>0xd8b2</run_address>
         <size>0x2be</size>
         <input_file_ref idref="fl-11"/>
      </object_component>
      <object_component id="oc-2e7">
         <name>.text:Graphics_clipLine</name>
         <load_address>0xdb70</load_address>
         <run_address>0xdb70</run_address>
         <size>0x230</size>
         <input_file_ref idref="fl-11"/>
      </object_component>
      <object_component id="oc-282">
         <name>.text:Crystalfontz128x128_PixelDrawMultiple</name>
         <load_address>0xdda0</load_address>
         <run_address>0xdda0</run_address>
         <size>0x1de</size>
         <input_file_ref idref="fl-2"/>
      </object_component>
      <object_component id="oc-17a">
         <name>.text:Crystalfontz128x128_Init</name>
         <load_address>0xdf7e</load_address>
         <run_address>0xdf7e</run_address>
         <size>0x142</size>
         <input_file_ref idref="fl-2"/>
      </object_component>
      <object_component id="oc-3b7">
         <name>.text:__TI_printfi_minimal:_setfield___TI_printfi_minimal</name>
         <load_address>0xe0c0</load_address>
         <run_address>0xe0c0</run_address>
         <size>0x116</size>
         <input_file_ref idref="fl-4d"/>
      </object_component>
      <object_component id="oc-1b9">
         <name>.text:Graphics_drawRectangle</name>
         <load_address>0xe1d6</load_address>
         <run_address>0xe1d6</run_address>
         <size>0x106</size>
         <input_file_ref idref="fl-12"/>
      </object_component>
      <object_component id="oc-30f">
         <name>.text:__TI_printfi_minimal:__TI_printfi_minimal</name>
         <load_address>0xe2dc</load_address>
         <run_address>0xe2dc</run_address>
         <size>0xec</size>
         <input_file_ref idref="fl-4d"/>
      </object_component>
      <object_component id="oc-2cd">
         <name>.text:Graphics_drawLineH</name>
         <load_address>0xe3c8</load_address>
         <run_address>0xe3c8</run_address>
         <size>0xde</size>
         <input_file_ref idref="fl-11"/>
      </object_component>
      <object_component id="oc-2d3">
         <name>.text:Graphics_drawLineV</name>
         <load_address>0xe4a6</load_address>
         <run_address>0xe4a6</run_address>
         <size>0xd8</size>
         <input_file_ref idref="fl-11"/>
      </object_component>
      <object_component id="oc-174">
         <name>.text:Set_Clk</name>
         <load_address>0xe57e</load_address>
         <run_address>0xe57e</run_address>
         <size>0xce</size>
         <input_file_ref idref="fl-4"/>
      </object_component>
      <object_component id="oc-261">
         <name>.text:Crystalfontz128x128_SetDrawFrame</name>
         <load_address>0xe64c</load_address>
         <run_address>0xe64c</run_address>
         <size>0xca</size>
         <input_file_ref idref="fl-2"/>
      </object_component>
      <object_component id="oc-40e">
         <name>.text:__TI_printfi_minimal:_pproc_diouxp___TI_printfi_minimal</name>
         <load_address>0xe716</load_address>
         <run_address>0xe716</run_address>
         <size>0xca</size>
         <input_file_ref idref="fl-4d"/>
      </object_component>
      <object_component id="oc-1bf">
         <name>.text:Graphics_fillRectangle</name>
         <load_address>0xe7e0</load_address>
         <run_address>0xe7e0</run_address>
         <size>0xaa</size>
         <input_file_ref idref="fl-12"/>
      </object_component>
      <object_component id="oc-294">
         <name>.text:Crystalfontz128x128_RectFill</name>
         <load_address>0xe88a</load_address>
         <run_address>0xe88a</run_address>
         <size>0x8c</size>
         <input_file_ref idref="fl-2"/>
      </object_component>
      <object_component id="oc-34">
         <name>.text:decompress:lzss:__TI_decompress_lzss</name>
         <load_address>0xe916</load_address>
         <run_address>0xe916</run_address>
         <size>0x7c</size>
         <input_file_ref idref="fl-48"/>
      </object_component>
      <object_component id="oc-397">
         <name>.text:Graphics_getClipCode</name>
         <load_address>0xe992</load_address>
         <run_address>0xe992</run_address>
         <size>0x78</size>
         <input_file_ref idref="fl-11"/>
      </object_component>
      <object_component id="oc-288">
         <name>.text:Crystalfontz128x128_LineDrawH</name>
         <load_address>0xea0a</load_address>
         <run_address>0xea0a</run_address>
         <size>0x5e</size>
         <input_file_ref idref="fl-2"/>
      </object_component>
      <object_component id="oc-28e">
         <name>.text:Crystalfontz128x128_LineDrawV</name>
         <load_address>0xea68</load_address>
         <run_address>0xea68</run_address>
         <size>0x5e</size>
         <input_file_ref idref="fl-2"/>
      </object_component>
      <object_component id="oc-372">
         <name>.text:l_lsr_const</name>
         <load_address>0xeac6</load_address>
         <run_address>0xeac6</run_address>
         <size>0x5c</size>
         <input_file_ref idref="fl-3d"/>
      </object_component>
      <object_component id="oc-3a3">
         <name>.text</name>
         <load_address>0xeb22</load_address>
         <run_address>0xeb22</run_address>
         <size>0x58</size>
         <input_file_ref idref="fl-2c"/>
      </object_component>
      <object_component id="oc-189">
         <name>.text:Crystalfontz128x128_SetOrientation</name>
         <load_address>0xeb7a</load_address>
         <run_address>0xeb7a</run_address>
         <size>0x54</size>
         <input_file_ref idref="fl-2"/>
      </object_component>
      <object_component id="oc-29a">
         <name>.text:Crystalfontz128x128_ColorTranslate</name>
         <load_address>0xebce</load_address>
         <run_address>0xebce</run_address>
         <size>0x52</size>
         <input_file_ref idref="fl-2"/>
      </object_component>
      <object_component id="oc-31c">
         <name>.text:Graphics_getNumberOfLeadingZeros</name>
         <load_address>0xec20</load_address>
         <run_address>0xec20</run_address>
         <size>0x52</size>
         <input_file_ref idref="fl-13"/>
      </object_component>
      <object_component id="oc-ba">
         <name>.text</name>
         <load_address>0xec72</load_address>
         <run_address>0xec72</run_address>
         <size>0x4c</size>
         <input_file_ref idref="fl-3c"/>
      </object_component>
      <object_component id="oc-20d">
         <name>.text:__TI_auto_init_nobinit_nopinit:__TI_auto_init_nobinit_nopinit</name>
         <load_address>0xecbe</load_address>
         <run_address>0xecbe</run_address>
         <size>0x42</size>
         <input_file_ref idref="fl-41"/>
      </object_component>
      <object_component id="oc-195">
         <name>.text:Graphics_initContext</name>
         <load_address>0xed00</load_address>
         <run_address>0xed00</run_address>
         <size>0x40</size>
         <input_file_ref idref="fl-d"/>
      </object_component>
      <object_component id="oc-247">
         <name>.text:HAL_LCD_SpiInit</name>
         <load_address>0xed40</load_address>
         <run_address>0xed40</run_address>
         <size>0x40</size>
         <input_file_ref idref="fl-3"/>
      </object_component>
      <object_component id="oc-2ed">
         <name>.text</name>
         <load_address>0xed80</load_address>
         <run_address>0xed80</run_address>
         <size>0x40</size>
         <input_file_ref idref="fl-2b"/>
      </object_component>
      <object_component id="oc-27c">
         <name>.text:Crystalfontz128x128_PixelDraw</name>
         <load_address>0xedc0</load_address>
         <run_address>0xedc0</run_address>
         <size>0x3e</size>
         <input_file_ref idref="fl-2"/>
      </object_component>
      <object_component id="oc-1d9">
         <name>.text:sprintf</name>
         <load_address>0xedfe</load_address>
         <run_address>0xedfe</run_address>
         <size>0x38</size>
         <input_file_ref idref="fl-29"/>
      </object_component>
      <object_component id="oc-2a6">
         <name>.text:Crystalfontz128x128_ClearScreen</name>
         <load_address>0xee36</load_address>
         <run_address>0xee36</run_address>
         <size>0x36</size>
         <input_file_ref idref="fl-2"/>
      </object_component>
      <object_component id="oc-241">
         <name>.text:HAL_LCD_PortInit</name>
         <load_address>0xee6c</load_address>
         <run_address>0xee6c</run_address>
         <size>0x2c</size>
         <input_file_ref idref="fl-3"/>
      </object_component>
      <object_component id="oc-317">
         <name>.text</name>
         <load_address>0xee98</load_address>
         <run_address>0xee98</run_address>
         <size>0x2c</size>
         <input_file_ref idref="fl-2a"/>
      </object_component>
      <object_component id="oc-b5">
         <name>.text</name>
         <load_address>0xeec4</load_address>
         <run_address>0xeec4</run_address>
         <size>0x2c</size>
         <input_file_ref idref="fl-3b"/>
      </object_component>
      <object_component id="oc-24d">
         <name>.text:HAL_LCD_writeCommand</name>
         <load_address>0xeef0</load_address>
         <run_address>0xeef0</run_address>
         <size>0x2a</size>
         <input_file_ref idref="fl-3"/>
      </object_component>
      <object_component id="oc-1e8">
         <name>.text:espera</name>
         <load_address>0xef1a</load_address>
         <run_address>0xef1a</run_address>
         <size>0x2a</size>
         <input_file_ref idref="fl-4"/>
      </object_component>
      <object_component id="oc-2fa">
         <name>.text:Graphics_drawPixel</name>
         <load_address>0xef44</load_address>
         <run_address>0xef44</run_address>
         <size>0x28</size>
         <input_file_ref idref="fl-d"/>
      </object_component>
      <object_component id="oc-39d">
         <name>.text</name>
         <load_address>0xef6c</load_address>
         <run_address>0xef6c</run_address>
         <size>0x26</size>
         <input_file_ref idref="fl-3f"/>
      </object_component>
      <object_component id="oc-253">
         <name>.text:HAL_LCD_writeData</name>
         <load_address>0xef92</load_address>
         <run_address>0xef92</run_address>
         <size>0x22</size>
         <input_file_ref idref="fl-3"/>
      </object_component>
      <object_component id="oc-414">
         <name>.text:memccpy</name>
         <load_address>0xefb4</load_address>
         <run_address>0xefb4</run_address>
         <size>0x22</size>
         <input_file_ref idref="fl-5f"/>
      </object_component>
      <object_component id="oc-f9">
         <name>.text:_c_int00_noargs</name>
         <load_address>0xefd6</load_address>
         <run_address>0xefd6</run_address>
         <size>0x1c</size>
         <input_file_ref idref="fl-40"/>
      </object_component>
      <object_component id="oc-303">
         <name>.text:_outs</name>
         <load_address>0xeff2</load_address>
         <run_address>0xeff2</run_address>
         <size>0x1a</size>
         <input_file_ref idref="fl-29"/>
      </object_component>
      <object_component id="oc-386">
         <name>.text:Graphics_drawHorizontalLineOnDisplay</name>
         <load_address>0xf00c</load_address>
         <run_address>0xf00c</run_address>
         <size>0x18</size>
         <input_file_ref idref="fl-e"/>
      </object_component>
      <object_component id="oc-38d">
         <name>.text:Graphics_drawVerticalLineOnDisplay</name>
         <load_address>0xf024</load_address>
         <run_address>0xf024</run_address>
         <size>0x18</size>
         <input_file_ref idref="fl-e"/>
      </object_component>
      <object_component id="oc-1a1">
         <name>.text:Graphics_setBackgroundColor</name>
         <load_address>0xf03c</load_address>
         <run_address>0xf03c</run_address>
         <size>0x18</size>
         <input_file_ref idref="fl-d"/>
      </object_component>
      <object_component id="oc-1b3">
         <name>.text:Graphics_setForegroundColor</name>
         <load_address>0xf054</load_address>
         <run_address>0xf054</run_address>
         <size>0x18</size>
         <input_file_ref idref="fl-d"/>
      </object_component>
      <object_component id="oc-437">
         <name>.text</name>
         <load_address>0xf06c</load_address>
         <run_address>0xf06c</run_address>
         <size>0x16</size>
         <input_file_ref idref="fl-4e"/>
      </object_component>
      <object_component id="oc-e7">
         <name>.text:decompress:ZI:__TI_zero_init_nomemset:__TI_zero_init_nomemset</name>
         <load_address>0xf082</load_address>
         <run_address>0xf082</run_address>
         <size>0x14</size>
         <input_file_ref idref="fl-42"/>
      </object_component>
      <object_component id="oc-407">
         <name>.text:memset</name>
         <load_address>0xf096</load_address>
         <run_address>0xf096</run_address>
         <size>0x14</size>
         <input_file_ref idref="fl-60"/>
      </object_component>
      <object_component id="oc-1f1">
         <name>.text</name>
         <load_address>0xf0aa</load_address>
         <run_address>0xf0aa</run_address>
         <size>0x14</size>
         <input_file_ref idref="fl-3e"/>
      </object_component>
      <object_component id="oc-309">
         <name>.text:_outc</name>
         <load_address>0xf0be</load_address>
         <run_address>0xf0be</run_address>
         <size>0x12</size>
         <input_file_ref idref="fl-29"/>
      </object_component>
      <object_component id="oc-3a">
         <name>.text:decompress:none:__TI_decompress_none</name>
         <load_address>0xf0d0</load_address>
         <run_address>0xf0d0</run_address>
         <size>0x12</size>
         <input_file_ref idref="fl-47"/>
      </object_component>
      <object_component id="oc-cf">
         <name>.text:memcpy</name>
         <load_address>0xf0e2</load_address>
         <run_address>0xf0e2</run_address>
         <size>0x12</size>
         <input_file_ref idref="fl-4c"/>
      </object_component>
      <object_component id="oc-19b">
         <name>.text:Graphics_clearDisplay</name>
         <load_address>0xf0f4</load_address>
         <run_address>0xf0f4</run_address>
         <size>0x10</size>
         <input_file_ref idref="fl-d"/>
      </object_component>
      <object_component id="oc-bf">
         <name>.text</name>
         <load_address>0xf104</load_address>
         <run_address>0xf104</run_address>
         <size>0x10</size>
         <input_file_ref idref="fl-2d"/>
      </object_component>
      <object_component id="oc-3b1">
         <name>.text:strlen</name>
         <load_address>0xf114</load_address>
         <run_address>0xf114</run_address>
         <size>0xe</size>
         <input_file_ref idref="fl-62"/>
      </object_component>
      <object_component id="oc-2b0">
         <name>.text:Graphics_clearDisplayOnDisplay</name>
         <load_address>0xf122</load_address>
         <run_address>0xf122</run_address>
         <size>0xc</size>
         <input_file_ref idref="fl-e"/>
      </object_component>
      <object_component id="oc-2f2">
         <name>.text:Graphics_drawPixelOnDisplay</name>
         <load_address>0xf12e</load_address>
         <run_address>0xf12e</run_address>
         <size>0xc</size>
         <input_file_ref idref="fl-e"/>
      </object_component>
      <object_component id="oc-2db">
         <name>.text:Graphics_fillRectangleOnDisplay</name>
         <load_address>0xf13a</load_address>
         <run_address>0xf13a</run_address>
         <size>0xc</size>
         <input_file_ref idref="fl-e"/>
      </object_component>
      <object_component id="oc-2b7">
         <name>.text:Graphics_translateColorOnDisplay</name>
         <load_address>0xf146</load_address>
         <run_address>0xf146</run_address>
         <size>0xc</size>
         <input_file_ref idref="fl-e"/>
      </object_component>
      <object_component id="oc-2a0">
         <name>.text:Crystalfontz128x128_Flush</name>
         <load_address>0xf152</load_address>
         <run_address>0xf152</run_address>
         <size>0xa</size>
         <input_file_ref idref="fl-2"/>
      </object_component>
      <object_component id="oc-e1">
         <name>.text:Interrupcion_T1</name>
         <load_address>0xf15c</load_address>
         <run_address>0xf15c</run_address>
         <size>0x8</size>
         <input_file_ref idref="fl-4"/>
      </object_component>
      <object_component id="oc-dc">
         <name>.text:_isr:__TI_ISR_TRAP</name>
         <load_address>0xf164</load_address>
         <run_address>0xf164</run_address>
         <size>0x8</size>
         <input_file_ref idref="fl-3a"/>
      </object_component>
      <object_component id="oc-1aa">
         <name>.text:Graphics_setFont</name>
         <load_address>0xf16c</load_address>
         <run_address>0xf16c</run_address>
         <size>0x6</size>
         <input_file_ref idref="fl-d"/>
      </object_component>
      <object_component id="oc-201">
         <name>.text:abort</name>
         <load_address>0xf172</load_address>
         <run_address>0xf172</run_address>
         <size>0x6</size>
         <input_file_ref idref="fl-49"/>
      </object_component>
      <object_component id="oc-146">
         <name>.text:_system_pre_init</name>
         <load_address>0xf178</load_address>
         <run_address>0xf178</run_address>
         <size>0x4</size>
         <input_file_ref idref="fl-45"/>
      </object_component>
      <object_component id="oc-340">
         <name>.text:_system_post_cinit</name>
         <load_address>0xf17c</load_address>
         <run_address>0xf17c</run_address>
         <size>0x2</size>
         <input_file_ref idref="fl-46"/>
      </object_component>
      <object_component id="oc-495">
         <name>.cinit..data.load</name>
         <load_address>0xf17e</load_address>
         <run_address>0xf17e</run_address>
         <size>0x1b</size>
      </object_component>
      <object_component id="oc-492">
         <name>__TI_handler_table</name>
         <load_address>0xf19a</load_address>
         <run_address>0xf19a</run_address>
         <size>0x6</size>
      </object_component>
      <object_component id="oc-494">
         <name>.cinit..bss.load</name>
         <load_address>0xf1a0</load_address>
         <run_address>0xf1a0</run_address>
         <size>0x4</size>
      </object_component>
      <object_component id="oc-493">
         <name>__TI_cinit_table</name>
         <load_address>0xf1a4</load_address>
         <run_address>0xf1a4</run_address>
         <size>0x8</size>
      </object_component>
      <object_component id="oc-192">
         <name>.const:g_sCrystalfontz128x128</name>
         <load_address>0xf00</load_address>
         <run_address>0xf00</run_address>
         <size>0x1a</size>
         <input_file_ref idref="fl-2"/>
      </object_component>
      <object_component id="oc-379">
         <name>.const:$P$T0$1</name>
         <load_address>0xf1a</load_address>
         <run_address>0xf1a</run_address>
         <size>0x8</size>
         <input_file_ref idref="fl-2"/>
      </object_component>
      <object_component id="oc-180">
         <name>.const:.string:$P$T0$1</name>
         <load_address>0xf2a</load_address>
         <run_address>0xf2a</run_address>
         <size>0x4</size>
         <input_file_ref idref="fl-4"/>
      </object_component>
      <object_component id="oc-183">
         <name>.const:.string:$P$T1$2</name>
         <load_address>0xf2e</load_address>
         <run_address>0xf2e</run_address>
         <size>0x3</size>
         <input_file_ref idref="fl-4"/>
      </object_component>
      <object_component id="oc-1b0">
         <name>.const:$P$T2$3</name>
         <load_address>0xf22</load_address>
         <run_address>0xf22</run_address>
         <size>0x8</size>
         <input_file_ref idref="fl-4"/>
      </object_component>
      <object_component id="oc-1d7">
         <name>.const:.string</name>
         <load_address>0xe64</load_address>
         <run_address>0xe64</run_address>
         <size>0x76</size>
         <input_file_ref idref="fl-4"/>
      </object_component>
      <object_component id="oc-324">
         <name>.const:.string:g_pucCmss14Data</name>
         <load_address>0x6ce</load_address>
         <run_address>0x6ce</run_address>
         <size>0x609</size>
         <input_file_ref idref="fl-f"/>
      </object_component>
      <object_component id="oc-1e5">
         <name>.const</name>
         <load_address>0xcd8</load_address>
         <run_address>0xcd8</run_address>
         <size>0xc6</size>
         <input_file_ref idref="fl-f"/>
      </object_component>
      <object_component id="oc-2c3">
         <name>.const:.string:g_pucCmss16Data</name>
         <load_address>0x0</load_address>
         <run_address>0x0</run_address>
         <size>0x6cd</size>
         <input_file_ref idref="fl-10"/>
      </object_component>
      <object_component id="oc-1a7">
         <name>.const</name>
         <load_address>0xd9e</load_address>
         <run_address>0xd9e</run_address>
         <size>0xc6</size>
         <input_file_ref idref="fl-10"/>
      </object_component>
      <object_component id="oc-40d">
         <name>.const:.string</name>
         <load_address>0xeda</load_address>
         <run_address>0xeda</run_address>
         <size>0x26</size>
         <input_file_ref idref="fl-4d"/>
      </object_component>
      <object_component id="oc-454">
         <name>.binit</name>
         <load_address>0xc000</load_address>
         <run_address>0xc000</run_address>
         <size>0x0</size>
      </object_component>
      <object_component id="oc-40">
         <name>.int00</name>
         <load_address>0xffe0</load_address>
         <run_address>0xffe0</run_address>
         <size>0x2</size>
         <input_file_ref idref="fl-2e"/>
      </object_component>
      <object_component id="oc-41">
         <name>.int02</name>
         <load_address>0xffe4</load_address>
         <run_address>0xffe4</run_address>
         <size>0x2</size>
         <input_file_ref idref="fl-2f"/>
      </object_component>
      <object_component id="oc-42">
         <name>.int03</name>
         <load_address>0xffe6</load_address>
         <run_address>0xffe6</run_address>
         <size>0x2</size>
         <input_file_ref idref="fl-30"/>
      </object_component>
      <object_component id="oc-43">
         <name>.int05</name>
         <load_address>0xffea</load_address>
         <run_address>0xffea</run_address>
         <size>0x2</size>
         <input_file_ref idref="fl-31"/>
      </object_component>
      <object_component id="oc-44">
         <name>.int06</name>
         <load_address>0xffec</load_address>
         <run_address>0xffec</run_address>
         <size>0x2</size>
         <input_file_ref idref="fl-32"/>
      </object_component>
      <object_component id="oc-45">
         <name>.int07</name>
         <load_address>0xffee</load_address>
         <run_address>0xffee</run_address>
         <size>0x2</size>
         <input_file_ref idref="fl-33"/>
      </object_component>
      <object_component id="oc-46">
         <name>.int08</name>
         <load_address>0xfff0</load_address>
         <run_address>0xfff0</run_address>
         <size>0x2</size>
         <input_file_ref idref="fl-34"/>
      </object_component>
      <object_component id="oc-47">
         <name>.int09</name>
         <load_address>0xfff2</load_address>
         <run_address>0xfff2</run_address>
         <size>0x2</size>
         <input_file_ref idref="fl-35"/>
      </object_component>
      <object_component id="oc-48">
         <name>.int10</name>
         <load_address>0xfff4</load_address>
         <run_address>0xfff4</run_address>
         <size>0x2</size>
         <input_file_ref idref="fl-36"/>
      </object_component>
      <object_component id="oc-49">
         <name>.int11</name>
         <load_address>0xfff6</load_address>
         <run_address>0xfff6</run_address>
         <size>0x2</size>
         <input_file_ref idref="fl-37"/>
      </object_component>
      <object_component id="oc-4a">
         <name>.int12</name>
         <load_address>0xfff8</load_address>
         <run_address>0xfff8</run_address>
         <size>0x2</size>
         <input_file_ref idref="fl-38"/>
      </object_component>
      <object_component id="oc-4b">
         <name>.int13</name>
         <load_address>0xfffa</load_address>
         <run_address>0xfffa</run_address>
         <size>0x2</size>
         <input_file_ref idref="fl-4"/>
      </object_component>
      <object_component id="oc-4c">
         <name>.int14</name>
         <load_address>0xfffc</load_address>
         <run_address>0xfffc</run_address>
         <size>0x2</size>
         <input_file_ref idref="fl-39"/>
      </object_component>
      <object_component id="oc-b4">
         <name>.reset</name>
         <load_address>0xfffe</load_address>
         <run_address>0xfffe</run_address>
         <size>0x2</size>
         <input_file_ref idref="fl-40"/>
      </object_component>
      <object_component id="oc-25a">
         <name>.debug_info</name>
         <load_address>0x0</load_address>
         <run_address>0x0</run_address>
         <size>0x4b2</size>
         <input_file_ref idref="fl-2"/>
      </object_component>
      <object_component id="oc-193">
         <name>.debug_info</name>
         <load_address>0x4b2</load_address>
         <run_address>0x4b2</run_address>
         <size>0x12b</size>
         <input_file_ref idref="fl-2"/>
      </object_component>
      <object_component id="oc-37a">
         <name>.debug_info</name>
         <load_address>0x5dd</load_address>
         <run_address>0x5dd</run_address>
         <size>0x10c</size>
         <input_file_ref idref="fl-2"/>
      </object_component>
      <object_component id="oc-17b">
         <name>.debug_info</name>
         <load_address>0x6e9</load_address>
         <run_address>0x6e9</run_address>
         <size>0x3af</size>
         <input_file_ref idref="fl-2"/>
      </object_component>
      <object_component id="oc-262">
         <name>.debug_info</name>
         <load_address>0xa98</load_address>
         <run_address>0xa98</run_address>
         <size>0x2f6</size>
         <input_file_ref idref="fl-2"/>
      </object_component>
      <object_component id="oc-18a">
         <name>.debug_info</name>
         <load_address>0xd8e</load_address>
         <run_address>0xd8e</run_address>
         <size>0x252</size>
         <input_file_ref idref="fl-2"/>
      </object_component>
      <object_component id="oc-27d">
         <name>.debug_info</name>
         <load_address>0xfe0</load_address>
         <run_address>0xfe0</run_address>
         <size>0x2ab</size>
         <input_file_ref idref="fl-2"/>
      </object_component>
      <object_component id="oc-283">
         <name>.debug_info</name>
         <load_address>0x128b</load_address>
         <run_address>0x128b</run_address>
         <size>0x44c</size>
         <input_file_ref idref="fl-2"/>
      </object_component>
      <object_component id="oc-289">
         <name>.debug_info</name>
         <load_address>0x16d7</load_address>
         <run_address>0x16d7</run_address>
         <size>0x2c6</size>
         <input_file_ref idref="fl-2"/>
      </object_component>
      <object_component id="oc-28f">
         <name>.debug_info</name>
         <load_address>0x199d</load_address>
         <run_address>0x199d</run_address>
         <size>0x2c6</size>
         <input_file_ref idref="fl-2"/>
      </object_component>
      <object_component id="oc-295">
         <name>.debug_info</name>
         <load_address>0x1c63</load_address>
         <run_address>0x1c63</run_address>
         <size>0x30b</size>
         <input_file_ref idref="fl-2"/>
      </object_component>
      <object_component id="oc-29b">
         <name>.debug_info</name>
         <load_address>0x1f6e</load_address>
         <run_address>0x1f6e</run_address>
         <size>0x256</size>
         <input_file_ref idref="fl-2"/>
      </object_component>
      <object_component id="oc-2a1">
         <name>.debug_info</name>
         <load_address>0x21c4</load_address>
         <run_address>0x21c4</run_address>
         <size>0x1cf</size>
         <input_file_ref idref="fl-2"/>
      </object_component>
      <object_component id="oc-2a7">
         <name>.debug_info</name>
         <load_address>0x2393</load_address>
         <run_address>0x2393</run_address>
         <size>0x23f</size>
         <input_file_ref idref="fl-2"/>
      </object_component>
      <object_component id="oc-277">
         <name>.debug_info</name>
         <load_address>0x25d2</load_address>
         <run_address>0x25d2</run_address>
         <size>0x26b</size>
         <input_file_ref idref="fl-2"/>
      </object_component>
      <object_component id="oc-1fc">
         <name>.debug_info</name>
         <load_address>0x283d</load_address>
         <run_address>0x283d</run_address>
         <size>0x40a</size>
         <input_file_ref idref="fl-2"/>
      </object_component>
      <object_component id="oc-ca">
         <name>.debug_info</name>
         <load_address>0x2c47</load_address>
         <run_address>0x2c47</run_address>
         <size>0x84</size>
         <input_file_ref idref="fl-2"/>
      </object_component>
      <object_component id="oc-368">
         <name>.debug_info</name>
         <load_address>0x2ccb</load_address>
         <run_address>0x2ccb</run_address>
         <size>0x282</size>
         <input_file_ref idref="fl-2"/>
      </object_component>
      <object_component id="oc-270">
         <name>.debug_info</name>
         <load_address>0x2f4d</load_address>
         <run_address>0x2f4d</run_address>
         <size>0xbb</size>
         <input_file_ref idref="fl-2"/>
      </object_component>
      <object_component id="oc-242">
         <name>.debug_info</name>
         <load_address>0x3008</load_address>
         <run_address>0x3008</run_address>
         <size>0x19b</size>
         <input_file_ref idref="fl-3"/>
      </object_component>
      <object_component id="oc-248">
         <name>.debug_info</name>
         <load_address>0x31a3</load_address>
         <run_address>0x31a3</run_address>
         <size>0x199</size>
         <input_file_ref idref="fl-3"/>
      </object_component>
      <object_component id="oc-250">
         <name>.debug_info</name>
         <load_address>0x333c</load_address>
         <run_address>0x333c</run_address>
         <size>0x1d2</size>
         <input_file_ref idref="fl-3"/>
      </object_component>
      <object_component id="oc-257">
         <name>.debug_info</name>
         <load_address>0x350e</load_address>
         <run_address>0x350e</run_address>
         <size>0x1c0</size>
         <input_file_ref idref="fl-3"/>
      </object_component>
      <object_component id="oc-190">
         <name>.debug_info</name>
         <load_address>0x36ce</load_address>
         <run_address>0x36ce</run_address>
         <size>0xba4</size>
         <input_file_ref idref="fl-4"/>
      </object_component>
      <object_component id="oc-1ef">
         <name>.debug_info</name>
         <load_address>0x4272</load_address>
         <run_address>0x4272</run_address>
         <size>0x100</size>
         <input_file_ref idref="fl-4"/>
      </object_component>
      <object_component id="oc-187">
         <name>.debug_info</name>
         <load_address>0x4372</load_address>
         <run_address>0x4372</run_address>
         <size>0x279</size>
         <input_file_ref idref="fl-4"/>
      </object_component>
      <object_component id="oc-181">
         <name>.debug_info</name>
         <load_address>0x45eb</load_address>
         <run_address>0x45eb</run_address>
         <size>0xf7</size>
         <input_file_ref idref="fl-4"/>
      </object_component>
      <object_component id="oc-184">
         <name>.debug_info</name>
         <load_address>0x46e2</load_address>
         <run_address>0x46e2</run_address>
         <size>0xf7</size>
         <input_file_ref idref="fl-4"/>
      </object_component>
      <object_component id="oc-1b1">
         <name>.debug_info</name>
         <load_address>0x47d9</load_address>
         <run_address>0x47d9</run_address>
         <size>0xf7</size>
         <input_file_ref idref="fl-4"/>
      </object_component>
      <object_component id="oc-1e9">
         <name>.debug_info</name>
         <load_address>0x48d0</load_address>
         <run_address>0x48d0</run_address>
         <size>0x147</size>
         <input_file_ref idref="fl-4"/>
      </object_component>
      <object_component id="oc-175">
         <name>.debug_info</name>
         <load_address>0x4a17</load_address>
         <run_address>0x4a17</run_address>
         <size>0x145</size>
         <input_file_ref idref="fl-4"/>
      </object_component>
      <object_component id="oc-14e">
         <name>.debug_info</name>
         <load_address>0x4b5c</load_address>
         <run_address>0x4b5c</run_address>
         <size>0x94d</size>
         <input_file_ref idref="fl-4"/>
      </object_component>
      <object_component id="oc-e3">
         <name>.debug_info</name>
         <load_address>0x54a9</load_address>
         <run_address>0x54a9</run_address>
         <size>0x13a</size>
         <input_file_ref idref="fl-4"/>
      </object_component>
      <object_component id="oc-1f7">
         <name>.debug_info</name>
         <load_address>0x55e3</load_address>
         <run_address>0x55e3</run_address>
         <size>0x8b</size>
         <input_file_ref idref="fl-4"/>
      </object_component>
      <object_component id="oc-3bf">
         <name>.debug_info</name>
         <load_address>0x566e</load_address>
         <run_address>0x566e</run_address>
         <size>0x2c</size>
         <input_file_ref idref="fl-4"/>
      </object_component>
      <object_component id="oc-301">
         <name>.debug_info</name>
         <load_address>0x569a</load_address>
         <run_address>0x569a</run_address>
         <size>0x2e9</size>
         <input_file_ref idref="fl-c"/>
      </object_component>
      <object_component id="oc-1cc">
         <name>.debug_info</name>
         <load_address>0x5983</load_address>
         <run_address>0x5983</run_address>
         <size>0x2b4</size>
         <input_file_ref idref="fl-c"/>
      </object_component>
      <object_component id="oc-1d3">
         <name>.debug_info</name>
         <load_address>0x5c37</load_address>
         <run_address>0x5c37</run_address>
         <size>0x25f</size>
         <input_file_ref idref="fl-c"/>
      </object_component>
      <object_component id="oc-2e2">
         <name>.debug_info</name>
         <load_address>0x5e96</load_address>
         <run_address>0x5e96</run_address>
         <size>0x40a</size>
         <input_file_ref idref="fl-c"/>
      </object_component>
      <object_component id="oc-2be">
         <name>.debug_info</name>
         <load_address>0x62a0</load_address>
         <run_address>0x62a0</run_address>
         <size>0x18b</size>
         <input_file_ref idref="fl-c"/>
      </object_component>
      <object_component id="oc-2af">
         <name>.debug_info</name>
         <load_address>0x642b</load_address>
         <run_address>0x642b</run_address>
         <size>0x3b8</size>
         <input_file_ref idref="fl-d"/>
      </object_component>
      <object_component id="oc-197">
         <name>.debug_info</name>
         <load_address>0x67e3</load_address>
         <run_address>0x67e3</run_address>
         <size>0x17b</size>
         <input_file_ref idref="fl-d"/>
      </object_component>
      <object_component id="oc-1a2">
         <name>.debug_info</name>
         <load_address>0x695e</load_address>
         <run_address>0x695e</run_address>
         <size>0x1a2</size>
         <input_file_ref idref="fl-d"/>
      </object_component>
      <object_component id="oc-1ab">
         <name>.debug_info</name>
         <load_address>0x6b00</load_address>
         <run_address>0x6b00</run_address>
         <size>0x159</size>
         <input_file_ref idref="fl-d"/>
      </object_component>
      <object_component id="oc-1b4">
         <name>.debug_info</name>
         <load_address>0x6c59</load_address>
         <run_address>0x6c59</run_address>
         <size>0x195</size>
         <input_file_ref idref="fl-d"/>
      </object_component>
      <object_component id="oc-19d">
         <name>.debug_info</name>
         <load_address>0x6dee</load_address>
         <run_address>0x6dee</run_address>
         <size>0x177</size>
         <input_file_ref idref="fl-d"/>
      </object_component>
      <object_component id="oc-2fc">
         <name>.debug_info</name>
         <load_address>0x6f65</load_address>
         <run_address>0x6f65</run_address>
         <size>0x19a</size>
         <input_file_ref idref="fl-d"/>
      </object_component>
      <object_component id="oc-380">
         <name>.debug_info</name>
         <load_address>0x70ff</load_address>
         <run_address>0x70ff</run_address>
         <size>0x258</size>
         <input_file_ref idref="fl-e"/>
      </object_component>
      <object_component id="oc-2f3">
         <name>.debug_info</name>
         <load_address>0x7357</load_address>
         <run_address>0x7357</run_address>
         <size>0x18b</size>
         <input_file_ref idref="fl-e"/>
      </object_component>
      <object_component id="oc-387">
         <name>.debug_info</name>
         <load_address>0x74e2</load_address>
         <run_address>0x74e2</run_address>
         <size>0x1c5</size>
         <input_file_ref idref="fl-e"/>
      </object_component>
      <object_component id="oc-38e">
         <name>.debug_info</name>
         <load_address>0x76a7</load_address>
         <run_address>0x76a7</run_address>
         <size>0x1bc</size>
         <input_file_ref idref="fl-e"/>
      </object_component>
      <object_component id="oc-2dc">
         <name>.debug_info</name>
         <load_address>0x7863</load_address>
         <run_address>0x7863</run_address>
         <size>0x18e</size>
         <input_file_ref idref="fl-e"/>
      </object_component>
      <object_component id="oc-2bb">
         <name>.debug_info</name>
         <load_address>0x79f1</load_address>
         <run_address>0x79f1</run_address>
         <size>0x183</size>
         <input_file_ref idref="fl-e"/>
      </object_component>
      <object_component id="oc-2b2">
         <name>.debug_info</name>
         <load_address>0x7b74</load_address>
         <run_address>0x7b74</run_address>
         <size>0x17b</size>
         <input_file_ref idref="fl-e"/>
      </object_component>
      <object_component id="oc-329">
         <name>.debug_info</name>
         <load_address>0x7cef</load_address>
         <run_address>0x7cef</run_address>
         <size>0x1f9</size>
         <input_file_ref idref="fl-f"/>
      </object_component>
      <object_component id="oc-325">
         <name>.debug_info</name>
         <load_address>0x7ee8</load_address>
         <run_address>0x7ee8</run_address>
         <size>0xdf</size>
         <input_file_ref idref="fl-f"/>
      </object_component>
      <object_component id="oc-1e6">
         <name>.debug_info</name>
         <load_address>0x7fc7</load_address>
         <run_address>0x7fc7</run_address>
         <size>0xdc</size>
         <input_file_ref idref="fl-f"/>
      </object_component>
      <object_component id="oc-2c8">
         <name>.debug_info</name>
         <load_address>0x80a3</load_address>
         <run_address>0x80a3</run_address>
         <size>0x1f9</size>
         <input_file_ref idref="fl-10"/>
      </object_component>
      <object_component id="oc-2c4">
         <name>.debug_info</name>
         <load_address>0x829c</load_address>
         <run_address>0x829c</run_address>
         <size>0xdf</size>
         <input_file_ref idref="fl-10"/>
      </object_component>
      <object_component id="oc-1a8">
         <name>.debug_info</name>
         <load_address>0x837b</load_address>
         <run_address>0x837b</run_address>
         <size>0xdc</size>
         <input_file_ref idref="fl-10"/>
      </object_component>
      <object_component id="oc-2f9">
         <name>.debug_info</name>
         <load_address>0x8457</load_address>
         <run_address>0x8457</run_address>
         <size>0x398</size>
         <input_file_ref idref="fl-11"/>
      </object_component>
      <object_component id="oc-2ce">
         <name>.debug_info</name>
         <load_address>0x87ef</load_address>
         <run_address>0x87ef</run_address>
         <size>0x1da</size>
         <input_file_ref idref="fl-11"/>
      </object_component>
      <object_component id="oc-2d4">
         <name>.debug_info</name>
         <load_address>0x89c9</load_address>
         <run_address>0x89c9</run_address>
         <size>0x1dd</size>
         <input_file_ref idref="fl-11"/>
      </object_component>
      <object_component id="oc-398">
         <name>.debug_info</name>
         <load_address>0x8ba6</load_address>
         <run_address>0x8ba6</run_address>
         <size>0x193</size>
         <input_file_ref idref="fl-11"/>
      </object_component>
      <object_component id="oc-2e8">
         <name>.debug_info</name>
         <load_address>0x8d39</load_address>
         <run_address>0x8d39</run_address>
         <size>0x315</size>
         <input_file_ref idref="fl-11"/>
      </object_component>
      <object_component id="oc-1c6">
         <name>.debug_info</name>
         <load_address>0x904e</load_address>
         <run_address>0x904e</run_address>
         <size>0x29f</size>
         <input_file_ref idref="fl-11"/>
      </object_component>
      <object_component id="oc-2da">
         <name>.debug_info</name>
         <load_address>0x92ed</load_address>
         <run_address>0x92ed</run_address>
         <size>0x352</size>
         <input_file_ref idref="fl-12"/>
      </object_component>
      <object_component id="oc-1ba">
         <name>.debug_info</name>
         <load_address>0x963f</load_address>
         <run_address>0x963f</run_address>
         <size>0x1dd</size>
         <input_file_ref idref="fl-12"/>
      </object_component>
      <object_component id="oc-1c2">
         <name>.debug_info</name>
         <load_address>0x981c</load_address>
         <run_address>0x981c</run_address>
         <size>0x1b1</size>
         <input_file_ref idref="fl-12"/>
      </object_component>
      <object_component id="oc-323">
         <name>.debug_info</name>
         <load_address>0x99cd</load_address>
         <run_address>0x99cd</run_address>
         <size>0x317</size>
         <input_file_ref idref="fl-13"/>
      </object_component>
      <object_component id="oc-31e">
         <name>.debug_info</name>
         <load_address>0x9ce4</load_address>
         <run_address>0x9ce4</run_address>
         <size>0x175</size>
         <input_file_ref idref="fl-13"/>
      </object_component>
      <object_component id="oc-1e1">
         <name>.debug_info</name>
         <load_address>0x9e59</load_address>
         <run_address>0x9e59</run_address>
         <size>0x446</size>
         <input_file_ref idref="fl-13"/>
      </object_component>
      <object_component id="oc-316">
         <name>.debug_info</name>
         <load_address>0xa29f</load_address>
         <run_address>0xa29f</run_address>
         <size>0x20b</size>
         <input_file_ref idref="fl-29"/>
      </object_component>
      <object_component id="oc-1db">
         <name>.debug_info</name>
         <load_address>0xa4aa</load_address>
         <run_address>0xa4aa</run_address>
         <size>0x1c2</size>
         <input_file_ref idref="fl-29"/>
      </object_component>
      <object_component id="oc-307">
         <name>.debug_info</name>
         <load_address>0xa66c</load_address>
         <run_address>0xa66c</run_address>
         <size>0x198</size>
         <input_file_ref idref="fl-29"/>
      </object_component>
      <object_component id="oc-30a">
         <name>.debug_info</name>
         <load_address>0xa804</load_address>
         <run_address>0xa804</run_address>
         <size>0x16d</size>
         <input_file_ref idref="fl-29"/>
      </object_component>
      <object_component id="oc-41d">
         <name>.debug_info</name>
         <load_address>0xa971</load_address>
         <run_address>0xa971</run_address>
         <size>0x2c</size>
         <input_file_ref idref="fl-29"/>
      </object_component>
      <object_component id="oc-318">
         <name>.debug_info</name>
         <load_address>0xa99d</load_address>
         <run_address>0xa99d</run_address>
         <size>0x120</size>
         <input_file_ref idref="fl-2a"/>
      </object_component>
      <object_component id="oc-2ef">
         <name>.debug_info</name>
         <load_address>0xaabd</load_address>
         <run_address>0xaabd</run_address>
         <size>0x138</size>
         <input_file_ref idref="fl-2b"/>
      </object_component>
      <object_component id="oc-3a4">
         <name>.debug_info</name>
         <load_address>0xabf5</load_address>
         <run_address>0xabf5</run_address>
         <size>0x123</size>
         <input_file_ref idref="fl-2c"/>
      </object_component>
      <object_component id="oc-c0">
         <name>.debug_info</name>
         <load_address>0xad18</load_address>
         <run_address>0xad18</run_address>
         <size>0x12e</size>
         <input_file_ref idref="fl-2d"/>
      </object_component>
      <object_component id="oc-df">
         <name>.debug_info</name>
         <load_address>0xae46</load_address>
         <run_address>0xae46</run_address>
         <size>0x10f</size>
         <input_file_ref idref="fl-3a"/>
      </object_component>
      <object_component id="oc-b8">
         <name>.debug_info</name>
         <load_address>0xaf55</load_address>
         <run_address>0xaf55</run_address>
         <size>0x120</size>
         <input_file_ref idref="fl-3b"/>
      </object_component>
      <object_component id="oc-bc">
         <name>.debug_info</name>
         <load_address>0xb075</load_address>
         <run_address>0xb075</run_address>
         <size>0x120</size>
         <input_file_ref idref="fl-3c"/>
      </object_component>
      <object_component id="oc-374">
         <name>.debug_info</name>
         <load_address>0xb195</load_address>
         <run_address>0xb195</run_address>
         <size>0x126</size>
         <input_file_ref idref="fl-3d"/>
      </object_component>
      <object_component id="oc-1f3">
         <name>.debug_info</name>
         <load_address>0xb2bb</load_address>
         <run_address>0xb2bb</run_address>
         <size>0x121</size>
         <input_file_ref idref="fl-3e"/>
      </object_component>
      <object_component id="oc-39f">
         <name>.debug_info</name>
         <load_address>0xb3dc</load_address>
         <run_address>0xb3dc</run_address>
         <size>0x121</size>
         <input_file_ref idref="fl-3f"/>
      </object_component>
      <object_component id="oc-b2">
         <name>.debug_info</name>
         <load_address>0xb4fd</load_address>
         <run_address>0xb4fd</run_address>
         <size>0x100</size>
         <input_file_ref idref="fl-40"/>
      </object_component>
      <object_component id="oc-fc">
         <name>.debug_info</name>
         <load_address>0xb5fd</load_address>
         <run_address>0xb5fd</run_address>
         <size>0x17a</size>
         <input_file_ref idref="fl-40"/>
      </object_component>
      <object_component id="oc-347">
         <name>.debug_info</name>
         <load_address>0xb777</load_address>
         <run_address>0xb777</run_address>
         <size>0x3de</size>
         <input_file_ref idref="fl-41"/>
      </object_component>
      <object_component id="oc-20e">
         <name>.debug_info</name>
         <load_address>0xbb55</load_address>
         <run_address>0xbb55</run_address>
         <size>0x1e0</size>
         <input_file_ref idref="fl-41"/>
      </object_component>
      <object_component id="oc-3ea">
         <name>.debug_info</name>
         <load_address>0xbd35</load_address>
         <run_address>0xbd35</run_address>
         <size>0x39</size>
         <input_file_ref idref="fl-41"/>
      </object_component>
      <object_component id="oc-3f6">
         <name>.debug_info</name>
         <load_address>0xbd6e</load_address>
         <run_address>0xbd6e</run_address>
         <size>0x2c</size>
         <input_file_ref idref="fl-41"/>
      </object_component>
      <object_component id="oc-352">
         <name>.debug_info</name>
         <load_address>0xbd9a</load_address>
         <run_address>0xbd9a</run_address>
         <size>0x2c</size>
         <input_file_ref idref="fl-41"/>
      </object_component>
      <object_component id="oc-3ef">
         <name>.debug_info</name>
         <load_address>0xbdc6</load_address>
         <run_address>0xbdc6</run_address>
         <size>0xcd</size>
         <input_file_ref idref="fl-41"/>
      </object_component>
      <object_component id="oc-144">
         <name>.debug_info</name>
         <load_address>0xbe93</load_address>
         <run_address>0xbe93</run_address>
         <size>0x175</size>
         <input_file_ref idref="fl-42"/>
      </object_component>
      <object_component id="oc-eb">
         <name>.debug_info</name>
         <load_address>0xc008</load_address>
         <run_address>0xc008</run_address>
         <size>0x1d2</size>
         <input_file_ref idref="fl-42"/>
      </object_component>
      <object_component id="oc-13f">
         <name>.debug_info</name>
         <load_address>0xc1da</load_address>
         <run_address>0xc1da</run_address>
         <size>0x46</size>
         <input_file_ref idref="fl-42"/>
      </object_component>
      <object_component id="oc-130">
         <name>.debug_info</name>
         <load_address>0xc220</load_address>
         <run_address>0xc220</run_address>
         <size>0x2c</size>
         <input_file_ref idref="fl-42"/>
      </object_component>
      <object_component id="oc-147">
         <name>.debug_info</name>
         <load_address>0xc24c</load_address>
         <run_address>0xc24c</run_address>
         <size>0x153</size>
         <input_file_ref idref="fl-45"/>
      </object_component>
      <object_component id="oc-343">
         <name>.debug_info</name>
         <load_address>0xc39f</load_address>
         <run_address>0xc39f</run_address>
         <size>0x150</size>
         <input_file_ref idref="fl-46"/>
      </object_component>
      <object_component id="oc-db">
         <name>.debug_info</name>
         <load_address>0xc4ef</load_address>
         <run_address>0xc4ef</run_address>
         <size>0x180</size>
         <input_file_ref idref="fl-47"/>
      </object_component>
      <object_component id="oc-3e">
         <name>.debug_info</name>
         <load_address>0xc66f</load_address>
         <run_address>0xc66f</run_address>
         <size>0x1ea</size>
         <input_file_ref idref="fl-47"/>
      </object_component>
      <object_component id="oc-d6">
         <name>.debug_info</name>
         <load_address>0xc859</load_address>
         <run_address>0xc859</run_address>
         <size>0x46</size>
         <input_file_ref idref="fl-47"/>
      </object_component>
      <object_component id="oc-135">
         <name>.debug_info</name>
         <load_address>0xc89f</load_address>
         <run_address>0xc89f</run_address>
         <size>0x2c</size>
         <input_file_ref idref="fl-47"/>
      </object_component>
      <object_component id="oc-12d">
         <name>.debug_info</name>
         <load_address>0xc8cb</load_address>
         <run_address>0xc8cb</run_address>
         <size>0x176</size>
         <input_file_ref idref="fl-48"/>
      </object_component>
      <object_component id="oc-35">
         <name>.debug_info</name>
         <load_address>0xca41</load_address>
         <run_address>0xca41</run_address>
         <size>0x292</size>
         <input_file_ref idref="fl-48"/>
      </object_component>
      <object_component id="oc-c5">
         <name>.debug_info</name>
         <load_address>0xccd3</load_address>
         <run_address>0xccd3</run_address>
         <size>0x60</size>
         <input_file_ref idref="fl-48"/>
      </object_component>
      <object_component id="oc-168">
         <name>.debug_info</name>
         <load_address>0xcd33</load_address>
         <run_address>0xcd33</run_address>
         <size>0x46</size>
         <input_file_ref idref="fl-48"/>
      </object_component>
      <object_component id="oc-128">
         <name>.debug_info</name>
         <load_address>0xcd79</load_address>
         <run_address>0xcd79</run_address>
         <size>0x39</size>
         <input_file_ref idref="fl-48"/>
      </object_component>
      <object_component id="oc-202">
         <name>.debug_info</name>
         <load_address>0xcdb2</load_address>
         <run_address>0xcdb2</run_address>
         <size>0x122</size>
         <input_file_ref idref="fl-49"/>
      </object_component>
      <object_component id="oc-12f">
         <name>.debug_info</name>
         <load_address>0xced4</load_address>
         <run_address>0xced4</run_address>
         <size>0x181</size>
         <input_file_ref idref="fl-4c"/>
      </object_component>
      <object_component id="oc-d2">
         <name>.debug_info</name>
         <load_address>0xd055</load_address>
         <run_address>0xd055</run_address>
         <size>0x17a</size>
         <input_file_ref idref="fl-4c"/>
      </object_component>
      <object_component id="oc-3be">
         <name>.debug_info</name>
         <load_address>0xd1cf</load_address>
         <run_address>0xd1cf</run_address>
         <size>0x439</size>
         <input_file_ref idref="fl-4d"/>
      </object_component>
      <object_component id="oc-410">
         <name>.debug_info</name>
         <load_address>0xd608</load_address>
         <run_address>0xd608</run_address>
         <size>0x2ff</size>
         <input_file_ref idref="fl-4d"/>
      </object_component>
      <object_component id="oc-3b8">
         <name>.debug_info</name>
         <load_address>0xd907</load_address>
         <run_address>0xd907</run_address>
         <size>0x2dc</size>
         <input_file_ref idref="fl-4d"/>
      </object_component>
      <object_component id="oc-310">
         <name>.debug_info</name>
         <load_address>0xdbe3</load_address>
         <run_address>0xdbe3</run_address>
         <size>0x33d</size>
         <input_file_ref idref="fl-4d"/>
      </object_component>
      <object_component id="oc-3c4">
         <name>.debug_info</name>
         <load_address>0xdf20</load_address>
         <run_address>0xdf20</run_address>
         <size>0x86</size>
         <input_file_ref idref="fl-4d"/>
      </object_component>
      <object_component id="oc-43d">
         <name>.debug_info</name>
         <load_address>0xdfa6</load_address>
         <run_address>0xdfa6</run_address>
         <size>0xa1</size>
         <input_file_ref idref="fl-4d"/>
      </object_component>
      <object_component id="oc-422">
         <name>.debug_info</name>
[...]
      <symbol id="sm-2cb">
         <name>Graphics_clearDisplayOnDisplay</name>
         <value>0xf122</value>
         <object_component_ref idref="oc-2b0"/>
      </symbol>
      <symbol id="sm-2cc">
         <name>Graphics_drawPixelOnDisplay</name>
         <value>0xf12e</value>
         <object_component_ref idref="oc-2f2"/>
      </symbol>
      <symbol id="sm-2cd">
         <name>Graphics_translateColorOnDisplay</name>
         <value>0xf146</value>
         <object_component_ref idref="oc-2b7"/>
      </symbol>
      <symbol id="sm-2ce">
         <name>Graphics_drawHorizontalLineOnDisplay</name>
         <value>0xf00c</value>
         <object_component_ref idref="oc-386"/>
      </symbol>
      <symbol id="sm-2cf">
         <name>Graphics_drawVerticalLineOnDisplay</name>
         <value>0xf024</value>
         <object_component_ref idref="oc-38d"/>
      </symbol>
      <symbol id="sm-2d0">
         <name>Graphics_fillRectangleOnDisplay</name>
         <value>0xf13a</value>
         <object_component_ref idref="oc-2db"/>
      </symbol>
      <symbol id="sm-2e0">
         <name>g_sFontCmss14</name>
         <value>0xcd8</value>
         <object_component_ref idref="oc-1e5"/>
      </symbol>
      <symbol id="sm-2f0">
         <name>g_sFontCmss16</name>
         <value>0xd9e</value>
         <object_component_ref idref="oc-1a7"/>
      </symbol>
      <symbol id="sm-361">
         <name>Graphics_drawLineH</name>
         <value>0xe3c8</value>
         <object_component_ref idref="oc-2cd"/>
      </symbol>
      <symbol id="sm-362">
         <name>Graphics_drawLineV</name>
         <value>0xe4a6</value>
         <object_component_ref idref="oc-2d3"/>
      </symbol>
      <symbol id="sm-363">
         <name>Graphics_drawLine</name>
         <value>0xd8b2</value>
         <object_component_ref idref="oc-1c5"/>
      </symbol>
      <symbol id="sm-380">
         <name>Graphics_drawRectangle</name>
         <value>0xe1d6</value>
         <object_component_ref idref="oc-1b9"/>
      </symbol>
      <symbol id="sm-381">
         <name>Graphics_fillRectangle</name>
         <value>0xe7e0</value>
         <object_component_ref idref="oc-1bf"/>
      </symbol>
      <symbol id="sm-3d7">
         <name>Graphics_drawString</name>
         <value>0xc998</value>
         <object_component_ref idref="oc-1df"/>
      </symbol>
      <symbol id="sm-3f8">
         <name>sprintf</name>
         <value>0xedfe</value>
         <object_component_ref idref="oc-1d9"/>
      </symbol>
      <symbol id="sm-400">
         <name>__mspabi_srai</name>
         <value>0xee98</value>
         <object_component_ref idref="oc-317"/>
      </symbol>
      <symbol id="sm-401">
         <name>__mspabi_srai_8</name>
         <value>0xeeb2</value>
         <object_component_ref idref="oc-317"/>
      </symbol>
      <symbol id="sm-402">
         <name>__mspabi_srai_9</name>
         <value>0xeeb0</value>
         <object_component_ref idref="oc-317"/>
      </symbol>
      <symbol id="sm-403">
         <name>__mspabi_srai_6</name>
         <value>0xeeb6</value>
         <object_component_ref idref="oc-317"/>
      </symbol>
      <symbol id="sm-404">
         <name>__mspabi_srai_7</name>
         <value>0xeeb4</value>
         <object_component_ref idref="oc-317"/>
      </symbol>
      <symbol id="sm-405">
         <name>__mspabi_srai_4</name>
         <value>0xeeba</value>
         <object_component_ref idref="oc-317"/>
      </symbol>
      <symbol id="sm-406">
         <name>__mspabi_srai_5</name>
         <value>0xeeb8</value>
         <object_component_ref idref="oc-317"/>
      </symbol>
      <symbol id="sm-407">
         <name>__mspabi_srai_2</name>
         <value>0xeebe</value>
         <object_component_ref idref="oc-317"/>
      </symbol>
      <symbol id="sm-408">
         <name>__mspabi_srai_3</name>
         <value>0xeebc</value>
         <object_component_ref idref="oc-317"/>
      </symbol>
      <symbol id="sm-409">
         <name>__mspabi_srai_1</name>
         <value>0xeec0</value>
         <object_component_ref idref="oc-317"/>
      </symbol>
      <symbol id="sm-40a">
         <name>__mspabi_srai_15</name>
         <value>0xeea4</value>
         <object_component_ref idref="oc-317"/>
      </symbol>
      <symbol id="sm-40b">
         <name>__mspabi_srai_14</name>
         <value>0xeea6</value>
         <object_component_ref idref="oc-317"/>
      </symbol>
      <symbol id="sm-40c">
         <name>__mspabi_srai_13</name>
         <value>0xeea8</value>
         <object_component_ref idref="oc-317"/>
      </symbol>
      <symbol id="sm-40d">
         <name>__mspabi_srai_12</name>
         <value>0xeeaa</value>
         <object_component_ref idref="oc-317"/>
      </symbol>
      <symbol id="sm-40e">
         <name>__mspabi_srai_11</name>
         <value>0xeeac</value>
         <object_component_ref idref="oc-317"/>
      </symbol>
      <symbol id="sm-40f">
         <name>__mspabi_srai_10</name>
         <value>0xeeae</value>
         <object_component_ref idref="oc-317"/>
      </symbol>
      <symbol id="sm-41b">
         <name>__mspabi_remli</name>
         <value>0xed80</value>
         <object_component_ref idref="oc-2ed"/>
      </symbol>
      <symbol id="sm-41c">
         <name>__mspabi_divli</name>
         <value>0xed80</value>
         <object_component_ref idref="oc-2ed"/>
      </symbol>
      <symbol id="sm-42a">
         <name>__mspabi_remul</name>
         <value>0xeb22</value>
         <object_component_ref idref="oc-3a3"/>
      </symbol>
      <symbol id="sm-42b">
         <name>__mspabi_divul</name>
         <value>0xeb22</value>
         <object_component_ref idref="oc-3a3"/>
      </symbol>
      <symbol id="sm-434">
         <name>__mspabi_func_epilog_2</name>
         <value>0xf10e</value>
         <object_component_ref idref="oc-bf"/>
      </symbol>
      <symbol id="sm-435">
         <name>__mspabi_func_epilog_3</name>
         <value>0xf10c</value>
         <object_component_ref idref="oc-bf"/>
      </symbol>
      <symbol id="sm-436">
         <name>__mspabi_func_epilog_1</name>
         <value>0xf110</value>
         <object_component_ref idref="oc-bf"/>
      </symbol>
      <symbol id="sm-437">
         <name>__mspabi_func_epilog_6</name>
         <value>0xf106</value>
         <object_component_ref idref="oc-bf"/>
      </symbol>
      <symbol id="sm-438">
         <name>__mspabi_func_epilog_7</name>
         <value>0xf104</value>
         <object_component_ref idref="oc-bf"/>
      </symbol>
      <symbol id="sm-439">
         <name>__mspabi_func_epilog_4</name>
         <value>0xf10a</value>
         <object_component_ref idref="oc-bf"/>
      </symbol>
      <symbol id="sm-43a">
         <name>__mspabi_func_epilog_5</name>
         <value>0xf108</value>
         <object_component_ref idref="oc-bf"/>
      </symbol>
      <symbol id="sm-43d">
         <name>__TI_int00</name>
         <value>0xffe0</value>
         <object_component_ref idref="oc-40"/>
      </symbol>
      <symbol id="sm-440">
         <name>__TI_int02</name>
         <value>0xffe4</value>
         <object_component_ref idref="oc-41"/>
      </symbol>
      <symbol id="sm-443">
         <name>__TI_int03</name>
         <value>0xffe6</value>
         <object_component_ref idref="oc-42"/>
      </symbol>
      <symbol id="sm-446">
         <name>__TI_int05</name>
         <value>0xffea</value>
         <object_component_ref idref="oc-43"/>
      </symbol>
      <symbol id="sm-449">
         <name>__TI_int06</name>
         <value>0xffec</value>
         <object_component_ref idref="oc-44"/>
      </symbol>
      <symbol id="sm-44c">
         <name>__TI_int07</name>
         <value>0xffee</value>
         <object_component_ref idref="oc-45"/>
      </symbol>
      <symbol id="sm-44f">
         <name>__TI_int08</name>
         <value>0xfff0</value>
         <object_component_ref idref="oc-46"/>
      </symbol>
      <symbol id="sm-452">
         <name>__TI_int09</name>
         <value>0xfff2</value>
         <object_component_ref idref="oc-47"/>
      </symbol>
      <symbol id="sm-455">
         <name>__TI_int10</name>
         <value>0xfff4</value>
         <object_component_ref idref="oc-48"/>
      </symbol>
      <symbol id="sm-458">
         <name>__TI_int11</name>
         <value>0xfff6</value>
         <object_component_ref idref="oc-49"/>
      </symbol>
      <symbol id="sm-45b">
         <name>__TI_int12</name>
         <value>0xfff8</value>
         <object_component_ref idref="oc-4a"/>
      </symbol>
      <symbol id="sm-45e">
         <name>__TI_int14</name>
         <value>0xfffc</value>
         <object_component_ref idref="oc-4c"/>
      </symbol>
      <symbol id="sm-466">
         <name>__TI_ISR_TRAP</name>
         <value>0xf164</value>
         <object_component_ref idref="oc-dc"/>
      </symbol>
      <symbol id="sm-46e">
         <name>__mspabi_slli</name>
         <value>0xeec4</value>
         <object_component_ref idref="oc-b5"/>
      </symbol>
      <symbol id="sm-46f">
         <name>__mspabi_slli_9</name>
         <value>0xeedc</value>
         <object_component_ref idref="oc-b5"/>
      </symbol>
      <symbol id="sm-470">
         <name>__mspabi_slli_8</name>
         <value>0xeede</value>
         <object_component_ref idref="oc-b5"/>
      </symbol>
      <symbol id="sm-471">
         <name>__mspabi_slli_7</name>
         <value>0xeee0</value>
         <object_component_ref idref="oc-b5"/>
      </symbol>
      <symbol id="sm-472">
         <name>__mspabi_slli_6</name>
         <value>0xeee2</value>
         <object_component_ref idref="oc-b5"/>
      </symbol>
      <symbol id="sm-473">
         <name>__mspabi_slli_5</name>
         <value>0xeee4</value>
         <object_component_ref idref="oc-b5"/>
      </symbol>
      <symbol id="sm-474">
         <name>__mspabi_slli_4</name>
         <value>0xeee6</value>
         <object_component_ref idref="oc-b5"/>
      </symbol>
      <symbol id="sm-475">
         <name>__mspabi_slli_3</name>
         <value>0xeee8</value>
         <object_component_ref idref="oc-b5"/>
      </symbol>
      <symbol id="sm-476">
         <name>__mspabi_slli_2</name>
         <value>0xeeea</value>
         <object_component_ref idref="oc-b5"/>
      </symbol>
      <symbol id="sm-477">
         <name>__mspabi_slli_1</name>
         <value>0xeeec</value>
         <object_component_ref idref="oc-b5"/>
      </symbol>
      <symbol id="sm-478">
         <name>__mspabi_slli_15</name>
         <value>0xeed0</value>
         <object_component_ref idref="oc-b5"/>
      </symbol>
      <symbol id="sm-479">
         <name>__mspabi_slli_14</name>
         <value>0xeed2</value>
         <object_component_ref idref="oc-b5"/>
      </symbol>
      <symbol id="sm-47a">
         <name>__mspabi_slli_13</name>
         <value>0xeed4</value>
         <object_component_ref idref="oc-b5"/>
      </symbol>
      <symbol id="sm-47b">
         <name>__mspabi_slli_12</name>
         <value>0xeed6</value>
         <object_component_ref idref="oc-b5"/>
      </symbol>
      <symbol id="sm-47c">
         <name>__mspabi_slli_11</name>
         <value>0xeed8</value>
         <object_component_ref idref="oc-b5"/>
      </symbol>
      <symbol id="sm-47d">
         <name>__mspabi_slli_10</name>
         <value>0xeeda</value>
         <object_component_ref idref="oc-b5"/>
      </symbol>
      <symbol id="sm-485">
         <name>__mspabi_srli_8</name>
         <value>0xec9c</value>
         <object_component_ref idref="oc-ba"/>
      </symbol>
      <symbol id="sm-486">
         <name>__mspabi_srli_9</name>
         <value>0xec98</value>
         <object_component_ref idref="oc-ba"/>
      </symbol>
      <symbol id="sm-487">
         <name>__mspabi_srli_6</name>
         <value>0xeca4</value>
         <object_component_ref idref="oc-ba"/>
      </symbol>
      <symbol id="sm-488">
         <name>__mspabi_srli_7</name>
         <value>0xeca0</value>
         <object_component_ref idref="oc-ba"/>
      </symbol>
      <symbol id="sm-489">
         <name>__mspabi_srli_4</name>
         <value>0xecac</value>
         <object_component_ref idref="oc-ba"/>
      </symbol>
      <symbol id="sm-48a">
         <name>__mspabi_srli_5</name>
         <value>0xeca8</value>
         <object_component_ref idref="oc-ba"/>
      </symbol>
      <symbol id="sm-48b">
         <name>__mspabi_srli_2</name>
         <value>0xecb4</value>
         <object_component_ref idref="oc-ba"/>
      </symbol>
      <symbol id="sm-48c">
         <name>__mspabi_srli_3</name>
         <value>0xecb0</value>
         <object_component_ref idref="oc-ba"/>
      </symbol>
      <symbol id="sm-48d">
         <name>__mspabi_srli_1</name>
         <value>0xecb8</value>
         <object_component_ref idref="oc-ba"/>
      </symbol>
      <symbol id="sm-48e">
         <name>__mspabi_srli</name>
         <value>0xec72</value>
         <object_component_ref idref="oc-ba"/>
      </symbol>
      <symbol id="sm-48f">
         <name>__mspabi_srli_15</name>
         <value>0xec80</value>
         <object_component_ref idref="oc-ba"/>
      </symbol>
      <symbol id="sm-490">
         <name>__mspabi_srli_14</name>
         <value>0xec84</value>
         <object_component_ref idref="oc-ba"/>
      </symbol>
      <symbol id="sm-491">
         <name>__mspabi_srli_13</name>
         <value>0xec88</value>
         <object_component_ref idref="oc-ba"/>
      </symbol>
      <symbol id="sm-492">
         <name>__mspabi_srli_12</name>
         <value>0xec8c</value>
         <object_component_ref idref="oc-ba"/>
      </symbol>
      <symbol id="sm-493">
         <name>__mspabi_srli_11</name>
         <value>0xec90</value>
         <object_component_ref idref="oc-ba"/>
      </symbol>
      <symbol id="sm-494">
         <name>__mspabi_srli_10</name>
         <value>0xec94</value>
         <object_component_ref idref="oc-ba"/>
      </symbol>
      <symbol id="sm-49c">
         <name>__mspabi_srll_8</name>
         <value>0xeaf0</value>
         <object_component_ref idref="oc-372"/>
      </symbol>
      <symbol id="sm-49d">
         <name>__mspabi_srll_9</name>
         <value>0xeaea</value>
         <object_component_ref idref="oc-372"/>
      </symbol>
      <symbol id="sm-49e">
         <name>__mspabi_srll_6</name>
         <value>0xeafc</value>
         <object_component_ref idref="oc-372"/>
      </symbol>
      <symbol id="sm-49f">
         <name>__mspabi_srll_7</name>
         <value>0xeaf6</value>
         <object_component_ref idref="oc-372"/>
      </symbol>
      <symbol id="sm-4a0">
         <name>__mspabi_srll_4</name>
         <value>0xeb08</value>
         <object_component_ref idref="oc-372"/>
      </symbol>
      <symbol id="sm-4a1">
         <name>__mspabi_srll_5</name>
         <value>0xeb02</value>
         <object_component_ref idref="oc-372"/>
      </symbol>
      <symbol id="sm-4a2">
         <name>__mspabi_srll_2</name>
         <value>0xeb14</value>
         <object_component_ref idref="oc-372"/>
      </symbol>
      <symbol id="sm-4a3">
         <name>__mspabi_srll_3</name>
         <value>0xeb0e</value>
         <object_component_ref idref="oc-372"/>
      </symbol>
      <symbol id="sm-4a4">
         <name>__mspabi_srll_1</name>
         <value>0xeb1a</value>
         <object_component_ref idref="oc-372"/>
      </symbol>
      <symbol id="sm-4a5">
         <name>__mspabi_srll_15</name>
         <value>0xeac6</value>
         <object_component_ref idref="oc-372"/>
      </symbol>
      <symbol id="sm-4a6">
         <name>__mspabi_srll_14</name>
         <value>0xeacc</value>
         <object_component_ref idref="oc-372"/>
      </symbol>
      <symbol id="sm-4a7">
         <name>__mspabi_srll_13</name>
         <value>0xead2</value>
         <object_component_ref idref="oc-372"/>
      </symbol>
      <symbol id="sm-4a8">
         <name>__mspabi_srll_12</name>
         <value>0xead8</value>
         <object_component_ref idref="oc-372"/>
      </symbol>
      <symbol id="sm-4a9">
         <name>__mspabi_srll_11</name>
         <value>0xeade</value>
         <object_component_ref idref="oc-372"/>
      </symbol>
      <symbol id="sm-4aa">
         <name>__mspabi_srll_10</name>
         <value>0xeae4</value>
         <object_component_ref idref="oc-372"/>
      </symbol>
      <symbol id="sm-4b4">
         <name>__mspabi_mpyi_sw</name>
         <value>0xf0aa</value>
         <object_component_ref idref="oc-1f1"/>
      </symbol>
      <symbol id="sm-4b5">
         <name>__mspabi_mpyi</name>
         <value>0xf0aa</value>
         <object_component_ref idref="oc-1f1"/>
      </symbol>
      <symbol id="sm-4bf">
         <name>__mspabi_mpyl_sw</name>
         <value>0xef6c</value>
         <object_component_ref idref="oc-39d"/>
      </symbol>
      <symbol id="sm-4c0">
         <name>__mspabi_mpyl</name>
         <value>0xef6c</value>
         <object_component_ref idref="oc-39d"/>
      </symbol>
      <symbol id="sm-4d0">
         <name>_stack</name>
         <value>0x3b0</value>
         <object_component_ref idref="oc-b1"/>
      </symbol>
      <symbol id="sm-4d1">
         <name>_c_int00_noargs</name>
         <value>0xefd6</value>
         <object_component_ref idref="oc-f9"/>
      </symbol>
      <symbol id="sm-4d2">
         <name>_reset_vector</name>
         <value>0xfffe</value>
         <object_component_ref idref="oc-b4"/>
      </symbol>
      <symbol id="sm-4f4">
         <name>__TI_auto_init_nobinit_nopinit</name>
         <value>0xecbe</value>
         <object_component_ref idref="oc-20d"/>
      </symbol>
      <symbol id="sm-50c">
         <name>__TI_zero_init_nomemset</name>
         <value>0xf082</value>
         <object_component_ref idref="oc-e7"/>
      </symbol>
      <symbol id="sm-517">
         <name>_system_pre_init</name>
         <value>0xf178</value>
         <object_component_ref idref="oc-146"/>
      </symbol>
      <symbol id="sm-520">
         <name>_system_post_cinit</name>
         <value>0xf17c</value>
         <object_component_ref idref="oc-340"/>
      </symbol>
      <symbol id="sm-536">
         <name>__TI_decompress_none</name>
         <value>0xf0d0</value>
         <object_component_ref idref="oc-3a"/>
      </symbol>
      <symbol id="sm-559">
         <name>__TI_decompress_lzss</name>
         <value>0xe916</value>
         <object_component_ref idref="oc-34"/>
      </symbol>
      <symbol id="sm-563">
         <name>C$$EXIT</name>
         <value>0xf172</value>
         <object_component_ref idref="oc-201"/>
      </symbol>
      <symbol id="sm-564">
         <name>abort</name>
         <value>0xf172</value>
         <object_component_ref idref="oc-201"/>
      </symbol>
      <symbol id="sm-574">
         <name>memcpy</name>
         <value>0xf0e2</value>
         <object_component_ref idref="oc-cf"/>
      </symbol>
      <symbol id="sm-5cd">
         <name>__TI_printfi_minimal</name>
         <value>0xe2dc</value>
         <object_component_ref idref="oc-30f"/>
      </symbol>
      <symbol id="sm-5d7">
         <name>__mspabi_remu</name>
         <value>0xf06c</value>
         <object_component_ref idref="oc-437"/>
      </symbol>
      <symbol id="sm-5d8">
         <name>__mspabi_divu</name>
         <value>0xf06c</value>
         <object_component_ref idref="oc-437"/>
      </symbol>
      <symbol id="sm-5f7">
         <name>memccpy</name>
         <value>0xefb4</value>
         <object_component_ref idref="oc-414"/>
      </symbol>
      <symbol id="sm-605">
         <name>memset</name>
         <value>0xf096</value>
         <object_component_ref idref="oc-407"/>
      </symbol>
      <symbol id="sm-613">
         <name>strlen</name>
         <value>0xf114</value>
         <object_component_ref idref="oc-3b1"/>
      </symbol>
   </symbol_table>
   <title>Link errors: red sections failed placement,available memory ranges in purple</title>
</link_info>
