<?xml version="1.0" encoding="ISO-8859-1" ?>
<link_info>
   <banner>MSP430 Linker PC v21.6.0.LTS</banner>
   <copyright>Copyright (c) 2003-2018 Texas Instruments Incorporated</copyright>
   <link_time>0x63dd66ce</link_time>
   <link_errors>0x0</link_errors>
   <output_file>caja_fuerte.out</output_file>
   <entry_point>
      <name>_c_int00_noargs</name>
      <address>0xeb36</address>
   </entry_point>
   <input_file_list>
      <input_file id="fl-2">
         <path>.\</path>
         <kind>object</kind>
         <file>Crystalfontz128x128_ST7735.obj</file>
         <name>Crystalfontz128x128_ST7735.obj</name>
      </input_file>
      <input_file id="fl-3">
         <path>.\</path>
         <kind>object</kind>
         <file>HAL_MSP430G2_Crystalfontz128x128_ST7735.obj</file>
         <name>HAL_MSP430G2_Crystalfontz128x128_ST7735.obj</name>
      </input_file>
      <input_file id="fl-4">
         <path>.\</path>
         <kind>object</kind>
         <file>camara.obj</file>
         <name>camara.obj</name>
      </input_file>
      <input_file id="fl-5">
         <path>.\</path>
         <kind>object</kind>
         <file>teclado.obj</file>
         <name>teclado.obj</name>
      </input_file>
      <input_file id="fl-b">
         <kind>object</kind>
         <file>&lt;internal&gt;</file>
         <name>&lt;internal&gt;</name>
      </input_file>
      <input_file id="fl-c">
         <path>..\</path>
         <kind>archive</kind>
         <file>grlib_MKII.lib</file>
         <name>circle.obj</name>
      </input_file>
      <input_file id="fl-d">
         <path>..\</path>
         <kind>archive</kind>
         <file>grlib_MKII.lib</file>
         <name>context.obj</name>
      </input_file>
      <input_file id="fl-e">
         <path>..\</path>
         <kind>archive</kind>
         <file>grlib_MKII.lib</file>
         <name>display.obj</name>
      </input_file>
      <input_file id="fl-f">
         <path>..\</path>
         <kind>archive</kind>
         <file>grlib_MKII.lib</file>
         <name>fontcmss14.obj</name>
      </input_file>
      <input_file id="fl-10">
         <path>..\</path>
         <kind>archive</kind>
         <file>grlib_MKII.lib</file>
         <name>fontcmss16.obj</name>
      </input_file>
      <input_file id="fl-11">
         <path>..\</path>
         <kind>archive</kind>
         <file>grlib_MKII.lib</file>
         <name>line.obj</name>
      </input_file>
      <input_file id="fl-12">
         <path>..\</path>
         <kind>archive</kind>
         <file>grlib_MKII.lib</file>
         <name>rectangle.obj</name>
      </input_file>
      <input_file id="fl-13">
         <path>..\</path>
         <kind>archive</kind>
         <file>grlib_MKII.lib</file>
         <name>string.obj</name>
      </input_file>
      <input_file id="fl-29">
         <path>C:\ti\ccs1210\ccs\tools\compiler\ti-cgt-msp430_21.6.0.LTS\lib\</path>
         <kind>archive</kind>
         <file>rts430_eabi.lib</file>
         <name>sprintf.c.obj</name>
      </input_file>
      <input_file id="fl-2a">
         <path>C:\ti\ccs1210\ccs\tools\compiler\ti-cgt-msp430_21.6.0.LTS\lib\</path>
         <kind>archive</kind>
         <file>rts430_eabi.lib</file>
         <name>asr16.asm.obj</name>
      </input_file>
      <input_file id="fl-2b">
         <path>C:\ti\ccs1210\ccs\tools\compiler\ti-cgt-msp430_21.6.0.LTS\lib\</path>
         <kind>archive</kind>
         <file>rts430_eabi.lib</file>
         <name>div32s.asm.obj</name>
      </input_file>
      <input_file id="fl-2c">
         <path>C:\ti\ccs1210\ccs\tools\compiler\ti-cgt-msp430_21.6.0.LTS\lib\</path>
         <kind>archive</kind>
         <file>rts430_eabi.lib</file>
         <name>div32u.asm.obj</name>
      </input_file>
      <input_file id="fl-2d">
         <path>C:\ti\ccs1210\ccs\tools\compiler\ti-cgt-msp430_21.6.0.LTS\lib\</path>
         <kind>archive</kind>
         <file>rts430_eabi.lib</file>
         <name>epilog.asm.obj</name>
      </input_file>
      <input_file id="fl-2e">
         <path>C:\ti\ccs1210\ccs\tools\compiler\ti-cgt-msp430_21.6.0.LTS\lib\</path>
         <kind>archive</kind>
         <file>rts430_eabi.lib</file>
         <name>int00.asm.obj</name>
      </input_file>
      <input_file id="fl-2f">
         <path>C:\ti\ccs1210\ccs\tools\compiler\ti-cgt-msp430_21.6.0.LTS\lib\</path>
         <kind>archive</kind>
         <file>rts430_eabi.lib</file>
         <name>int02.asm.obj</name>
      </input_file>
      <input_file id="fl-30">
         <path>C:\ti\ccs1210\ccs\tools\compiler\ti-cgt-msp430_21.6.0.LTS\lib\</path>
         <kind>archive</kind>
         <file>rts430_eabi.lib</file>
         <name>int03.asm.obj</name>
      </input_file>
      <input_file id="fl-31">
         <path>C:\ti\ccs1210\ccs\tools\compiler\ti-cgt-msp430_21.6.0.LTS\lib\</path>
         <kind>archive</kind>
         <file>rts430_eabi.lib</file>
         <name>int05.asm.obj</name>
      </input_file>
      <input_file id="fl-32">
         <path>C:\ti\ccs1210\ccs\tools\compiler\ti-cgt-msp430_21.6.0.LTS\lib\</path>
         <kind>archive</kind>
         <file>rts430_eabi.lib</file>
         <name>int06.asm.obj</name>
      </input_file>
      <input_file id="fl-33">
         <path>C:\ti\ccs1210\ccs\tools\compiler\ti-cgt-msp430_21.6.0.LTS\lib\</path>
         <kind>archive</kind>
         <file>rts430_eabi.lib</file>
         <name>int07.asm.obj</name>
      </input_file>
      <input_file id="fl-34">
         <path>C:\ti\ccs1210\ccs\tools\compiler\ti-cgt-msp430_21.6.0.LTS\lib\</path>
         <kind>archive</kind>
         <file>rts430_eabi.lib</file>
         <name>int08.asm.obj</name>
      </input_file>
      <input_file id="fl-35">
         <path>C:\ti\ccs1210\ccs\tools\compiler\ti-cgt-msp430_21.6.0.LTS\lib\</path>
         <kind>archive</kind>
         <file>rts430_eabi.lib</file>
         <name>int09.asm.obj</name>
      </input_file>
      <input_file id="fl-36">
         <path>C:\ti\ccs1210\ccs\tools\compiler\ti-cgt-msp430_21.6.0.LTS\lib\</path>
         <kind>archive</kind>
         <file>rts430_eabi.lib</file>
         <name>int10.asm.obj</name>
      </input_file>
      <input_file id="fl-37">
         <path>C:\ti\ccs1210\ccs\tools\compiler\ti-cgt-msp430_21.6.0.LTS\lib\</path>
         <kind>archive</kind>
         <file>rts430_eabi.lib</file>
         <name>int11.asm.obj</name>
      </input_file>
      <input_file id="fl-38">
         <path>C:\ti\ccs1210\ccs\tools\compiler\ti-cgt-msp430_21.6.0.LTS\lib\</path>
         <kind>archive</kind>
         <file>rts430_eabi.lib</file>
         <name>int12.asm.obj</name>
      </input_file>
      <input_file id="fl-39">
         <path>C:\ti\ccs1210\ccs\tools\compiler\ti-cgt-msp430_21.6.0.LTS\lib\</path>
         <kind>archive</kind>
         <file>rts430_eabi.lib</file>
         <name>int14.asm.obj</name>
      </input_file>
      <input_file id="fl-3a">
         <path>C:\ti\ccs1210\ccs\tools\compiler\ti-cgt-msp430_21.6.0.LTS\lib\</path>
         <kind>archive</kind>
         <file>rts430_eabi.lib</file>
         <name>isr_trap.asm.obj</name>
      </input_file>
      <input_file id="fl-3b">
         <path>C:\ti\ccs1210\ccs\tools\compiler\ti-cgt-msp430_21.6.0.LTS\lib\</path>
         <kind>archive</kind>
         <file>rts430_eabi.lib</file>
         <name>lsl16.asm.obj</name>
      </input_file>
      <input_file id="fl-3c">
         <path>C:\ti\ccs1210\ccs\tools\compiler\ti-cgt-msp430_21.6.0.LTS\lib\</path>
         <kind>archive</kind>
         <file>rts430_eabi.lib</file>
         <name>lsr16.asm.obj</name>
      </input_file>
      <input_file id="fl-3d">
         <path>C:\ti\ccs1210\ccs\tools\compiler\ti-cgt-msp430_21.6.0.LTS\lib\</path>
         <kind>archive</kind>
         <file>rts430_eabi.lib</file>
         <name>lsr32.asm.obj</name>
      </input_file>
      <input_file id="fl-3e">
         <path>C:\ti\ccs1210\ccs\tools\compiler\ti-cgt-msp430_21.6.0.LTS\lib\</path>
         <kind>archive</kind>
         <file>rts430_eabi.lib</file>
         <name>mult16.asm.obj</name>
      </input_file>
      <input_file id="fl-3f">
         <path>C:\ti\ccs1210\ccs\tools\compiler\ti-cgt-msp430_21.6.0.LTS\lib\</path>
         <kind>archive</kind>
         <file>rts430_eabi.lib</file>
         <name>mult32.asm.obj</name>
      </input_file>
      <input_file id="fl-40">
         <path>C:\ti\ccs1210\ccs\tools\compiler\ti-cgt-msp430_21.6.0.LTS\lib\</path>
         <kind>archive</kind>
         <file>rts430_eabi.lib</file>
         <name>boot.c.obj</name>
      </input_file>
      <input_file id="fl-41">
         <path>C:\ti\ccs1210\ccs\tools\compiler\ti-cgt-msp430_21.6.0.LTS\lib\</path>
         <kind>archive</kind>
         <file>rts430_eabi.lib</file>
         <name>autoinit.c.obj</name>
      </input_file>
      <input_file id="fl-42">
         <path>C:\ti\ccs1210\ccs\tools\compiler\ti-cgt-msp430_21.6.0.LTS\lib\</path>
         <kind>archive</kind>
         <file>rts430_eabi.lib</file>
         <name>copy_zero_init.c.obj</name>
      </input_file>
      <input_file id="fl-43">
         <path>C:\ti\ccs1210\ccs\tools\compiler\ti-cgt-msp430_21.6.0.LTS\lib\</path>
         <kind>archive</kind>
         <file>rts430_eabi.lib</file>
         <name>cpy_tbl.c.obj</name>
      </input_file>
      <input_file id="fl-44">
         <path>C:\ti\ccs1210\ccs\tools\compiler\ti-cgt-msp430_21.6.0.LTS\lib\</path>
         <kind>archive</kind>
         <file>rts430_eabi.lib</file>
         <name>mpu_init.c.obj</name>
      </input_file>
      <input_file id="fl-45">
         <path>C:\ti\ccs1210\ccs\tools\compiler\ti-cgt-msp430_21.6.0.LTS\lib\</path>
         <kind>archive</kind>
         <file>rts430_eabi.lib</file>
         <name>pre_init.c.obj</name>
      </input_file>
      <input_file id="fl-46">
         <path>C:\ti\ccs1210\ccs\tools\compiler\ti-cgt-msp430_21.6.0.LTS\lib\</path>
         <kind>archive</kind>
         <file>rts430_eabi.lib</file>
         <name>startup.c.obj</name>
      </input_file>
      <input_file id="fl-47">
         <path>C:\ti\ccs1210\ccs\tools\compiler\ti-cgt-msp430_21.6.0.LTS\lib\</path>
         <kind>archive</kind>
         <file>rts430_eabi.lib</file>
         <name>copy_decompress_none.c.obj</name>
      </input_file>
      <input_file id="fl-48">
         <path>C:\ti\ccs1210\ccs\tools\compiler\ti-cgt-msp430_21.6.0.LTS\lib\</path>
         <kind>archive</kind>
         <file>rts430_eabi.lib</file>
         <name>copy_decompress_lzss.c.obj</name>
      </input_file>
      <input_file id="fl-49">
         <path>C:\ti\ccs1210\ccs\tools\compiler\ti-cgt-msp430_21.6.0.LTS\lib\</path>
         <kind>archive</kind>
         <file>rts430_eabi.lib</file>
         <name>exit.c.obj</name>
      </input_file>
      <input_file id="fl-4a">
         <path>C:\ti\ccs1210\ccs\tools\compiler\ti-cgt-msp430_21.6.0.LTS\lib\</path>
         <kind>archive</kind>
         <file>rts430_eabi.lib</file>
         <name>_lock.c.obj</name>
      </input_file>
      <input_file id="fl-4b">
         <path>C:\ti\ccs1210\ccs\tools\compiler\ti-cgt-msp430_21.6.0.LTS\lib\</path>
         <kind>archive</kind>
         <file>rts430_eabi.lib</file>
         <name>args_main.c.obj</name>
      </input_file>
      <input_file id="fl-4c">
         <path>C:\ti\ccs1210\ccs\tools\compiler\ti-cgt-msp430_21.6.0.LTS\lib\</path>
         <kind>archive</kind>
         <file>rts430_eabi.lib</file>
         <name>memcpy.c.obj</name>
      </input_file>
      <input_file id="fl-4d">
         <path>C:\ti\ccs1210\ccs\tools\compiler\ti-cgt-msp430_21.6.0.LTS\lib\</path>
         <kind>archive</kind>
         <file>rts430_eabi.lib</file>
         <name>_printfi.c.obj</name>
      </input_file>
      <input_file id="fl-4e">
         <path>C:\ti\ccs1210\ccs\tools\compiler\ti-cgt-msp430_21.6.0.LTS\lib\</path>
         <kind>archive</kind>
         <file>rts430_eabi.lib</file>
         <name>div16u.asm.obj</name>
      </input_file>
      <input_file id="fl-4f">
         <path>C:\ti\ccs1210\ccs\tools\compiler\ti-cgt-msp430_21.6.0.LTS\lib\</path>
         <kind>archive</kind>
         <file>rts430_eabi.lib</file>
         <name>exit_gvars.c.obj</name>
      </input_file>
      <input_file id="fl-50">
         <path>C:\ti\ccs1210\ccs\tools\compiler\ti-cgt-msp430_21.6.0.LTS\lib\</path>
         <kind>archive</kind>
         <file>rts430_eabi.lib</file>
         <name>lsr64.c.obj</name>
      </input_file>
      <input_file id="fl-51">
         <path>C:\ti\ccs1210\ccs\tools\compiler\ti-cgt-msp430_21.6.0.LTS\lib\</path>
         <kind>archive</kind>
         <file>rts430_eabi.lib</file>
         <name>div64u.c.obj</name>
      </input_file>
      <input_file id="fl-52">
         <path>C:\ti\ccs1210\ccs\tools\compiler\ti-cgt-msp430_21.6.0.LTS\lib\</path>
         <kind>archive</kind>
         <file>rts430_eabi.lib</file>
         <name>cmpd.c.obj</name>
      </input_file>
      <input_file id="fl-53">
         <path>C:\ti\ccs1210\ccs\tools\compiler\ti-cgt-msp430_21.6.0.LTS\lib\</path>
         <kind>archive</kind>
         <file>rts430_eabi.lib</file>
         <name>divd.c.obj</name>
      </input_file>
      <input_file id="fl-54">
         <path>C:\ti\ccs1210\ccs\tools\compiler\ti-cgt-msp430_21.6.0.LTS\lib\</path>
         <kind>archive</kind>
         <file>rts430_eabi.lib</file>
         <name>fixdi.c.obj</name>
      </input_file>
      <input_file id="fl-55">
         <path>C:\ti\ccs1210\ccs\tools\compiler\ti-cgt-msp430_21.6.0.LTS\lib\</path>
         <kind>archive</kind>
         <file>rts430_eabi.lib</file>
         <name>fixdli.c.obj</name>
      </input_file>
      <input_file id="fl-56">
         <path>C:\ti\ccs1210\ccs\tools\compiler\ti-cgt-msp430_21.6.0.LTS\lib\</path>
         <kind>archive</kind>
         <file>rts430_eabi.lib</file>
         <name>fltid.c.obj</name>
      </input_file>
      <input_file id="fl-57">
         <path>C:\ti\ccs1210\ccs\tools\compiler\ti-cgt-msp430_21.6.0.LTS\lib\</path>
         <kind>archive</kind>
         <file>rts430_eabi.lib</file>
         <name>fltlid.c.obj</name>
      </input_file>
      <input_file id="fl-58">
         <path>C:\ti\ccs1210\ccs\tools\compiler\ti-cgt-msp430_21.6.0.LTS\lib\</path>
         <kind>archive</kind>
         <file>rts430_eabi.lib</file>
         <name>frcdivd.c.obj</name>
      </input_file>
      <input_file id="fl-59">
         <path>C:\ti\ccs1210\ccs\tools\compiler\ti-cgt-msp430_21.6.0.LTS\lib\</path>
         <kind>archive</kind>
         <file>rts430_eabi.lib</file>
         <name>mpyd.c.obj</name>
      </input_file>
      <input_file id="fl-5a">
         <path>C:\ti\ccs1210\ccs\tools\compiler\ti-cgt-msp430_21.6.0.LTS\lib\</path>
         <kind>archive</kind>
         <file>rts430_eabi.lib</file>
         <name>negd.c.obj</name>
      </input_file>
      <input_file id="fl-5b">
         <path>C:\ti\ccs1210\ccs\tools\compiler\ti-cgt-msp430_21.6.0.LTS\lib\</path>
         <kind>archive</kind>
         <file>rts430_eabi.lib</file>
         <name>subd.c.obj</name>
      </input_file>
      <input_file id="fl-5c">
         <path>C:\ti\ccs1210\ccs\tools\compiler\ti-cgt-msp430_21.6.0.LTS\lib\</path>
         <kind>archive</kind>
         <file>rts430_eabi.lib</file>
         <name>_ltoa.c.obj</name>
      </input_file>
      <input_file id="fl-5d">
         <path>C:\ti\ccs1210\ccs\tools\compiler\ti-cgt-msp430_21.6.0.LTS\lib\</path>
         <kind>archive</kind>
         <file>rts430_eabi.lib</file>
         <name>atoi.c.obj</name>
      </input_file>
      <input_file id="fl-5e">
         <path>C:\ti\ccs1210\ccs\tools\compiler\ti-cgt-msp430_21.6.0.LTS\lib\</path>
         <kind>archive</kind>
         <file>rts430_eabi.lib</file>
         <name>ctype.c.obj</name>
      </input_file>
      <input_file id="fl-5f">
         <path>C:\ti\ccs1210\ccs\tools\compiler\ti-cgt-msp430_21.6.0.LTS\lib\</path>
         <kind>archive</kind>
         <file>rts430_eabi.lib</file>
         <name>memccpy.c.obj</name>
      </input_file>
      <input_file id="fl-60">
         <path>C:\ti\ccs1210\ccs\tools\compiler\ti-cgt-msp430_21.6.0.LTS\lib\</path>
         <kind>archive</kind>
         <file>rts430_eabi.lib</file>
         <name>memset.c.obj</name>
      </input_file>
      <input_file id="fl-61">
         <path>C:\ti\ccs1210\ccs\tools\compiler\ti-cgt-msp430_21.6.0.LTS\lib\</path>
         <kind>archive</kind>
         <file>rts430_eabi.lib</file>
         <name>strchr.c.obj</name>
      </input_file>
      <input_file id="fl-62">
         <path>C:\ti\ccs1210\ccs\tools\compiler\ti-cgt-msp430_21.6.0.LTS\lib\</path>
         <kind>archive</kind>
         <file>rts430_eabi.lib</file>
         <name>strlen.c.obj</name>
      </input_file>
      <input_file id="fl-63">
         <path>C:\ti\ccs1210\ccs\tools\compiler\ti-cgt-msp430_21.6.0.LTS\lib\</path>
         <kind>archive</kind>
         <file>rts430_eabi.lib</file>
         <name>toupper.c.obj</name>
      </input_file>
      <input_file id="fl-64">
         <path>C:\ti\ccs1210\ccs\tools\compiler\ti-cgt-msp430_21.6.0.LTS\lib\</path>
         <kind>archive</kind>
         <file>rts430_eabi.lib</file>
         <name>errno.c.obj</name>
      </input_file>
      <input_file id="fl-65">
         <path>C:\ti\ccs1210\ccs\tools\compiler\ti-cgt-msp430_21.6.0.LTS\lib\</path>
         <kind>archive</kind>
         <file>rts430_eabi.lib</file>
         <name>abs.c.obj</name>
      </input_file>
      <input_file id="fl-66">
         <path>C:\ti\ccs1210\ccs\tools\compiler\ti-cgt-msp430_21.6.0.LTS\lib\</path>
         <kind>archive</kind>
         <file>rts430_eabi.lib</file>
         <name>wcslen.c.obj</name>
      </input_file>
      <input_file id="fl-67">
         <path>C:\ti\ccs1210\ccs\tools\compiler\ti-cgt-msp430_21.6.0.LTS\lib\</path>
         <kind>archive</kind>
         <file>rts430_eabi.lib</file>
         <name>s_frexp.c.obj</name>
      </input_file>
      <input_file id="fl-68">
         <path>C:\ti\ccs1210\ccs\tools\compiler\ti-cgt-msp430_21.6.0.LTS\lib\</path>
         <kind>archive</kind>
         <file>rts430_eabi.lib</file>
         <name>s_scalbn.c.obj</name>
      </input_file>
      <input_file id="fl-69">
         <path>C:\ti\ccs1210\ccs\tools\compiler\ti-cgt-msp430_21.6.0.LTS\lib\</path>
         <kind>archive</kind>
         <file>rts430_eabi.lib</file>
         <name>asr32.asm.obj</name>
      </input_file>
      <input_file id="fl-6a">
         <path>C:\ti\ccs1210\ccs\tools\compiler\ti-cgt-msp430_21.6.0.LTS\lib\</path>
         <kind>archive</kind>
         <file>rts430_eabi.lib</file>
         <name>lsl32.asm.obj</name>
      </input_file>
      <input_file id="fl-6b">
         <path>C:\ti\ccs1210\ccs\tools\compiler\ti-cgt-msp430_21.6.0.LTS\lib\</path>
         <kind>archive</kind>
         <file>rts430_eabi.lib</file>
         <name>lsl64.c.obj</name>
      </input_file>
      <input_file id="fl-6c">
         <path>C:\ti\ccs1210\ccs\tools\compiler\ti-cgt-msp430_21.6.0.LTS\lib\</path>
         <kind>archive</kind>
         <file>rts430_eabi.lib</file>
         <name>addd.c.obj</name>
      </input_file>
      <input_file id="fl-6d">
         <path>C:\ti\ccs1210\ccs\tools\compiler\ti-cgt-msp430_21.6.0.LTS\lib\</path>
         <kind>archive</kind>
         <file>rts430_eabi.lib</file>
         <name>frcmpyd.c.obj</name>
      </input_file>
      <input_file id="fl-6e">
         <path>C:\ti\ccs1210\ccs\tools\compiler\ti-cgt-msp430_21.6.0.LTS\lib\</path>
         <kind>archive</kind>
         <file>rts430_eabi.lib</file>
         <name>s_copysign.c.obj</name>
      </input_file>
      <input_file id="fl-6f">
         <path>C:\ti\ccs1210\ccs\tools\compiler\ti-cgt-msp430_21.6.0.LTS\lib\</path>
         <kind>archive</kind>
         <file>rts430_eabi.lib</file>
         <name>mult3264.asm.obj</name>
      </input_file>
      <input_file id="fl-70">
         <path>C:\ti\ccs1210\ccs\tools\compiler\ti-cgt-msp430_21.6.0.LTS\lib\</path>
         <kind>archive</kind>
         <file>rts430_eabi.lib</file>
         <name>mult64.asm.obj</name>
      </input_file>
      <input_file id="fl-71">
         <path>C:\ti\ccs1210\ccs\tools\compiler\ti-cgt-msp430_21.6.0.LTS\lib\</path>
         <kind>archive</kind>
         <file>rts430_eabi.lib</file>
         <name>asr64.c.obj</name>
      </input_file>
      <input_file id="fl-72">
         <path>C:\ti\ccs1210\ccs\tools\compiler\ti-cgt-msp430_21.6.0.LTS\lib\</path>
         <kind>archive</kind>
         <file>rts430_eabi.lib</file>
         <name>mult1632.asm.obj</name>
      </input_file>
   </input_file_list>
   <object_component_list>
      <object_component id="oc-268">
         <name>.common:Lcd_Orientation</name>
         <uninitialized>true</uninitialized>
         <run_address>0x248</run_address>
         <size>0x1</size>
      </object_component>
      <object_component id="oc-253">
         <name>.common:Lcd_ScreenWidth</name>
         <uninitialized>true</uninitialized>
         <run_address>0x242</run_address>
         <size>0x2</size>
      </object_component>
      <object_component id="oc-256">
         <name>.common:Lcd_ScreenHeigth</name>
         <uninitialized>true</uninitialized>
         <run_address>0x240</run_address>
         <size>0x2</size>
      </object_component>
      <object_component id="oc-257">
         <name>.common:Lcd_PenSolid</name>
         <uninitialized>true</uninitialized>
         <run_address>0x249</run_address>
         <size>0x1</size>
      </object_component>
      <object_component id="oc-258">
         <name>.common:Lcd_FontSolid</name>
         <uninitialized>true</uninitialized>
         <run_address>0x247</run_address>
         <size>0x1</size>
      </object_component>
      <object_component id="oc-259">
         <name>.common:Lcd_FlagRead</name>
         <uninitialized>true</uninitialized>
         <run_address>0x246</run_address>
         <size>0x1</size>
      </object_component>
      <object_component id="oc-25a">
         <name>.common:Lcd_TouchTrim</name>
         <uninitialized>true</uninitialized>
         <run_address>0x244</run_address>
         <size>0x2</size>
      </object_component>
      <object_component id="oc-18f">
         <name>.common:g_sContext</name>
         <uninitialized>true</uninitialized>
         <run_address>0x228</run_address>
         <size>0x18</size>
      </object_component>
      <object_component id="oc-1c0">
         <name>.common:cadena</name>
         <uninitialized>true</uninitialized>
         <run_address>0x200</run_address>
         <size>0x28</size>
      </object_component>
      <object_component id="oc-1d6">
         <name>.data:keymap_char</name>
         <load_address>0x25a</load_address>
         <run_address>0x25a</run_address>
         <size>0xc</size>
         <input_file_ref idref="fl-4"/>
      </object_component>
      <object_component id="oc-186">
         <name>.data</name>
         <load_address>0x24a</load_address>
         <run_address>0x24a</run_address>
         <size>0x10</size>
         <input_file_ref idref="fl-4"/>
      </object_component>
      <object_component id="oc-b1">
         <name>.stack</name>
         <uninitialized>true</uninitialized>
         <run_address>0x3b0</run_address>
         <size>0x2</size>
         <input_file_ref idref="fl-40"/>
      </object_component>
      <object_component id="oc-492">
         <name>.stack</name>
         <uninitialized>true</uninitialized>
         <run_address>0x3b0</run_address>
         <size>0x0</size>
      </object_component>
      <object_component id="oc-1c7">
         <name>.text:Graphics_drawString</name>
         <load_address>0xc000</load_address>
         <run_address>0xc000</run_address>
         <size>0x7ba</size>
         <input_file_ref idref="fl-13"/>
      </object_component>
      <object_component id="oc-14c">
         <name>.text:main</name>
         <load_address>0xc7ba</load_address>
         <run_address>0xc7ba</run_address>
         <size>0x712</size>
         <input_file_ref idref="fl-4"/>
      </object_component>
      <object_component id="oc-1b9">
         <name>.text:Graphics_fillCircle</name>
         <load_address>0xcecc</load_address>
         <run_address>0xcecc</run_address>
         <size>0x3be</size>
         <input_file_ref idref="fl-c"/>
      </object_component>
      <object_component id="oc-1b3">
         <name>.text:Graphics_drawCircle</name>
         <load_address>0xd28a</load_address>
         <run_address>0xd28a</run_address>
         <size>0x3a2</size>
         <input_file_ref idref="fl-c"/>
      </object_component>
      <object_component id="oc-1ad">
         <name>.text:Graphics_drawLine</name>
         <load_address>0xd62c</load_address>
         <run_address>0xd62c</run_address>
         <size>0x2be</size>
         <input_file_ref idref="fl-11"/>
      </object_component>
      <object_component id="oc-2c1">
         <name>.text:Graphics_clipLine</name>
         <load_address>0xd8ea</load_address>
         <run_address>0xd8ea</run_address>
         <size>0x230</size>
         <input_file_ref idref="fl-11"/>
      </object_component>
      <object_component id="oc-17a">
         <name>.text:Crystalfontz128x128_Init</name>
         <load_address>0xdb1a</load_address>
         <run_address>0xdb1a</run_address>
         <size>0x132</size>
         <input_file_ref idref="fl-2"/>
      </object_component>
      <object_component id="oc-3ae">
         <name>.text:__TI_printfi_minimal:_setfield___TI_printfi_minimal</name>
         <load_address>0xdc4c</load_address>
         <run_address>0xdc4c</run_address>
         <size>0x116</size>
         <input_file_ref idref="fl-4d"/>
      </object_component>
      <object_component id="oc-27c">
         <name>.text:Crystalfontz128x128_PixelDrawMultiple</name>
         <load_address>0xdd62</load_address>
         <run_address>0xdd62</run_address>
         <size>0x114</size>
         <input_file_ref idref="fl-2"/>
      </object_component>
      <object_component id="oc-1a7">
         <name>.text:Graphics_drawRectangle</name>
         <load_address>0xde76</load_address>
         <run_address>0xde76</run_address>
         <size>0x106</size>
         <input_file_ref idref="fl-12"/>
      </object_component>
      <object_component id="oc-2ee">
         <name>.text:__TI_printfi_minimal:__TI_printfi_minimal</name>
         <load_address>0xdf7c</load_address>
         <run_address>0xdf7c</run_address>
         <size>0xec</size>
         <input_file_ref idref="fl-4d"/>
      </object_component>
      <object_component id="oc-2b3">
         <name>.text:Graphics_drawLineH</name>
         <load_address>0xe068</load_address>
         <run_address>0xe068</run_address>
         <size>0xde</size>
         <input_file_ref idref="fl-11"/>
      </object_component>
      <object_component id="oc-2b9">
         <name>.text:Graphics_drawLineV</name>
         <load_address>0xe146</load_address>
         <run_address>0xe146</run_address>
         <size>0xd8</size>
         <input_file_ref idref="fl-11"/>
      </object_component>
      <object_component id="oc-40a">
         <name>.text:__TI_printfi_minimal:_pproc_diouxp___TI_printfi_minimal</name>
         <load_address>0xe21e</load_address>
         <run_address>0xe21e</run_address>
         <size>0xca</size>
         <input_file_ref idref="fl-4d"/>
      </object_component>
      <object_component id="oc-1e4">
         <name>.text:Graphics_fillRectangle</name>
         <load_address>0xe2e8</load_address>
         <run_address>0xe2e8</run_address>
         <size>0xaa</size>
         <input_file_ref idref="fl-12"/>
      </object_component>
      <object_component id="oc-174">
         <name>.text:Set_Clk</name>
         <load_address>0xe392</load_address>
         <run_address>0xe392</run_address>
         <size>0xa2</size>
         <input_file_ref idref="fl-4"/>
      </object_component>
      <object_component id="oc-25b">
         <name>.text:Crystalfontz128x128_SetDrawFrame</name>
         <load_address>0xe434</load_address>
         <run_address>0xe434</run_address>
         <size>0xa0</size>
         <input_file_ref idref="fl-2"/>
      </object_component>
      <object_component id="oc-34">
         <name>.text:decompress:lzss:__TI_decompress_lzss</name>
         <load_address>0xe4d4</load_address>
         <run_address>0xe4d4</run_address>
         <size>0x7c</size>
         <input_file_ref idref="fl-48"/>
      </object_component>
      <object_component id="oc-38d">
         <name>.text:Graphics_getClipCode</name>
         <load_address>0xe550</load_address>
         <run_address>0xe550</run_address>
         <size>0x78</size>
         <input_file_ref idref="fl-11"/>
      </object_component>
      <object_component id="oc-28e">
         <name>.text:Crystalfontz128x128_RectFill</name>
         <load_address>0xe5c8</load_address>
         <run_address>0xe5c8</run_address>
         <size>0x64</size>
         <input_file_ref idref="fl-2"/>
      </object_component>
      <object_component id="oc-36c">
         <name>.text:l_lsr_const</name>
         <load_address>0xe62c</load_address>
         <run_address>0xe62c</run_address>
         <size>0x5c</size>
         <input_file_ref idref="fl-3d"/>
      </object_component>
      <object_component id="oc-399">
         <name>.text</name>
         <load_address>0xe688</load_address>
         <run_address>0xe688</run_address>
         <size>0x58</size>
         <input_file_ref idref="fl-2c"/>
      </object_component>
      <object_component id="oc-2fb">
         <name>.text:Graphics_getNumberOfLeadingZeros</name>
         <load_address>0xe6e0</load_address>
         <run_address>0xe6e0</run_address>
         <size>0x52</size>
         <input_file_ref idref="fl-13"/>
      </object_component>
      <object_component id="oc-ba">
         <name>.text</name>
         <load_address>0xe732</load_address>
         <run_address>0xe732</run_address>
         <size>0x4c</size>
         <input_file_ref idref="fl-3c"/>
      </object_component>
      <object_component id="oc-288">
         <name>.text:Crystalfontz128x128_LineDrawV</name>
         <load_address>0xe77e</load_address>
         <run_address>0xe77e</run_address>
         <size>0x48</size>
         <input_file_ref idref="fl-2"/>
      </object_component>
      <object_component id="oc-294">
         <name>.text:Crystalfontz128x128_ColorTranslate</name>
         <load_address>0xe7c6</load_address>
         <run_address>0xe7c6</run_address>
         <size>0x46</size>
         <input_file_ref idref="fl-2"/>
      </object_component>
      <object_component id="oc-282">
         <name>.text:Crystalfontz128x128_LineDrawH</name>
         <load_address>0xe80c</load_address>
         <run_address>0xe80c</run_address>
         <size>0x46</size>
         <input_file_ref idref="fl-2"/>
      </object_component>
      <object_component id="oc-207">
         <name>.text:__TI_auto_init_nobinit_nopinit:__TI_auto_init_nobinit_nopinit</name>
         <load_address>0xe852</load_address>
         <run_address>0xe852</run_address>
         <size>0x42</size>
         <input_file_ref idref="fl-41"/>
      </object_component>
      <object_component id="oc-195">
         <name>.text:Graphics_initContext</name>
         <load_address>0xe894</load_address>
         <run_address>0xe894</run_address>
         <size>0x40</size>
         <input_file_ref idref="fl-d"/>
      </object_component>
      <object_component id="oc-241">
         <name>.text:HAL_LCD_SpiInit</name>
         <load_address>0xe8d4</load_address>
         <run_address>0xe8d4</run_address>
         <size>0x40</size>
         <input_file_ref idref="fl-3"/>
      </object_component>
      <object_component id="oc-2c7">
         <name>.text</name>
         <load_address>0xe914</load_address>
         <run_address>0xe914</run_address>
         <size>0x40</size>
         <input_file_ref idref="fl-2b"/>
      </object_component>
      <object_component id="oc-189">
         <name>.text:Crystalfontz128x128_SetOrientation</name>
         <load_address>0xe954</load_address>
         <run_address>0xe954</run_address>
         <size>0x3a</size>
         <input_file_ref idref="fl-2"/>
      </object_component>
      <object_component id="oc-1c1">
         <name>.text:sprintf</name>
         <load_address>0xe98e</load_address>
         <run_address>0xe98e</run_address>
         <size>0x38</size>
         <input_file_ref idref="fl-29"/>
      </object_component>
      <object_component id="oc-2a0">
         <name>.text:Crystalfontz128x128_ClearScreen</name>
         <load_address>0xe9c6</load_address>
         <run_address>0xe9c6</run_address>
         <size>0x2e</size>
         <input_file_ref idref="fl-2"/>
      </object_component>
      <object_component id="oc-276">
         <name>.text:Crystalfontz128x128_PixelDraw</name>
         <load_address>0xe9f4</load_address>
         <run_address>0xe9f4</run_address>
         <size>0x2e</size>
         <input_file_ref idref="fl-2"/>
      </object_component>
      <object_component id="oc-23b">
         <name>.text:HAL_LCD_PortInit</name>
         <load_address>0xea22</load_address>
         <run_address>0xea22</run_address>
         <size>0x2c</size>
         <input_file_ref idref="fl-3"/>
      </object_component>
      <object_component id="oc-2f6">
         <name>.text</name>
         <load_address>0xea4e</load_address>
         <run_address>0xea4e</run_address>
         <size>0x2c</size>
         <input_file_ref idref="fl-2a"/>
      </object_component>
      <object_component id="oc-b5">
         <name>.text</name>
         <load_address>0xea7a</load_address>
         <run_address>0xea7a</run_address>
         <size>0x2c</size>
         <input_file_ref idref="fl-3b"/>
      </object_component>
      <object_component id="oc-2d9">
         <name>.text:Graphics_drawPixel</name>
         <load_address>0xeaa6</load_address>
         <run_address>0xeaa6</run_address>
         <size>0x28</size>
         <input_file_ref idref="fl-d"/>
      </object_component>
      <object_component id="oc-393">
         <name>.text</name>
         <load_address>0xeace</load_address>
         <run_address>0xeace</run_address>
         <size>0x26</size>
         <input_file_ref idref="fl-3f"/>
      </object_component>
      <object_component id="oc-410">
         <name>.text:memccpy</name>
         <load_address>0xeaf4</load_address>
         <run_address>0xeaf4</run_address>
         <size>0x22</size>
         <input_file_ref idref="fl-5f"/>
      </object_component>
      <object_component id="oc-247">
         <name>.text:HAL_LCD_writeCommand</name>
         <load_address>0xeb16</load_address>
         <run_address>0xeb16</run_address>
         <size>0x20</size>
         <input_file_ref idref="fl-3"/>
      </object_component>
      <object_component id="oc-f9">
         <name>.text:_c_int00_noargs</name>
         <load_address>0xeb36</load_address>
         <run_address>0xeb36</run_address>
         <size>0x1c</size>
         <input_file_ref idref="fl-40"/>
      </object_component>
      <object_component id="oc-2e2">
         <name>.text:_outs</name>
         <load_address>0xeb52</load_address>
         <run_address>0xeb52</run_address>
         <size>0x1a</size>
         <input_file_ref idref="fl-29"/>
      </object_component>
      <object_component id="oc-37d">
         <name>.text:Graphics_drawHorizontalLineOnDisplay</name>
         <load_address>0xeb6c</load_address>
         <run_address>0xeb6c</run_address>
         <size>0x18</size>
         <input_file_ref idref="fl-e"/>
      </object_component>
      <object_component id="oc-384">
         <name>.text:Graphics_drawVerticalLineOnDisplay</name>
         <load_address>0xeb84</load_address>
         <run_address>0xeb84</run_address>
         <size>0x18</size>
         <input_file_ref idref="fl-e"/>
      </object_component>
      <object_component id="oc-1ea">
         <name>.text:Graphics_setBackgroundColor</name>
         <load_address>0xeb9c</load_address>
         <run_address>0xeb9c</run_address>
         <size>0x18</size>
         <input_file_ref idref="fl-d"/>
      </object_component>
      <object_component id="oc-1de">
         <name>.text:Graphics_setForegroundColor</name>
         <load_address>0xebb4</load_address>
         <run_address>0xebb4</run_address>
         <size>0x18</size>
         <input_file_ref idref="fl-d"/>
      </object_component>
      <object_component id="oc-24d">
         <name>.text:HAL_LCD_writeData</name>
         <load_address>0xebcc</load_address>
         <run_address>0xebcc</run_address>
         <size>0x18</size>
         <input_file_ref idref="fl-3"/>
      </object_component>
      <object_component id="oc-433">
         <name>.text</name>
         <load_address>0xebe4</load_address>
         <run_address>0xebe4</run_address>
         <size>0x16</size>
         <input_file_ref idref="fl-4e"/>
      </object_component>
      <object_component id="oc-e7">
         <name>.text:decompress:ZI:__TI_zero_init_nomemset:__TI_zero_init_nomemset</name>
         <load_address>0xebfa</load_address>
         <run_address>0xebfa</run_address>
         <size>0x14</size>
         <input_file_ref idref="fl-42"/>
      </object_component>
      <object_component id="oc-403">
         <name>.text:memset</name>
         <load_address>0xec0e</load_address>
         <run_address>0xec0e</run_address>
         <size>0x14</size>
         <input_file_ref idref="fl-60"/>
      </object_component>
      <object_component id="oc-1d9">
         <name>.text</name>
         <load_address>0xec22</load_address>
         <run_address>0xec22</run_address>
         <size>0x14</size>
         <input_file_ref idref="fl-3e"/>
      </object_component>
      <object_component id="oc-2e8">
         <name>.text:_outc</name>
         <load_address>0xec36</load_address>
         <run_address>0xec36</run_address>
         <size>0x12</size>
         <input_file_ref idref="fl-29"/>
      </object_component>
      <object_component id="oc-3a">
         <name>.text:decompress:none:__TI_decompress_none</name>
         <load_address>0xec48</load_address>
         <run_address>0xec48</run_address>
         <size>0x12</size>
         <input_file_ref idref="fl-47"/>
      </object_component>
      <object_component id="oc-cf">
         <name>.text:memcpy</name>
         <load_address>0xec5a</load_address>
         <run_address>0xec5a</run_address>
         <size>0x12</size>
         <input_file_ref idref="fl-4c"/>
      </object_component>
      <object_component id="oc-1d0">
         <name>.text:Graphics_clearDisplay</name>
         <load_address>0xec6c</load_address>
         <run_address>0xec6c</run_address>
         <size>0x10</size>
         <input_file_ref idref="fl-d"/>
      </object_component>
      <object_component id="oc-bf">
         <name>.text</name>
         <load_address>0xec7c</load_address>
         <run_address>0xec7c</run_address>
         <size>0x10</size>
         <input_file_ref idref="fl-2d"/>
      </object_component>
      <object_component id="oc-3a8">
         <name>.text:strlen</name>
         <load_address>0xec8c</load_address>
         <run_address>0xec8c</run_address>
         <size>0xe</size>
         <input_file_ref idref="fl-62"/>
      </object_component>
      <object_component id="oc-30e">
         <name>.text:Graphics_clearDisplayOnDisplay</name>
         <load_address>0xec9a</load_address>
         <run_address>0xec9a</run_address>
         <size>0xc</size>
         <input_file_ref idref="fl-e"/>
      </object_component>
      <object_component id="oc-2cc">
         <name>.text:Graphics_drawPixelOnDisplay</name>
         <load_address>0xeca6</load_address>
         <run_address>0xeca6</run_address>
         <size>0xc</size>
         <input_file_ref idref="fl-e"/>
      </object_component>
      <object_component id="oc-31f">
         <name>.text:Graphics_fillRectangleOnDisplay</name>
         <load_address>0xecb2</load_address>
         <run_address>0xecb2</run_address>
         <size>0xc</size>
         <input_file_ref idref="fl-e"/>
      </object_component>
      <object_component id="oc-318">
         <name>.text:Graphics_translateColorOnDisplay</name>
         <load_address>0xecbe</load_address>
         <run_address>0xecbe</run_address>
         <size>0xc</size>
         <input_file_ref idref="fl-e"/>
      </object_component>
      <object_component id="oc-e1">
         <name>.text:Interrupcion_T1</name>
         <load_address>0xecca</load_address>
         <run_address>0xecca</run_address>
         <size>0x8</size>
         <input_file_ref idref="fl-4"/>
      </object_component>
      <object_component id="oc-dc">
         <name>.text:_isr:__TI_ISR_TRAP</name>
         <load_address>0xecd2</load_address>
         <run_address>0xecd2</run_address>
         <size>0x8</size>
         <input_file_ref idref="fl-3a"/>
      </object_component>
      <object_component id="oc-19e">
         <name>.text:Graphics_setFont</name>
         <load_address>0xecda</load_address>
         <run_address>0xecda</run_address>
         <size>0x6</size>
         <input_file_ref idref="fl-d"/>
      </object_component>
      <object_component id="oc-1fb">
         <name>.text:abort</name>
         <load_address>0xece0</load_address>
         <run_address>0xece0</run_address>
         <size>0x6</size>
         <input_file_ref idref="fl-49"/>
      </object_component>
      <object_component id="oc-146">
         <name>.text:_system_pre_init</name>
         <load_address>0xece6</load_address>
         <run_address>0xece6</run_address>
         <size>0x4</size>
         <input_file_ref idref="fl-45"/>
      </object_component>
      <object_component id="oc-29a">
         <name>.text:Crystalfontz128x128_Flush</name>
         <load_address>0xecea</load_address>
         <run_address>0xecea</run_address>
         <size>0x2</size>
         <input_file_ref idref="fl-2"/>
      </object_component>
      <object_component id="oc-339">
         <name>.text:_system_post_cinit</name>
         <load_address>0xecec</load_address>
         <run_address>0xecec</run_address>
         <size>0x2</size>
         <input_file_ref idref="fl-46"/>
      </object_component>
      <object_component id="oc-491">
         <name>.cinit..data.load</name>
         <load_address>0xfc20</load_address>
         <run_address>0xfc20</run_address>
         <size>0x1b</size>
      </object_component>
      <object_component id="oc-48e">
         <name>__TI_handler_table</name>
         <load_address>0xfc3c</load_address>
         <run_address>0xfc3c</run_address>
         <size>0x6</size>
      </object_component>
      <object_component id="oc-490">
         <name>.cinit..bss.load</name>
         <load_address>0xfc42</load_address>
         <run_address>0xfc42</run_address>
         <size>0x4</size>
      </object_component>
      <object_component id="oc-48f">
         <name>__TI_cinit_table</name>
         <load_address>0xfc46</load_address>
         <run_address>0xfc46</run_address>
         <size>0x8</size>
      </object_component>
      <object_component id="oc-2aa">
         <name>.const:.string:g_pucCmss16Data</name>
         <load_address>0xecee</load_address>
         <run_address>0xecee</run_address>
         <size>0x6cd</size>
         <input_file_ref idref="fl-10"/>
      </object_component>
      <object_component id="oc-308">
         <name>.const:.string:g_pucCmss14Data</name>
         <load_address>0xf3bc</load_address>
         <run_address>0xf3bc</run_address>
         <size>0x609</size>
         <input_file_ref idref="fl-f"/>
      </object_component>
      <object_component id="oc-1cd">
         <name>.const</name>
         <load_address>0xf9c6</load_address>
         <run_address>0xf9c6</run_address>
         <size>0xc6</size>
         <input_file_ref idref="fl-f"/>
      </object_component>
      <object_component id="oc-19b">
         <name>.const</name>
         <load_address>0xfa8c</load_address>
         <run_address>0xfa8c</run_address>
         <size>0xc6</size>
         <input_file_ref idref="fl-10"/>
      </object_component>
      <object_component id="oc-1bf">
         <name>.const:.string</name>
         <load_address>0xfb52</load_address>
         <run_address>0xfb52</run_address>
         <size>0x76</size>
         <input_file_ref idref="fl-4"/>
      </object_component>
      <object_component id="oc-409">
         <name>.const:.string</name>
         <load_address>0xfbc8</load_address>
         <run_address>0xfbc8</run_address>
         <size>0x26</size>
         <input_file_ref idref="fl-4d"/>
      </object_component>
      <object_component id="oc-192">
         <name>.const:g_sCrystalfontz128x128</name>
         <load_address>0xfbee</load_address>
         <run_address>0xfbee</run_address>
         <size>0x1a</size>
         <input_file_ref idref="fl-2"/>
      </object_component>
      <object_component id="oc-373">
         <name>.const:$P$T0$1</name>
         <load_address>0xfc08</load_address>
         <run_address>0xfc08</run_address>
         <size>0x8</size>
         <input_file_ref idref="fl-2"/>
      </object_component>
      <object_component id="oc-1a4">
         <name>.const:$P$T2$3</name>
         <load_address>0xfc10</load_address>
         <run_address>0xfc10</run_address>
         <size>0x8</size>
         <input_file_ref idref="fl-4"/>
      </object_component>
      <object_component id="oc-180">
         <name>.const:.string:$P$T0$1</name>
         <load_address>0xfc18</load_address>
         <run_address>0xfc18</run_address>
         <size>0x4</size>
         <input_file_ref idref="fl-4"/>
      </object_component>
      <object_component id="oc-183">
         <name>.const:.string:$P$T1$2</name>
         <load_address>0xfc1c</load_address>
         <run_address>0xfc1c</run_address>
         <size>0x3</size>
         <input_file_ref idref="fl-4"/>
      </object_component>
      <object_component id="oc-450">
         <name>.binit</name>
         <load_address>0xc000</load_address>
         <run_address>0xc000</run_address>
         <size>0x0</size>
      </object_component>
      <object_component id="oc-40">
         <name>.int00</name>
         <load_address>0xffe0</load_address>
         <run_address>0xffe0</run_address>
         <size>0x2</size>
         <input_file_ref idref="fl-2e"/>
      </object_component>
      <object_component id="oc-41">
         <name>.int02</name>
         <load_address>0xffe4</load_address>
         <run_address>0xffe4</run_address>
         <size>0x2</size>
         <input_file_ref idref="fl-2f"/>
      </object_component>
      <object_component id="oc-42">
         <name>.int03</name>
         <load_address>0xffe6</load_address>
         <run_address>0xffe6</run_address>
         <size>0x2</size>
         <input_file_ref idref="fl-30"/>
      </object_component>
      <object_component id="oc-43">
         <name>.int05</name>
         <load_address>0xffea</load_address>
         <run_address>0xffea</run_address>
         <size>0x2</size>
         <input_file_ref idref="fl-31"/>
      </object_component>
      <object_component id="oc-44">
         <name>.int06</name>
         <load_address>0xffec</load_address>
         <run_address>0xffec</run_address>
         <size>0x2</size>
         <input_file_ref idref="fl-32"/>
      </object_component>
      <object_component id="oc-45">
         <name>.int07</name>
         <load_address>0xffee</load_address>
         <run_address>0xffee</run_address>
         <size>0x2</size>
         <input_file_ref idref="fl-33"/>
      </object_component>
      <object_component id="oc-46">
         <name>.int08</name>
         <load_address>0xfff0</load_address>
         <run_address>0xfff0</run_address>
         <size>0x2</size>
         <input_file_ref idref="fl-34"/>
      </object_component>
      <object_component id="oc-47">
         <name>.int09</name>
         <load_address>0xfff2</load_address>
         <run_address>0xfff2</run_address>
         <size>0x2</size>
         <input_file_ref idref="fl-35"/>
      </object_component>
      <object_component id="oc-48">
         <name>.int10</name>
         <load_address>0xfff4</load_address>
         <run_address>0xfff4</run_address>
         <size>0x2</size>
         <input_file_ref idref="fl-36"/>
      </object_component>
      <object_component id="oc-49">
         <name>.int11</name>
         <load_address>0xfff6</load_address>
         <run_address>0xfff6</run_address>
         <size>0x2</size>
         <input_file_ref idref="fl-37"/>
      </object_component>
      <object_component id="oc-4a">
         <name>.int12</name>
         <load_address>0xfff8</load_address>
         <run_address>0xfff8</run_address>
         <size>0x2</size>
         <input_file_ref idref="fl-38"/>
      </object_component>
      <object_component id="oc-4b">
         <name>.int13</name>
         <load_address>0xfffa</load_address>
         <run_address>0xfffa</run_address>
         <size>0x2</size>
         <input_file_ref idref="fl-4"/>
      </object_component>
      <object_component id="oc-4c">
         <name>.int14</name>
         <load_address>0xfffc</load_address>
         <run_address>0xfffc</run_address>
         <size>0x2</size>
         <input_file_ref idref="fl-39"/>
      </object_component>
      <object_component id="oc-b4">
         <name>.reset</name>
         <load_address>0xfffe</load_address>
         <run_address>0xfffe</run_address>
         <size>0x2</size>
         <input_file_ref idref="fl-40"/>
      </object_component>
      <object_component id="oc-254">
         <name>.debug_info</name>
         <load_address>0x0</load_address>
         <run_address>0x0</run_address>
         <size>0x4bf</size>
         <input_file_ref idref="fl-2"/>
      </object_component>
      <object_component id="oc-193">
         <name>.debug_info</name>
         <load_address>0x4bf</load_address>
         <run_address>0x4bf</run_address>
         <size>0x129</size>
         <input_file_ref idref="fl-2"/>
      </object_component>
      <object_component id="oc-374">
         <name>.debug_info</name>
         <load_address>0x5e8</load_address>
         <run_address>0x5e8</run_address>
         <size>0x10a</size>
         <input_file_ref idref="fl-2"/>
      </object_component>
      <object_component id="oc-18a">
         <name>.debug_info</name>
         <load_address>0x6f2</load_address>
         <run_address>0x6f2</run_address>
         <size>0x208</size>
         <input_file_ref idref="fl-2"/>
      </object_component>
      <object_component id="oc-25c">
         <name>.debug_info</name>
         <load_address>0x8fa</load_address>
         <run_address>0x8fa</run_address>
         <size>0x2df</size>
         <input_file_ref idref="fl-2"/>
      </object_component>
      <object_component id="oc-28f">
         <name>.debug_info</name>
         <load_address>0xbd9</load_address>
         <run_address>0xbd9</run_address>
         <size>0x29e</size>
         <input_file_ref idref="fl-2"/>
      </object_component>
      <object_component id="oc-27d">
         <name>.debug_info</name>
         <load_address>0xe77</load_address>
         <run_address>0xe77</run_address>
         <size>0x40a</size>
         <input_file_ref idref="fl-2"/>
      </object_component>
      <object_component id="oc-277">
         <name>.debug_info</name>
         <load_address>0x1281</load_address>
         <run_address>0x1281</run_address>
         <size>0x282</size>
         <input_file_ref idref="fl-2"/>
      </object_component>
      <object_component id="oc-289">
         <name>.debug_info</name>
         <load_address>0x1503</load_address>
         <run_address>0x1503</run_address>
         <size>0x2a8</size>
         <input_file_ref idref="fl-2"/>
      </object_component>
      <object_component id="oc-283">
         <name>.debug_info</name>
         <load_address>0x17ab</load_address>
         <run_address>0x17ab</run_address>
         <size>0x2a8</size>
         <input_file_ref idref="fl-2"/>
      </object_component>
      <object_component id="oc-17b">
         <name>.debug_info</name>
         <load_address>0x1a53</load_address>
         <run_address>0x1a53</run_address>
         <size>0x3a1</size>
         <input_file_ref idref="fl-2"/>
      </object_component>
      <object_component id="oc-29b">
         <name>.debug_info</name>
         <load_address>0x1df4</load_address>
         <run_address>0x1df4</run_address>
         <size>0x1a9</size>
         <input_file_ref idref="fl-2"/>
      </object_component>
      <object_component id="oc-295">
         <name>.debug_info</name>
         <load_address>0x1f9d</load_address>
         <run_address>0x1f9d</run_address>
         <size>0x234</size>
         <input_file_ref idref="fl-2"/>
      </object_component>
      <object_component id="oc-2a1">
         <name>.debug_info</name>
         <load_address>0x21d1</load_address>
         <run_address>0x21d1</run_address>
         <size>0x23c</size>
         <input_file_ref idref="fl-2"/>
      </object_component>
      <object_component id="oc-271">
         <name>.debug_info</name>
         <load_address>0x240d</load_address>
         <run_address>0x240d</run_address>
         <size>0x26b</size>
         <input_file_ref idref="fl-2"/>
      </object_component>
      <object_component id="oc-1f6">
         <name>.debug_info</name>
         <load_address>0x2678</load_address>
         <run_address>0x2678</run_address>
         <size>0x40a</size>
         <input_file_ref idref="fl-2"/>
      </object_component>
      <object_component id="oc-ca">
         <name>.debug_info</name>
         <load_address>0x2a82</load_address>
         <run_address>0x2a82</run_address>
         <size>0x84</size>
         <input_file_ref idref="fl-2"/>
      </object_component>
      <object_component id="oc-362">
         <name>.debug_info</name>
         <load_address>0x2b06</load_address>
         <run_address>0x2b06</run_address>
         <size>0x282</size>
         <input_file_ref idref="fl-2"/>
      </object_component>
      <object_component id="oc-26a">
         <name>.debug_info</name>
         <load_address>0x2d88</load_address>
         <run_address>0x2d88</run_address>
         <size>0xbb</size>
         <input_file_ref idref="fl-2"/>
      </object_component>
      <object_component id="oc-35d">
         <name>.debug_info</name>
         <load_address>0x2e43</load_address>
         <run_address>0x2e43</run_address>
         <size>0x403</size>
         <input_file_ref idref="fl-3"/>
      </object_component>
      <object_component id="oc-24e">
         <name>.debug_info</name>
         <load_address>0x3246</load_address>
         <run_address>0x3246</run_address>
         <size>0x1bd</size>
         <input_file_ref idref="fl-3"/>
      </object_component>
      <object_component id="oc-248">
         <name>.debug_info</name>
         <load_address>0x3403</load_address>
         <run_address>0x3403</run_address>
         <size>0x1cf</size>
         <input_file_ref idref="fl-3"/>
      </object_component>
      <object_component id="oc-243">
         <name>.debug_info</name>
         <load_address>0x35d2</load_address>
         <run_address>0x35d2</run_address>
         <size>0x197</size>
         <input_file_ref idref="fl-3"/>
      </object_component>
      <object_component id="oc-23f">
         <name>.debug_info</name>
         <load_address>0x3769</load_address>
         <run_address>0x3769</run_address>
         <size>0x199</size>
         <input_file_ref idref="fl-3"/>
      </object_component>
      <object_component id="oc-190">
         <name>.debug_info</name>
         <load_address>0x3902</load_address>
         <run_address>0x3902</run_address>
         <size>0xc21</size>
         <input_file_ref idref="fl-4"/>
      </object_component>
      <object_component id="oc-1d7">
         <name>.debug_info</name>
         <load_address>0x4523</load_address>
         <run_address>0x4523</run_address>
         <size>0xfe</size>
         <input_file_ref idref="fl-4"/>
      </object_component>
      <object_component id="oc-187">
         <name>.debug_info</name>
         <load_address>0x4621</load_address>
         <run_address>0x4621</run_address>
         <size>0x277</size>
         <input_file_ref idref="fl-4"/>
      </object_component>
      <object_component id="oc-181">
         <name>.debug_info</name>
         <load_address>0x4898</load_address>
         <run_address>0x4898</run_address>
         <size>0xf5</size>
         <input_file_ref idref="fl-4"/>
      </object_component>
      <object_component id="oc-184">
         <name>.debug_info</name>
         <load_address>0x498d</load_address>
         <run_address>0x498d</run_address>
         <size>0xf5</size>
         <input_file_ref idref="fl-4"/>
      </object_component>
      <object_component id="oc-1a5">
         <name>.debug_info</name>
         <load_address>0x4a82</load_address>
         <run_address>0x4a82</run_address>
         <size>0xf5</size>
         <input_file_ref idref="fl-4"/>
      </object_component>
      <object_component id="oc-175">
         <name>.debug_info</name>
         <load_address>0x4b77</load_address>
         <run_address>0x4b77</run_address>
         <size>0x142</size>
         <input_file_ref idref="fl-4"/>
      </object_component>
      <object_component id="oc-14d">
         <name>.debug_info</name>
         <load_address>0x4cb9</load_address>
         <run_address>0x4cb9</run_address>
         <size>0x970</size>
         <input_file_ref idref="fl-4"/>
      </object_component>
      <object_component id="oc-e3">
         <name>.debug_info</name>
         <load_address>0x5629</load_address>
         <run_address>0x5629</run_address>
         <size>0x138</size>
         <input_file_ref idref="fl-4"/>
      </object_component>
      <object_component id="oc-1f1">
         <name>.debug_info</name>
         <load_address>0x5761</load_address>
         <run_address>0x5761</run_address>
         <size>0x8b</size>
         <input_file_ref idref="fl-4"/>
      </object_component>
      <object_component id="oc-3b6">
         <name>.debug_info</name>
         <load_address>0x57ec</load_address>
         <run_address>0x57ec</run_address>
         <size>0x2c</size>
         <input_file_ref idref="fl-4"/>
      </object_component>
      <object_component id="oc-2e0">
         <name>.debug_info</name>
         <load_address>0x5818</load_address>
         <run_address>0x5818</run_address>
         <size>0x2e9</size>
         <input_file_ref idref="fl-c"/>
      </object_component>
      <object_component id="oc-1b5">
         <name>.debug_info</name>
         <load_address>0x5b01</load_address>
         <run_address>0x5b01</run_address>
         <size>0x2b4</size>
         <input_file_ref idref="fl-c"/>
      </object_component>
      <object_component id="oc-1ba">
         <name>.debug_info</name>
         <load_address>0x5db5</load_address>
         <run_address>0x5db5</run_address>
         <size>0x25f</size>
         <input_file_ref idref="fl-c"/>
      </object_component>
      <object_component id="oc-303">
         <name>.debug_info</name>
         <load_address>0x6014</load_address>
         <run_address>0x6014</run_address>
         <size>0x40a</size>
         <input_file_ref idref="fl-c"/>
      </object_component>
      <object_component id="oc-2d4">
         <name>.debug_info</name>
         <load_address>0x641e</load_address>
         <run_address>0x641e</run_address>
         <size>0x18b</size>
         <input_file_ref idref="fl-c"/>
      </object_component>
      <object_component id="oc-2a9">
         <name>.debug_info</name>
         <load_address>0x65a9</load_address>
         <run_address>0x65a9</run_address>
         <size>0x3b8</size>
         <input_file_ref idref="fl-d"/>
      </object_component>
      <object_component id="oc-197">
         <name>.debug_info</name>
         <load_address>0x6961</load_address>
         <run_address>0x6961</run_address>
         <size>0x17b</size>
         <input_file_ref idref="fl-d"/>
      </object_component>
      <object_component id="oc-1eb">
         <name>.debug_info</name>
         <load_address>0x6adc</load_address>
         <run_address>0x6adc</run_address>
         <size>0x1a2</size>
         <input_file_ref idref="fl-d"/>
      </object_component>
      <object_component id="oc-19f">
         <name>.debug_info</name>
         <load_address>0x6c7e</load_address>
         <run_address>0x6c7e</run_address>
         <size>0x159</size>
         <input_file_ref idref="fl-d"/>
      </object_component>
      <object_component id="oc-1df">
         <name>.debug_info</name>
         <load_address>0x6dd7</load_address>
         <run_address>0x6dd7</run_address>
         <size>0x195</size>
         <input_file_ref idref="fl-d"/>
      </object_component>
      <object_component id="oc-1d2">
         <name>.debug_info</name>
         <load_address>0x6f6c</load_address>
         <run_address>0x6f6c</run_address>
         <size>0x177</size>
         <input_file_ref idref="fl-d"/>
      </object_component>
      <object_component id="oc-2db">
         <name>.debug_info</name>
         <load_address>0x70e3</load_address>
         <run_address>0x70e3</run_address>
         <size>0x19a</size>
         <input_file_ref idref="fl-d"/>
      </object_component>
      <object_component id="oc-3a0">
         <name>.debug_info</name>
         <load_address>0x727d</load_address>
         <run_address>0x727d</run_address>
         <size>0x258</size>
         <input_file_ref idref="fl-e"/>
      </object_component>
      <object_component id="oc-2d0">
         <name>.debug_info</name>
         <load_address>0x74d5</load_address>
         <run_address>0x74d5</run_address>
         <size>0x18b</size>
         <input_file_ref idref="fl-e"/>
      </object_component>
      <object_component id="oc-381">
         <name>.debug_info</name>
         <load_address>0x7660</load_address>
         <run_address>0x7660</run_address>
         <size>0x1c5</size>
         <input_file_ref idref="fl-e"/>
      </object_component>
      <object_component id="oc-388">
         <name>.debug_info</name>
         <load_address>0x7825</load_address>
         <run_address>0x7825</run_address>
         <size>0x1bc</size>
         <input_file_ref idref="fl-e"/>
      </object_component>
      <object_component id="oc-320">
         <name>.debug_info</name>
         <load_address>0x79e1</load_address>
         <run_address>0x79e1</run_address>
         <size>0x18e</size>
         <input_file_ref idref="fl-e"/>
      </object_component>
      <object_component id="oc-31b">
         <name>.debug_info</name>
         <load_address>0x7b6f</load_address>
         <run_address>0x7b6f</run_address>
         <size>0x183</size>
         <input_file_ref idref="fl-e"/>
      </object_component>
      <object_component id="oc-310">
         <name>.debug_info</name>
         <load_address>0x7cf2</load_address>
         <run_address>0x7cf2</run_address>
         <size>0x17b</size>
         <input_file_ref idref="fl-e"/>
      </object_component>
      <object_component id="oc-30d">
         <name>.debug_info</name>
         <load_address>0x7e6d</load_address>
         <run_address>0x7e6d</run_address>
         <size>0x1f9</size>
         <input_file_ref idref="fl-f"/>
      </object_component>
      <object_component id="oc-309">
         <name>.debug_info</name>
         <load_address>0x8066</load_address>
         <run_address>0x8066</run_address>
         <size>0xdf</size>
         <input_file_ref idref="fl-f"/>
      </object_component>
      <object_component id="oc-1ce">
         <name>.debug_info</name>
         <load_address>0x8145</load_address>
         <run_address>0x8145</run_address>
         <size>0xdc</size>
         <input_file_ref idref="fl-f"/>
      </object_component>
      <object_component id="oc-2af">
         <name>.debug_info</name>
         <load_address>0x8221</load_address>
         <run_address>0x8221</run_address>
         <size>0x1f9</size>
         <input_file_ref idref="fl-10"/>
      </object_component>
      <object_component id="oc-2ab">
         <name>.debug_info</name>
         <load_address>0x841a</load_address>
         <run_address>0x841a</run_address>
         <size>0xdf</size>
         <input_file_ref idref="fl-10"/>
      </object_component>
      <object_component id="oc-19c">
         <name>.debug_info</name>
         <load_address>0x84f9</load_address>
         <run_address>0x84f9</run_address>
         <size>0xdc</size>
         <input_file_ref idref="fl-10"/>
      </object_component>
      <object_component id="oc-2d3">
         <name>.debug_info</name>
         <load_address>0x85d5</load_address>
         <run_address>0x85d5</run_address>
         <size>0x398</size>
         <input_file_ref idref="fl-11"/>
      </object_component>
      <object_component id="oc-2b4">
         <name>.debug_info</name>
         <load_address>0x896d</load_address>
         <run_address>0x896d</run_address>
         <size>0x1da</size>
         <input_file_ref idref="fl-11"/>
      </object_component>
      <object_component id="oc-2ba">
         <name>.debug_info</name>
         <load_address>0x8b47</load_address>
         <run_address>0x8b47</run_address>
         <size>0x1dd</size>
         <input_file_ref idref="fl-11"/>
      </object_component>
      <object_component id="oc-38e">
         <name>.debug_info</name>
         <load_address>0x8d24</load_address>
         <run_address>0x8d24</run_address>
         <size>0x193</size>
         <input_file_ref idref="fl-11"/>
      </object_component>
      <object_component id="oc-2c4">
         <name>.debug_info</name>
         <load_address>0x8eb7</load_address>
         <run_address>0x8eb7</run_address>
         <size>0x315</size>
         <input_file_ref idref="fl-11"/>
      </object_component>
      <object_component id="oc-1b0">
         <name>.debug_info</name>
         <load_address>0x91cc</load_address>
         <run_address>0x91cc</run_address>
         <size>0x29f</size>
         <input_file_ref idref="fl-11"/>
      </object_component>
      <object_component id="oc-2c0">
         <name>.debug_info</name>
         <load_address>0x946b</load_address>
         <run_address>0x946b</run_address>
         <size>0x352</size>
         <input_file_ref idref="fl-12"/>
      </object_component>
      <object_component id="oc-1a8">
         <name>.debug_info</name>
         <load_address>0x97bd</load_address>
         <run_address>0x97bd</run_address>
         <size>0x1dd</size>
         <input_file_ref idref="fl-12"/>
      </object_component>
      <object_component id="oc-1e7">
         <name>.debug_info</name>
         <load_address>0x999a</load_address>
         <run_address>0x999a</run_address>
         <size>0x1b1</size>
         <input_file_ref idref="fl-12"/>
      </object_component>
      <object_component id="oc-302">
         <name>.debug_info</name>
         <load_address>0x9b4b</load_address>
         <run_address>0x9b4b</run_address>
         <size>0x317</size>
         <input_file_ref idref="fl-13"/>
      </object_component>
      <object_component id="oc-2fc">
         <name>.debug_info</name>
         <load_address>0x9e62</load_address>
         <run_address>0x9e62</run_address>
         <size>0x175</size>
         <input_file_ref idref="fl-13"/>
      </object_component>
      <object_component id="oc-1c8">
         <name>.debug_info</name>
         <load_address>0x9fd7</load_address>
         <run_address>0x9fd7</run_address>
         <size>0x446</size>
         <input_file_ref idref="fl-13"/>
      </object_component>
      <object_component id="oc-2f5">
         <name>.debug_info</name>
         <load_address>0xa41d</load_address>
         <run_address>0xa41d</run_address>
         <size>0x20b</size>
         <input_file_ref idref="fl-29"/>
      </object_component>
      <object_component id="oc-1c4">
         <name>.debug_info</name>
         <load_address>0xa628</load_address>
         <run_address>0xa628</run_address>
         <size>0x1c2</size>
         <input_file_ref idref="fl-29"/>
      </object_component>
      <object_component id="oc-2e6">
         <name>.debug_info</name>
         <load_address>0xa7ea</load_address>
         <run_address>0xa7ea</run_address>
         <size>0x198</size>
         <input_file_ref idref="fl-29"/>
      </object_component>
      <object_component id="oc-2e9">
         <name>.debug_info</name>
         <load_address>0xa982</load_address>
         <run_address>0xa982</run_address>
         <size>0x16d</size>
         <input_file_ref idref="fl-29"/>
      </object_component>
      <object_component id="oc-419">
         <name>.debug_info</name>
         <load_address>0xaaef</load_address>
         <run_address>0xaaef</run_address>
         <size>0x2c</size>
         <input_file_ref idref="fl-29"/>
      </object_component>
      <object_component id="oc-2f7">
         <name>.debug_info</name>
         <load_address>0xab1b</load_address>
         <run_address>0xab1b</run_address>
         <size>0x120</size>
         <input_file_ref idref="fl-2a"/>
      </object_component>
      <object_component id="oc-2c8">
         <name>.debug_info</name>
         <load_address>0xac3b</load_address>
         <run_address>0xac3b</run_address>
         <size>0x138</size>
         <input_file_ref idref="fl-2b"/>
      </object_component>
      <object_component id="oc-39a">
         <name>.debug_info</name>
         <load_address>0xad73</load_address>
         <run_address>0xad73</run_address>
         <size>0x123</size>
         <input_file_ref idref="fl-2c"/>
      </object_component>
      <object_component id="oc-c0">
         <name>.debug_info</name>
         <load_address>0xae96</load_address>
         <run_address>0xae96</run_address>
         <size>0x12e</size>
         <input_file_ref idref="fl-2d"/>
      </object_component>
      <object_component id="oc-df">
         <name>.debug_info</name>
         <load_address>0xafc4</load_address>
         <run_address>0xafc4</run_address>
         <size>0x10f</size>
         <input_file_ref idref="fl-3a"/>
      </object_component>
      <object_component id="oc-b6">
         <name>.debug_info</name>
         <load_address>0xb0d3</load_address>
         <run_address>0xb0d3</run_address>
         <size>0x120</size>
         <input_file_ref idref="fl-3b"/>
      </object_component>
      <object_component id="oc-bd">
         <name>.debug_info</name>
         <load_address>0xb1f3</load_address>
         <run_address>0xb1f3</run_address>
         <size>0x120</size>
         <input_file_ref idref="fl-3c"/>
      </object_component>
      <object_component id="oc-36f">
         <name>.debug_info</name>
         <load_address>0xb313</load_address>
         <run_address>0xb313</run_address>
         <size>0x126</size>
         <input_file_ref idref="fl-3d"/>
      </object_component>
      <object_component id="oc-1da">
         <name>.debug_info</name>
         <load_address>0xb439</load_address>
         <run_address>0xb439</run_address>
         <size>0x121</size>
         <input_file_ref idref="fl-3e"/>
      </object_component>
      <object_component id="oc-394">
         <name>.debug_info</name>
         <load_address>0xb55a</load_address>
         <run_address>0xb55a</run_address>
         <size>0x121</size>
         <input_file_ref idref="fl-3f"/>
      </object_component>
      <object_component id="oc-b2">
         <name>.debug_info</name>
         <load_address>0xb67b</load_address>
         <run_address>0xb67b</run_address>
         <size>0x100</size>
         <input_file_ref idref="fl-40"/>
      </object_component>
      <object_component id="oc-fa">
         <name>.debug_info</name>
         <load_address>0xb77b</load_address>
         <run_address>0xb77b</run_address>
         <size>0x17a</size>
         <input_file_ref idref="fl-40"/>
      </object_component>
      <object_component id="oc-340">
         <name>.debug_info</name>
         <load_address>0xb8f5</load_address>
         <run_address>0xb8f5</run_address>
         <size>0x3de</size>
         <input_file_ref idref="fl-41"/>
      </object_component>
      <object_component id="oc-208">
         <name>.debug_info</name>
         <load_address>0xbcd3</load_address>
         <run_address>0xbcd3</run_address>
         <size>0x1e0</size>
         <input_file_ref idref="fl-41"/>
      </object_component>
      <object_component id="oc-3e4">
         <name>.debug_info</name>
         <load_address>0xbeb3</load_address>
         <run_address>0xbeb3</run_address>
         <size>0x39</size>
         <input_file_ref idref="fl-41"/>
      </object_component>
      <object_component id="oc-3f0">
         <name>.debug_info</name>
         <load_address>0xbeec</load_address>
         <run_address>0xbeec</run_address>
         <size>0x2c</size>
         <input_file_ref idref="fl-41"/>
      </object_component>
      <object_component id="oc-34b">
         <name>.debug_info</name>
         <load_address>0xbf18</load_address>
         <run_address>0xbf18</run_address>
         <size>0x2c</size>
         <input_file_ref idref="fl-41"/>
      </object_component>
      <object_component id="oc-3e9">
         <name>.debug_info</name>
         <load_address>0xbf44</load_address>
         <run_address>0xbf44</run_address>
         <size>0xcd</size>
         <input_file_ref idref="fl-41"/>
      </object_component>
      <object_component id="oc-144">
         <name>.debug_info</name>
         <load_address>0xc011</load_address>
         <run_address>0xc011</run_address>
         <size>0x175</size>
         <input_file_ref idref="fl-42"/>
      </object_component>
      <object_component id="oc-eb">
         <name>.debug_info</name>
         <load_address>0xc186</load_address>
         <run_address>0xc186</run_address>
         <size>0x1d2</size>
         <input_file_ref idref="fl-42"/>
      </object_component>
      <object_component id="oc-13f">
         <name>.debug_info</name>
         <load_address>0xc358</load_address>
         <run_address>0xc358</run_address>
         <size>0x46</size>
         <input_file_ref idref="fl-42"/>
      </object_component>
      <object_component id="oc-130">
         <name>.debug_info</name>
         <load_address>0xc39e</load_address>
         <run_address>0xc39e</run_address>
         <size>0x2c</size>
         <input_file_ref idref="fl-42"/>
      </object_component>
      <object_component id="oc-147">
         <name>.debug_info</name>
         <load_address>0xc3ca</load_address>
         <run_address>0xc3ca</run_address>
         <size>0x153</size>
         <input_file_ref idref="fl-45"/>
      </object_component>
      <object_component id="oc-33c">
         <name>.debug_info</name>
         <load_address>0xc51d</load_address>
         <run_address>0xc51d</run_address>
         <size>0x150</size>
         <input_file_ref idref="fl-46"/>
      </object_component>
      <object_component id="oc-db">
         <name>.debug_info</name>
         <load_address>0xc66d</load_address>
         <run_address>0xc66d</run_address>
         <size>0x180</size>
         <input_file_ref idref="fl-47"/>
      </object_component>
      <object_component id="oc-3b">
         <name>.debug_info</name>
         <load_address>0xc7ed</load_address>
         <run_address>0xc7ed</run_address>
         <size>0x1ea</size>
         <input_file_ref idref="fl-47"/>
      </object_component>
      <object_component id="oc-d6">
         <name>.debug_info</name>
         <load_address>0xc9d7</load_address>
         <run_address>0xc9d7</run_address>
         <size>0x46</size>
         <input_file_ref idref="fl-47"/>
      </object_component>
      <object_component id="oc-135">
         <name>.debug_info</name>
         <load_address>0xca1d</load_address>
         <run_address>0xca1d</run_address>
         <size>0x2c</size>
         <input_file_ref idref="fl-47"/>
      </object_component>
      <object_component id="oc-12d">
         <name>.debug_info</name>
         <load_address>0xca49</load_address>
         <run_address>0xca49</run_address>
         <size>0x176</size>
         <input_file_ref idref="fl-48"/>
      </object_component>
      <object_component id="oc-36">
         <name>.debug_info</name>
         <load_address>0xcbbf</load_address>
         <run_address>0xcbbf</run_address>
         <size>0x292</size>
         <input_file_ref idref="fl-48"/>
      </object_component>
      <object_component id="oc-c5">
         <name>.debug_info</name>
         <load_address>0xce51</load_address>
         <run_address>0xce51</run_address>
         <size>0x60</size>
         <input_file_ref idref="fl-48"/>
      </object_component>
      <object_component id="oc-168">
         <name>.debug_info</name>
         <load_address>0xceb1</load_address>
         <run_address>0xceb1</run_address>
         <size>0x46</size>
         <input_file_ref idref="fl-48"/>
      </object_component>
      <object_component id="oc-128">
         <name>.debug_info</name>
         <load_address>0xcef7</load_address>
         <run_address>0xcef7</run_address>
         <size>0x39</size>
         <input_file_ref idref="fl-48"/>
      </object_component>
      <object_component id="oc-1fc">
         <name>.debug_info</name>
         <load_address>0xcf30</load_address>
         <run_address>0xcf30</run_address>
         <size>0x122</size>
         <input_file_ref idref="fl-49"/>
      </object_component>
      <object_component id="oc-12f">
         <name>.debug_info</name>
         <load_address>0xd052</load_address>
         <run_address>0xd052</run_address>
         <size>0x181</size>
         <input_file_ref idref="fl-4c"/>
      </object_component>
      <object_component id="oc-d0">
         <name>.debug_info</name>
         <load_address>0xd1d3</load_address>
         <run_address>0xd1d3</run_address>
         <size>0x17a</size>
         <input_file_ref idref="fl-4c"/>
      </object_component>
      <object_component id="oc-3b5">
         <name>.debug_info</name>
         <load_address>0xd34d</load_address>
         <run_address>0xd34d</run_address>
         <size>0x439</size>
         <input_file_ref idref="fl-4d"/>
      </object_component>
      <object_component id="oc-40c">
         <name>.debug_info</name>
         <load_address>0xd786</load_address>
         <run_address>0xd786</run_address>
         <size>0x2ff</size>
         <input_file_ref idref="fl-4d"/>
      </object_component>
      <object_component id="oc-3af">
         <name>.debug_info</name>
         <load_address>0xda85</load_address>
         <run_address>0xda85</run_address>
         <size>0x2dc</size>
         <input_file_ref idref="fl-4d"/>
      </object_component>
      <object_component id="oc-2ef">
         <name>.debug_info</name>
         <load_address>0xdd61</load_address>
         <run_address>0xdd61</run_address>
         <size>0x33d</size>
         <input_file_ref idref="fl-4d"/>
      </object_component>
      <object_component id="oc-3bb">
         <name>.debug_info</name>
         <load_address>0xe09e</load_address>
         <run_address>0xe09e</run_address>
         <size>0x86</size>
         <input_file_ref idref="fl-4d"/>
      </object_component>
      <object_component id="oc-439">
         <name>.debug_info</name>
         <load_address>0xe124</load_address>
         <run_address>0xe124</run_address>
         <size>0xa1</size>
         <input_file_ref idref="fl-4d"/>
      </object_component>
      <object_component id="oc-41e">
         <name>.debug_info</name>
         <load_address>0xe1c5</load_address>
         <run_address>0xe1c5</run_address>
         <size>0x39</size>
         <input_file_ref idref="fl-4d"/>
      </object_component>
      <object_component id="oc-44a">
         <name>.debug_info</name>
[...]
         <object_component_ref idref="oc-1d0"/>
      </symbol>
      <symbol id="sm-2ca">
         <name>Graphics_clearDisplayOnDisplay</name>
         <value>0xec9a</value>
         <object_component_ref idref="oc-30e"/>
      </symbol>
      <symbol id="sm-2cb">
         <name>Graphics_drawPixelOnDisplay</name>
         <value>0xeca6</value>
         <object_component_ref idref="oc-2cc"/>
      </symbol>
      <symbol id="sm-2cc">
         <name>Graphics_translateColorOnDisplay</name>
         <value>0xecbe</value>
         <object_component_ref idref="oc-318"/>
      </symbol>
      <symbol id="sm-2cd">
         <name>Graphics_drawHorizontalLineOnDisplay</name>
         <value>0xeb6c</value>
         <object_component_ref idref="oc-37d"/>
      </symbol>
      <symbol id="sm-2ce">
         <name>Graphics_drawVerticalLineOnDisplay</name>
         <value>0xeb84</value>
         <object_component_ref idref="oc-384"/>
      </symbol>
      <symbol id="sm-2cf">
         <name>Graphics_fillRectangleOnDisplay</name>
         <value>0xecb2</value>
         <object_component_ref idref="oc-31f"/>
      </symbol>
      <symbol id="sm-2df">
         <name>g_sFontCmss14</name>
         <value>0xf9c6</value>
         <object_component_ref idref="oc-1cd"/>
      </symbol>
      <symbol id="sm-2ef">
         <name>g_sFontCmss16</name>
         <value>0xfa8c</value>
         <object_component_ref idref="oc-19b"/>
      </symbol>
      <symbol id="sm-360">
         <name>Graphics_drawLineH</name>
         <value>0xe068</value>
         <object_component_ref idref="oc-2b3"/>
      </symbol>
      <symbol id="sm-361">
         <name>Graphics_drawLineV</name>
         <value>0xe146</value>
         <object_component_ref idref="oc-2b9"/>
      </symbol>
      <symbol id="sm-362">
         <name>Graphics_drawLine</name>
         <value>0xd62c</value>
         <object_component_ref idref="oc-1ad"/>
      </symbol>
      <symbol id="sm-37f">
         <name>Graphics_drawRectangle</name>
         <value>0xde76</value>
         <object_component_ref idref="oc-1a7"/>
      </symbol>
      <symbol id="sm-380">
         <name>Graphics_fillRectangle</name>
         <value>0xe2e8</value>
         <object_component_ref idref="oc-1e4"/>
      </symbol>
      <symbol id="sm-3d6">
         <name>Graphics_drawString</name>
         <value>0xc000</value>
         <object_component_ref idref="oc-1c7"/>
      </symbol>
      <symbol id="sm-3f7">
         <name>sprintf</name>
         <value>0xe98e</value>
         <object_component_ref idref="oc-1c1"/>
      </symbol>
      <symbol id="sm-3ff">
         <name>__mspabi_srai</name>
         <value>0xea4e</value>
         <object_component_ref idref="oc-2f6"/>
      </symbol>
      <symbol id="sm-400">
         <name>__mspabi_srai_8</name>
         <value>0xea68</value>
         <object_component_ref idref="oc-2f6"/>
      </symbol>
      <symbol id="sm-401">
         <name>__mspabi_srai_9</name>
         <value>0xea66</value>
         <object_component_ref idref="oc-2f6"/>
      </symbol>
      <symbol id="sm-402">
         <name>__mspabi_srai_6</name>
         <value>0xea6c</value>
         <object_component_ref idref="oc-2f6"/>
      </symbol>
      <symbol id="sm-403">
         <name>__mspabi_srai_7</name>
         <value>0xea6a</value>
         <object_component_ref idref="oc-2f6"/>
      </symbol>
      <symbol id="sm-404">
         <name>__mspabi_srai_4</name>
         <value>0xea70</value>
         <object_component_ref idref="oc-2f6"/>
      </symbol>
      <symbol id="sm-405">
         <name>__mspabi_srai_5</name>
         <value>0xea6e</value>
         <object_component_ref idref="oc-2f6"/>
      </symbol>
      <symbol id="sm-406">
         <name>__mspabi_srai_2</name>
         <value>0xea74</value>
         <object_component_ref idref="oc-2f6"/>
      </symbol>
      <symbol id="sm-407">
         <name>__mspabi_srai_3</name>
         <value>0xea72</value>
         <object_component_ref idref="oc-2f6"/>
      </symbol>
      <symbol id="sm-408">
         <name>__mspabi_srai_1</name>
         <value>0xea76</value>
         <object_component_ref idref="oc-2f6"/>
      </symbol>
      <symbol id="sm-409">
         <name>__mspabi_srai_15</name>
         <value>0xea5a</value>
         <object_component_ref idref="oc-2f6"/>
      </symbol>
      <symbol id="sm-40a">
         <name>__mspabi_srai_14</name>
         <value>0xea5c</value>
         <object_component_ref idref="oc-2f6"/>
      </symbol>
      <symbol id="sm-40b">
         <name>__mspabi_srai_13</name>
         <value>0xea5e</value>
         <object_component_ref idref="oc-2f6"/>
      </symbol>
      <symbol id="sm-40c">
         <name>__mspabi_srai_12</name>
         <value>0xea60</value>
         <object_component_ref idref="oc-2f6"/>
      </symbol>
      <symbol id="sm-40d">
         <name>__mspabi_srai_11</name>
         <value>0xea62</value>
         <object_component_ref idref="oc-2f6"/>
      </symbol>
      <symbol id="sm-40e">
         <name>__mspabi_srai_10</name>
         <value>0xea64</value>
         <object_component_ref idref="oc-2f6"/>
      </symbol>
      <symbol id="sm-41a">
         <name>__mspabi_remli</name>
         <value>0xe914</value>
         <object_component_ref idref="oc-2c7"/>
      </symbol>
      <symbol id="sm-41b">
         <name>__mspabi_divli</name>
         <value>0xe914</value>
         <object_component_ref idref="oc-2c7"/>
      </symbol>
      <symbol id="sm-429">
         <name>__mspabi_remul</name>
         <value>0xe688</value>
         <object_component_ref idref="oc-399"/>
      </symbol>
      <symbol id="sm-42a">
         <name>__mspabi_divul</name>
         <value>0xe688</value>
         <object_component_ref idref="oc-399"/>
      </symbol>
      <symbol id="sm-433">
         <name>__mspabi_func_epilog_2</name>
         <value>0xec86</value>
         <object_component_ref idref="oc-bf"/>
      </symbol>
      <symbol id="sm-434">
         <name>__mspabi_func_epilog_3</name>
         <value>0xec84</value>
         <object_component_ref idref="oc-bf"/>
      </symbol>
      <symbol id="sm-435">
         <name>__mspabi_func_epilog_1</name>
         <value>0xec88</value>
         <object_component_ref idref="oc-bf"/>
      </symbol>
      <symbol id="sm-436">
         <name>__mspabi_func_epilog_6</name>
         <value>0xec7e</value>
         <object_component_ref idref="oc-bf"/>
      </symbol>
      <symbol id="sm-437">
         <name>__mspabi_func_epilog_7</name>
         <value>0xec7c</value>
         <object_component_ref idref="oc-bf"/>
      </symbol>
      <symbol id="sm-438">
         <name>__mspabi_func_epilog_4</name>
         <value>0xec82</value>
         <object_component_ref idref="oc-bf"/>
      </symbol>
      <symbol id="sm-439">
         <name>__mspabi_func_epilog_5</name>
         <value>0xec80</value>
         <object_component_ref idref="oc-bf"/>
      </symbol>
      <symbol id="sm-43c">
         <name>__TI_int00</name>
         <value>0xffe0</value>
         <object_component_ref idref="oc-40"/>
      </symbol>
      <symbol id="sm-43f">
         <name>__TI_int02</name>
         <value>0xffe4</value>
         <object_component_ref idref="oc-41"/>
      </symbol>
      <symbol id="sm-442">
         <name>__TI_int03</name>
         <value>0xffe6</value>
         <object_component_ref idref="oc-42"/>
      </symbol>
      <symbol id="sm-445">
         <name>__TI_int05</name>
         <value>0xffea</value>
         <object_component_ref idref="oc-43"/>
      </symbol>
      <symbol id="sm-448">
         <name>__TI_int06</name>
         <value>0xffec</value>
         <object_component_ref idref="oc-44"/>
      </symbol>
      <symbol id="sm-44b">
         <name>__TI_int07</name>
         <value>0xffee</value>
         <object_component_ref idref="oc-45"/>
      </symbol>
      <symbol id="sm-44e">
         <name>__TI_int08</name>
         <value>0xfff0</value>
         <object_component_ref idref="oc-46"/>
      </symbol>
      <symbol id="sm-451">
         <name>__TI_int09</name>
         <value>0xfff2</value>
         <object_component_ref idref="oc-47"/>
      </symbol>
      <symbol id="sm-454">
         <name>__TI_int10</name>
         <value>0xfff4</value>
         <object_component_ref idref="oc-48"/>
      </symbol>
      <symbol id="sm-457">
         <name>__TI_int11</name>
         <value>0xfff6</value>
         <object_component_ref idref="oc-49"/>
      </symbol>
      <symbol id="sm-45a">
         <name>__TI_int12</name>
         <value>0xfff8</value>
         <object_component_ref idref="oc-4a"/>
      </symbol>
      <symbol id="sm-45d">
         <name>__TI_int14</name>
         <value>0xfffc</value>
         <object_component_ref idref="oc-4c"/>
      </symbol>
      <symbol id="sm-465">
         <name>__TI_ISR_TRAP</name>
         <value>0xecd2</value>
         <object_component_ref idref="oc-dc"/>
      </symbol>
      <symbol id="sm-46d">
         <name>__mspabi_slli</name>
         <value>0xea7a</value>
         <object_component_ref idref="oc-b5"/>
      </symbol>
      <symbol id="sm-46e">
         <name>__mspabi_slli_9</name>
         <value>0xea92</value>
         <object_component_ref idref="oc-b5"/>
      </symbol>
      <symbol id="sm-46f">
         <name>__mspabi_slli_8</name>
         <value>0xea94</value>
         <object_component_ref idref="oc-b5"/>
      </symbol>
      <symbol id="sm-470">
         <name>__mspabi_slli_7</name>
         <value>0xea96</value>
         <object_component_ref idref="oc-b5"/>
      </symbol>
      <symbol id="sm-471">
         <name>__mspabi_slli_6</name>
         <value>0xea98</value>
         <object_component_ref idref="oc-b5"/>
      </symbol>
      <symbol id="sm-472">
         <name>__mspabi_slli_5</name>
         <value>0xea9a</value>
         <object_component_ref idref="oc-b5"/>
      </symbol>
      <symbol id="sm-473">
         <name>__mspabi_slli_4</name>
         <value>0xea9c</value>
         <object_component_ref idref="oc-b5"/>
      </symbol>
      <symbol id="sm-474">
         <name>__mspabi_slli_3</name>
         <value>0xea9e</value>
         <object_component_ref idref="oc-b5"/>
      </symbol>
      <symbol id="sm-475">
         <name>__mspabi_slli_2</name>
         <value>0xeaa0</value>
         <object_component_ref idref="oc-b5"/>
      </symbol>
      <symbol id="sm-476">
         <name>__mspabi_slli_1</name>
         <value>0xeaa2</value>
         <object_component_ref idref="oc-b5"/>
      </symbol>
      <symbol id="sm-477">
         <name>__mspabi_slli_15</name>
         <value>0xea86</value>
         <object_component_ref idref="oc-b5"/>
      </symbol>
      <symbol id="sm-478">
         <name>__mspabi_slli_14</name>
         <value>0xea88</value>
         <object_component_ref idref="oc-b5"/>
      </symbol>
      <symbol id="sm-479">
         <name>__mspabi_slli_13</name>
         <value>0xea8a</value>
         <object_component_ref idref="oc-b5"/>
      </symbol>
      <symbol id="sm-47a">
         <name>__mspabi_slli_12</name>
         <value>0xea8c</value>
         <object_component_ref idref="oc-b5"/>
      </symbol>
      <symbol id="sm-47b">
         <name>__mspabi_slli_11</name>
         <value>0xea8e</value>
         <object_component_ref idref="oc-b5"/>
      </symbol>
      <symbol id="sm-47c">
         <name>__mspabi_slli_10</name>
         <value>0xea90</value>
         <object_component_ref idref="oc-b5"/>
      </symbol>
      <symbol id="sm-484">
         <name>__mspabi_srli_8</name>
         <value>0xe75c</value>
         <object_component_ref idref="oc-ba"/>
      </symbol>
      <symbol id="sm-485">
         <name>__mspabi_srli_9</name>
         <value>0xe758</value>
         <object_component_ref idref="oc-ba"/>
      </symbol>
      <symbol id="sm-486">
         <name>__mspabi_srli_6</name>
         <value>0xe764</value>
         <object_component_ref idref="oc-ba"/>
      </symbol>
      <symbol id="sm-487">
         <name>__mspabi_srli_7</name>
         <value>0xe760</value>
         <object_component_ref idref="oc-ba"/>
      </symbol>
      <symbol id="sm-488">
         <name>__mspabi_srli_4</name>
         <value>0xe76c</value>
         <object_component_ref idref="oc-ba"/>
      </symbol>
      <symbol id="sm-489">
         <name>__mspabi_srli_5</name>
         <value>0xe768</value>
         <object_component_ref idref="oc-ba"/>
      </symbol>
      <symbol id="sm-48a">
         <name>__mspabi_srli_2</name>
         <value>0xe774</value>
         <object_component_ref idref="oc-ba"/>
      </symbol>
      <symbol id="sm-48b">
         <name>__mspabi_srli_3</name>
         <value>0xe770</value>
         <object_component_ref idref="oc-ba"/>
      </symbol>
      <symbol id="sm-48c">
         <name>__mspabi_srli_1</name>
         <value>0xe778</value>
         <object_component_ref idref="oc-ba"/>
      </symbol>
      <symbol id="sm-48d">
         <name>__mspabi_srli</name>
         <value>0xe732</value>
         <object_component_ref idref="oc-ba"/>
      </symbol>
      <symbol id="sm-48e">
         <name>__mspabi_srli_15</name>
         <value>0xe740</value>
         <object_component_ref idref="oc-ba"/>
      </symbol>
      <symbol id="sm-48f">
         <name>__mspabi_srli_14</name>
         <value>0xe744</value>
         <object_component_ref idref="oc-ba"/>
      </symbol>
      <symbol id="sm-490">
         <name>__mspabi_srli_13</name>
         <value>0xe748</value>
         <object_component_ref idref="oc-ba"/>
      </symbol>
      <symbol id="sm-491">
         <name>__mspabi_srli_12</name>
         <value>0xe74c</value>
         <object_component_ref idref="oc-ba"/>
      </symbol>
      <symbol id="sm-492">
         <name>__mspabi_srli_11</name>
         <value>0xe750</value>
         <object_component_ref idref="oc-ba"/>
      </symbol>
      <symbol id="sm-493">
         <name>__mspabi_srli_10</name>
         <value>0xe754</value>
         <object_component_ref idref="oc-ba"/>
      </symbol>
      <symbol id="sm-49b">
         <name>__mspabi_srll_8</name>
         <value>0xe656</value>
         <object_component_ref idref="oc-36c"/>
      </symbol>
      <symbol id="sm-49c">
         <name>__mspabi_srll_9</name>
         <value>0xe650</value>
         <object_component_ref idref="oc-36c"/>
      </symbol>
      <symbol id="sm-49d">
         <name>__mspabi_srll_6</name>
         <value>0xe662</value>
         <object_component_ref idref="oc-36c"/>
      </symbol>
      <symbol id="sm-49e">
         <name>__mspabi_srll_7</name>
         <value>0xe65c</value>
         <object_component_ref idref="oc-36c"/>
      </symbol>
      <symbol id="sm-49f">
         <name>__mspabi_srll_4</name>
         <value>0xe66e</value>
         <object_component_ref idref="oc-36c"/>
      </symbol>
      <symbol id="sm-4a0">
         <name>__mspabi_srll_5</name>
         <value>0xe668</value>
         <object_component_ref idref="oc-36c"/>
      </symbol>
      <symbol id="sm-4a1">
         <name>__mspabi_srll_2</name>
         <value>0xe67a</value>
         <object_component_ref idref="oc-36c"/>
      </symbol>
      <symbol id="sm-4a2">
         <name>__mspabi_srll_3</name>
         <value>0xe674</value>
         <object_component_ref idref="oc-36c"/>
      </symbol>
      <symbol id="sm-4a3">
         <name>__mspabi_srll_1</name>
         <value>0xe680</value>
         <object_component_ref idref="oc-36c"/>
      </symbol>
      <symbol id="sm-4a4">
         <name>__mspabi_srll_15</name>
         <value>0xe62c</value>
         <object_component_ref idref="oc-36c"/>
      </symbol>
      <symbol id="sm-4a5">
         <name>__mspabi_srll_14</name>
         <value>0xe632</value>
         <object_component_ref idref="oc-36c"/>
      </symbol>
      <symbol id="sm-4a6">
         <name>__mspabi_srll_13</name>
         <value>0xe638</value>
         <object_component_ref idref="oc-36c"/>
      </symbol>
      <symbol id="sm-4a7">
         <name>__mspabi_srll_12</name>
         <value>0xe63e</value>
         <object_component_ref idref="oc-36c"/>
      </symbol>
      <symbol id="sm-4a8">
         <name>__mspabi_srll_11</name>
         <value>0xe644</value>
         <object_component_ref idref="oc-36c"/>
      </symbol>
      <symbol id="sm-4a9">
         <name>__mspabi_srll_10</name>
         <value>0xe64a</value>
         <object_component_ref idref="oc-36c"/>
      </symbol>
      <symbol id="sm-4b3">
         <name>__mspabi_mpyi_sw</name>
         <value>0xec22</value>
         <object_component_ref idref="oc-1d9"/>
      </symbol>
      <symbol id="sm-4b4">
         <name>__mspabi_mpyi</name>
         <value>0xec22</value>
         <object_component_ref idref="oc-1d9"/>
      </symbol>
      <symbol id="sm-4be">
         <name>__mspabi_mpyl_sw</name>
         <value>0xeace</value>
         <object_component_ref idref="oc-393"/>
      </symbol>
      <symbol id="sm-4bf">
         <name>__mspabi_mpyl</name>
         <value>0xeace</value>
         <object_component_ref idref="oc-393"/>
      </symbol>
      <symbol id="sm-4cf">
         <name>_stack</name>
         <value>0x3b0</value>
         <object_component_ref idref="oc-b1"/>
      </symbol>
      <symbol id="sm-4d0">
         <name>_c_int00_noargs</name>
         <value>0xeb36</value>
         <object_component_ref idref="oc-f9"/>
      </symbol>
      <symbol id="sm-4d1">
         <name>_reset_vector</name>
         <value>0xfffe</value>
         <object_component_ref idref="oc-b4"/>
      </symbol>
      <symbol id="sm-4f3">
         <name>__TI_auto_init_nobinit_nopinit</name>
         <value>0xe852</value>
         <object_component_ref idref="oc-207"/>
      </symbol>
      <symbol id="sm-50b">
         <name>__TI_zero_init_nomemset</name>
         <value>0xebfa</value>
         <object_component_ref idref="oc-e7"/>
      </symbol>
      <symbol id="sm-516">
         <name>_system_pre_init</name>
         <value>0xece6</value>
         <object_component_ref idref="oc-146"/>
      </symbol>
      <symbol id="sm-51f">
         <name>_system_post_cinit</name>
         <value>0xecec</value>
         <object_component_ref idref="oc-339"/>
      </symbol>
      <symbol id="sm-535">
         <name>__TI_decompress_none</name>
         <value>0xec48</value>
         <object_component_ref idref="oc-3a"/>
      </symbol>
      <symbol id="sm-558">
         <name>__TI_decompress_lzss</name>
         <value>0xe4d4</value>
         <object_component_ref idref="oc-34"/>
      </symbol>
      <symbol id="sm-562">
         <name>C$$EXIT</name>
         <value>0xece0</value>
         <object_component_ref idref="oc-1fb"/>
      </symbol>
      <symbol id="sm-563">
         <name>abort</name>
         <value>0xece0</value>
         <object_component_ref idref="oc-1fb"/>
      </symbol>
      <symbol id="sm-573">
         <name>memcpy</name>
         <value>0xec5a</value>
         <object_component_ref idref="oc-cf"/>
      </symbol>
      <symbol id="sm-5cc">
         <name>__TI_printfi_minimal</name>
         <value>0xdf7c</value>
         <object_component_ref idref="oc-2ee"/>
      </symbol>
      <symbol id="sm-5d6">
         <name>__mspabi_remu</name>
         <value>0xebe4</value>
         <object_component_ref idref="oc-433"/>
      </symbol>
      <symbol id="sm-5d7">
         <name>__mspabi_divu</name>
         <value>0xebe4</value>
         <object_component_ref idref="oc-433"/>
      </symbol>
      <symbol id="sm-5f6">
         <name>memccpy</name>
         <value>0xeaf4</value>
         <object_component_ref idref="oc-410"/>
      </symbol>
      <symbol id="sm-604">
         <name>memset</name>
         <value>0xec0e</value>
         <object_component_ref idref="oc-403"/>
      </symbol>
      <symbol id="sm-612">
         <name>strlen</name>
         <value>0xec8c</value>
         <object_component_ref idref="oc-3a8"/>
      </symbol>
   </symbol_table>
   <title>Link successful</title>
</link_info>
